Component: ARM Compiler 5.06 update 5 (build 528) Tool: armlink [4d35e2]

==============================================================================

Section Cross References

    startup_stm32f40_41xxx.o(RESET) refers to startup_stm32f40_41xxx.o(STACK) for __initial_sp
    startup_stm32f40_41xxx.o(RESET) refers to startup_stm32f40_41xxx.o(.text) for Reset_Handler
    startup_stm32f40_41xxx.o(RESET) refers to stm32f4xx_it.o(i.NMI_Handler) for NMI_Handler
    startup_stm32f40_41xxx.o(RESET) refers to stm32f4xx_it.o(i.HardFault_Handler) for HardFault_Handler
    startup_stm32f40_41xxx.o(RESET) refers to stm32f4xx_it.o(i.MemManage_Handler) for MemManage_Handler
    startup_stm32f40_41xxx.o(RESET) refers to stm32f4xx_it.o(i.BusFault_Handler) for BusFault_Handler
    startup_stm32f40_41xxx.o(RESET) refers to stm32f4xx_it.o(i.UsageFault_Handler) for UsageFault_Handler
    startup_stm32f40_41xxx.o(RESET) refers to stm32f4xx_it.o(i.SVC_Handler) for SVC_Handler
    startup_stm32f40_41xxx.o(RESET) refers to stm32f4xx_it.o(i.DebugMon_Handler) for DebugMon_Handler
    startup_stm32f40_41xxx.o(RESET) refers to stm32f4xx_it.o(i.PendSV_Handler) for PendSV_Handler
    startup_stm32f40_41xxx.o(RESET) refers to stm32f4xx_it.o(i.SysTick_Handler) for SysTick_Handler
    startup_stm32f40_41xxx.o(RESET) refers to tim2.o(i.TIM2_IRQHandler) for TIM2_IRQHandler
    startup_stm32f40_41xxx.o(RESET) refers to tim3.o(i.TIM3_IRQHandler) for TIM3_IRQHandler
    startup_stm32f40_41xxx.o(RESET) refers to tim4.o(i.TIM4_IRQHandler) for TIM4_IRQHandler
    startup_stm32f40_41xxx.o(RESET) refers to usart1.o(i.USART1_IRQHandler) for USART1_IRQHandler
    startup_stm32f40_41xxx.o(RESET) refers to usart3.o(i.USART3_IRQHandler) for USART3_IRQHandler
    startup_stm32f40_41xxx.o(RESET) refers to tim8.o(i.TIM8_UP_TIM13_IRQHandler) for TIM8_UP_TIM13_IRQHandler
    startup_stm32f40_41xxx.o(RESET) refers to tim5.o(i.TIM5_IRQHandler) for TIM5_IRQHandler
    startup_stm32f40_41xxx.o(.text) refers to system_stm32f4xx.o(i.SystemInit) for SystemInit
    startup_stm32f40_41xxx.o(.text) refers to entry.o(.ARM.Collect$$$$00000000) for __main
    system_stm32f4xx.o(i.SystemCoreClockUpdate) refers to system_stm32f4xx.o(.data) for SystemCoreClock
    system_stm32f4xx.o(i.SystemInit) refers to system_stm32f4xx.o(i.SetSysClock) for SetSysClock
    stm32f4xx_adc.o(i.ADC_DeInit) refers to stm32f4xx_rcc.o(i.RCC_APB2PeriphResetCmd) for RCC_APB2PeriphResetCmd
    stm32f4xx_can.o(i.CAN_DeInit) refers to stm32f4xx_rcc.o(i.RCC_APB1PeriphResetCmd) for RCC_APB1PeriphResetCmd
    stm32f4xx_can.o(i.CAN_GetITStatus) refers to stm32f4xx_can.o(i.CheckITStatus) for CheckITStatus
    stm32f4xx_cryp.o(i.CRYP_DeInit) refers to stm32f4xx_rcc.o(i.RCC_AHB2PeriphResetCmd) for RCC_AHB2PeriphResetCmd
    stm32f4xx_cryp_aes.o(i.CRYP_AES_CBC) refers to stm32f4xx_cryp.o(i.CRYP_KeyStructInit) for CRYP_KeyStructInit
    stm32f4xx_cryp_aes.o(i.CRYP_AES_CBC) refers to stm32f4xx_cryp.o(i.CRYP_FIFOFlush) for CRYP_FIFOFlush
    stm32f4xx_cryp_aes.o(i.CRYP_AES_CBC) refers to stm32f4xx_cryp.o(i.CRYP_Init) for CRYP_Init
    stm32f4xx_cryp_aes.o(i.CRYP_AES_CBC) refers to stm32f4xx_cryp.o(i.CRYP_KeyInit) for CRYP_KeyInit
    stm32f4xx_cryp_aes.o(i.CRYP_AES_CBC) refers to stm32f4xx_cryp.o(i.CRYP_Cmd) for CRYP_Cmd
    stm32f4xx_cryp_aes.o(i.CRYP_AES_CBC) refers to stm32f4xx_cryp.o(i.CRYP_GetFlagStatus) for CRYP_GetFlagStatus
    stm32f4xx_cryp_aes.o(i.CRYP_AES_CBC) refers to stm32f4xx_cryp.o(i.CRYP_IVInit) for CRYP_IVInit
    stm32f4xx_cryp_aes.o(i.CRYP_AES_CBC) refers to stm32f4xx_cryp.o(i.CRYP_GetCmdStatus) for CRYP_GetCmdStatus
    stm32f4xx_cryp_aes.o(i.CRYP_AES_CBC) refers to stm32f4xx_cryp.o(i.CRYP_DataIn) for CRYP_DataIn
    stm32f4xx_cryp_aes.o(i.CRYP_AES_CBC) refers to stm32f4xx_cryp.o(i.CRYP_DataOut) for CRYP_DataOut
    stm32f4xx_cryp_aes.o(i.CRYP_AES_CCM) refers to stm32f4xx_cryp.o(i.CRYP_KeyStructInit) for CRYP_KeyStructInit
    stm32f4xx_cryp_aes.o(i.CRYP_AES_CCM) refers to stm32f4xx_cryp.o(i.CRYP_FIFOFlush) for CRYP_FIFOFlush
    stm32f4xx_cryp_aes.o(i.CRYP_AES_CCM) refers to stm32f4xx_cryp.o(i.CRYP_KeyInit) for CRYP_KeyInit
    stm32f4xx_cryp_aes.o(i.CRYP_AES_CCM) refers to stm32f4xx_cryp.o(i.CRYP_IVInit) for CRYP_IVInit
    stm32f4xx_cryp_aes.o(i.CRYP_AES_CCM) refers to stm32f4xx_cryp.o(i.CRYP_Init) for CRYP_Init
    stm32f4xx_cryp_aes.o(i.CRYP_AES_CCM) refers to stm32f4xx_cryp.o(i.CRYP_PhaseConfig) for CRYP_PhaseConfig
    stm32f4xx_cryp_aes.o(i.CRYP_AES_CCM) refers to stm32f4xx_cryp.o(i.CRYP_DataIn) for CRYP_DataIn
    stm32f4xx_cryp_aes.o(i.CRYP_AES_CCM) refers to stm32f4xx_cryp.o(i.CRYP_Cmd) for CRYP_Cmd
    stm32f4xx_cryp_aes.o(i.CRYP_AES_CCM) refers to stm32f4xx_cryp.o(i.CRYP_GetCmdStatus) for CRYP_GetCmdStatus
    stm32f4xx_cryp_aes.o(i.CRYP_AES_CCM) refers to stm32f4xx_cryp.o(i.CRYP_GetFlagStatus) for CRYP_GetFlagStatus
    stm32f4xx_cryp_aes.o(i.CRYP_AES_CCM) refers to stm32f4xx_cryp.o(i.CRYP_DataOut) for CRYP_DataOut
[...]
    Library\src\stm32f4xx_rcc.c              0x00000000   Number         0  stm32f4xx_rcc.o ABSOLUTE
    Library\src\stm32f4xx_rng.c              0x00000000   Number         0  stm32f4xx_rng.o ABSOLUTE
    Library\src\stm32f4xx_rtc.c              0x00000000   Number         0  stm32f4xx_rtc.o ABSOLUTE
    Library\src\stm32f4xx_sai.c              0x00000000   Number         0  stm32f4xx_sai.o ABSOLUTE
    Library\src\stm32f4xx_sdio.c             0x00000000   Number         0  stm32f4xx_sdio.o ABSOLUTE
    Library\src\stm32f4xx_spi.c              0x00000000   Number         0  stm32f4xx_spi.o ABSOLUTE
    Library\src\stm32f4xx_syscfg.c           0x00000000   Number         0  stm32f4xx_syscfg.o ABSOLUTE
    Library\src\stm32f4xx_tim.c              0x00000000   Number         0  stm32f4xx_tim.o ABSOLUTE
    Library\src\stm32f4xx_usart.c            0x00000000   Number         0  stm32f4xx_usart.o ABSOLUTE
    Library\src\stm32f4xx_wwdg.c             0x00000000   Number         0  stm32f4xx_wwdg.o ABSOLUTE
    Start\\system_stm32f4xx.c                0x00000000   Number         0  system_stm32f4xx.o ABSOLUTE
    Start\startup_stm32f40_41xxx.s           0x00000000   Number         0  startup_stm32f40_41xxx.o ABSOLUTE
    Start\system_stm32f4xx.c                 0x00000000   Number         0  system_stm32f4xx.o ABSOLUTE
    System\DMA1.c                            0x00000000   Number         0  dma1.o ABSOLUTE
    System\Delay.c                           0x00000000   Number         0  delay.o ABSOLUTE
    System\TIM1.c                            0x00000000   Number         0  tim1.o ABSOLUTE
    System\TIM2.c                            0x00000000   Number         0  tim2.o ABSOLUTE
    System\TIM3.c                            0x00000000   Number         0  tim3.o ABSOLUTE
    System\TIM4.c                            0x00000000   Number         0  tim4.o ABSOLUTE
    System\TIM5.c                            0x00000000   Number         0  tim5.o ABSOLUTE
    System\TIM8.c                            0x00000000   Number         0  tim8.o ABSOLUTE
    System\USART1.c                          0x00000000   Number         0  usart1.o ABSOLUTE
    System\USART3.c                          0x00000000   Number         0  usart3.o ABSOLUTE
    System\\DMA1.c                           0x00000000   Number         0  dma1.o ABSOLUTE
    System\\Delay.c                          0x00000000   Number         0  delay.o ABSOLUTE
    System\\TIM1.c                           0x00000000   Number         0  tim1.o ABSOLUTE
    System\\TIM2.c                           0x00000000   Number         0  tim2.o ABSOLUTE
    System\\TIM3.c                           0x00000000   Number         0  tim3.o ABSOLUTE
    System\\TIM4.c                           0x00000000   Number         0  tim4.o ABSOLUTE
    System\\TIM5.c                           0x00000000   Number         0  tim5.o ABSOLUTE
    System\\TIM8.c                           0x00000000   Number         0  tim8.o ABSOLUTE
    System\\USART1.c                         0x00000000   Number         0  usart1.o ABSOLUTE
    System\\USART3.c                         0x00000000   Number         0  usart3.o ABSOLUTE
    User\\main.c                             0x00000000   Number         0  main.o ABSOLUTE
    User\\stm32f4xx_it.c                     0x00000000   Number         0  stm32f4xx_it.o ABSOLUTE
    User\main.c                              0x00000000   Number         0  main.o ABSOLUTE
    User\stm32f4xx_it.c                      0x00000000   Number         0  stm32f4xx_it.o ABSOLUTE
    cdcmple.s                                0x00000000   Number         0  cdcmple.o ABSOLUTE
    cdrcmple.s                               0x00000000   Number         0  cdrcmple.o ABSOLUTE
    dc.s                                     0x00000000   Number         0  dc.o ABSOLUTE
    handlers.s                               0x00000000   Number         0  handlers.o ABSOLUTE
    init.s                                   0x00000000   Number         0  init.o ABSOLUTE
    RESET                                    0x08000000   Section      392  startup_stm32f40_41xxx.o(RESET)
    .ARM.Collect$$$$00000000                 0x08000188   Section        0  entry.o(.ARM.Collect$$$$00000000)
    .ARM.Collect$$$$00000001                 0x08000188   Section        4  entry2.o(.ARM.Collect$$$$00000001)
    .ARM.Collect$$$$00000004                 0x0800018c   Section        4  entry5.o(.ARM.Collect$$$$00000004)
    .ARM.Collect$$$$00000008                 0x08000190   Section        0  entry7b.o(.ARM.Collect$$$$00000008)
    .ARM.Collect$$$$0000000A                 0x08000190   Section        0  entry8b.o(.ARM.Collect$$$$0000000A)
    .ARM.Collect$$$$0000000B                 0x08000190   Section        8  entry9a.o(.ARM.Collect$$$$0000000B)
    .ARM.Collect$$$$0000000D                 0x08000198   Section        0  entry10a.o(.ARM.Collect$$$$0000000D)
    .ARM.Collect$$$$0000000F                 0x08000198   Section        0  entry11a.o(.ARM.Collect$$$$0000000F)
    .ARM.Collect$$$$00002712                 0x08000198   Section        4  entry2.o(.ARM.Collect$$$$00002712)
    __lit__00000000                          0x08000198   Data           4  entry2.o(.ARM.Collect$$$$00002712)
    .text                                    0x0800019c   Section       36  startup_stm32f40_41xxx.o(.text)
    $v0                                      0x0800019c   Number         0  startup_stm32f40_41xxx.o(.text)
    .text                                    0x080001c0   Section        0  memseta.o(.text)
    .text                                    0x080001e4   Section        0  strstr.o(.text)
    .text                                    0x08000208   Section        0  strncpy.o(.text)
    .text                                    0x08000220   Section        0  strchr.o(.text)
    .text                                    0x08000234   Section        0  dadd.o(.text)
    .text                                    0x08000382   Section        0  f2d.o(.text)
    .text                                    0x080003a8   Section        0  uidiv.o(.text)
    .text                                    0x080003d4   Section        0  uldiv.o(.text)
    .text                                    0x08000436   Section        0  llshl.o(.text)
    .text                                    0x08000454   Section        0  llushr.o(.text)
    .text                                    0x08000474   Section        0  llsshr.o(.text)
    .text                                    0x08000498   Section        0  strtod.o(.text)
    _local_sscanf                            0x08000499   Thumb Code    54  strtod.o(.text)
    .text                                    0x08000534   Section        0  strtof.o(.text)
    .text                                    0x0800054e   Section        0  iusefp.o(.text)
    .text                                    0x0800054e   Section        0  depilogue.o(.text)
    .text                                    0x08000608   Section        0  dmul.o(.text)
    .text                                    0x080006ec   Section        0  ddiv.o(.text)
    .text                                    0x080007ca   Section        0  dfixul.o(.text)
    .text                                    0x080007fc   Section       48  cdrcmple.o(.text)
    .text                                    0x0800082c   Section       36  init.o(.text)
    .text                                    0x08000850   Section        0  isspace_c.o(.text)
    .text                                    0x0800085c   Section        0  scanf_fp.o(.text)
    _fp_value                                0x0800085d   Thumb Code   296  scanf_fp.o(.text)
    .text                                    0x08000bbc   Section        0  _sgetc.o(.text)
    .text                                    0x08000bfc   Section        0  ctype_c.o(.text)
    .text                                    0x08000c24   Section        0  dfltul.o(.text)
    .text                                    0x08000c3c   Section       48  cdcmple.o(.text)
    .text                                    0x08000c6c   Section        0  d2f.o(.text)
    .text                                    0x08000ca4   Section        0  fpstat.o(.text)
    .text                                    0x08000ca8   Section        0  fepilogue.o(.text)
    i.Bluetooth_IRQHandler                   0x08000d18   Section        0  bluetooth.o(i.Bluetooth_IRQHandler)
    Bluetooth_IRQHandler                     0x08000d19   Thumb Code    56  bluetooth.o(i.Bluetooth_IRQHandler)
    i.Bluetooth_Init                         0x08000d5c   Section        0  bluetooth.o(i.Bluetooth_Init)
    i.Bluetooth_SetNum_f                     0x08000e18   Section        0  bluetooth.o(i.Bluetooth_SetNum_f)
    i.Bluetooth_UpdateBuf                    0x08000f84   Section        0  bluetooth.o(i.Bluetooth_UpdateBuf)
    i.BusFault_Handler                       0x08000fb0   Section        0  stm32f4xx_it.o(i.BusFault_Handler)
    i.Controller_Config                      0x08000fb4   Section        0  main.o(i.Controller_Config)
    Controller_Config                        0x08000fb5   Thumb Code    94  main.o(i.Controller_Config)
    i.Conveyor_GetPWM                        0x08001012   Section        0  swic.o(i.Conveyor_GetPWM)
    i.Conveyor_SetPWM                        0x08001038   Section        0  swic.o(i.Conveyor_SetPWM)
    i.Conveyor_Start                         0x0800104c   Section        0  swic.o(i.Conveyor_Start)
    i.Conveyor_Stop                          0x08001060   Section        0  swic.o(i.Conveyor_Stop)
    i.DMA1_Init                              0x08001074   Section        0  dma1.o(i.DMA1_Init)
    i.DMA1_Start                             0x080010fc   Section        0  dma1.o(i.DMA1_Start)
    i.DMA_ClearFlag                          0x08001128   Section        0  stm32f4xx_dma.o(i.DMA_ClearFlag)
    i.DMA_Cmd                                0x0800115c   Section        0  stm32f4xx_dma.o(i.DMA_Cmd)
    i.DMA_DeInit                             0x08001174   Section        0  stm32f4xx_dma.o(i.DMA_DeInit)
    i.DMA_GetCmdStatus                       0x080012cc   Section        0  stm32f4xx_dma.o(i.DMA_GetCmdStatus)
    i.DMA_GetCurrDataCounter                 0x080012e0   Section        0  stm32f4xx_dma.o(i.DMA_GetCurrDataCounter)
    i.DMA_Init                               0x080012e8   Section        0  stm32f4xx_dma.o(i.DMA_Init)
    i.DMA_SetCurrDataCounter                 0x08001340   Section        0  stm32f4xx_dma.o(i.DMA_SetCurrDataCounter)
    i.DebugMon_Handler                       0x08001344   Section        0  stm32f4xx_it.o(i.DebugMon_Handler)
    i.GPIO_Init                              0x08001346   Section        0  stm32f4xx_gpio.o(i.GPIO_Init)
    i.GPIO_PinAFConfig                       0x080013d6   Section        0  stm32f4xx_gpio.o(i.GPIO_PinAFConfig)
    i.GPIO_ReadInputDataBit                  0x0800141c   Section        0  stm32f4xx_gpio.o(i.GPIO_ReadInputDataBit)
    i.GPIO_ReadOutputDataBit                 0x0800142e   Section        0  stm32f4xx_gpio.o(i.GPIO_ReadOutputDataBit)
    i.GPIO_ResetBits                         0x08001440   Section        0  stm32f4xx_gpio.o(i.GPIO_ResetBits)
    i.GPIO_SetBits                           0x08001444   Section        0  stm32f4xx_gpio.o(i.GPIO_SetBits)
    i.HardFault_Handler                      0x08001448   Section        0  stm32f4xx_it.o(i.HardFault_Handler)
    i.IsConnected                            0x0800144c   Section        0  bluetooth.o(i.IsConnected)
    IsConnected                              0x0800144d   Thumb Code    22  bluetooth.o(i.IsConnected)
    i.LED_Init                               0x08001468   Section        0  led.o(i.LED_Init)
    i.LED_Turn                               0x080014a4   Section        0  led.o(i.LED_Turn)
    i.MemManage_Handler                      0x080014d0   Section        0  stm32f4xx_it.o(i.MemManage_Handler)
    i.MotorLeft_GetRemotePWM                 0x080014d4   Section        0  motor.o(i.MotorLeft_GetRemotePWM)
    i.MotorLeft_GetRemotePWM2                0x08001540   Section        0  motor.o(i.MotorLeft_GetRemotePWM2)
    i.MotorLeft_SetPWM                       0x080015d4   Section        0  motor.o(i.MotorLeft_SetPWM)
    i.MotorRight_GetRemotePWM                0x080015f8   Section        0  motor.o(i.MotorRight_GetRemotePWM)
    i.MotorRight_GetRemotePWM2               0x08001664   Section        0  motor.o(i.MotorRight_GetRemotePWM2)
    i.MotorRight_SetPWM                      0x080016f8   Section        0  motor.o(i.MotorRight_SetPWM)
    i.MotorX_GetRemoteOriPWM                 0x0800171c   Section        0  motor.o(i.MotorX_GetRemoteOriPWM)
    i.MotorY_GetRemoteOriPWM                 0x0800172a   Section        0  motor.o(i.MotorY_GetRemoteOriPWM)
    i.Motor_Init                             0x08001738   Section        0  motor.o(i.Motor_Init)
    i.Motor_Start                            0x08001744   Section        0  motor.o(i.Motor_Start)
    i.Motor_Stop                             0x08001760   Section        0  motor.o(i.Motor_Stop)
    i.NMI_Handler                            0x08001788   Section        0  stm32f4xx_it.o(i.NMI_Handler)
    i.NVIC_Init                              0x0800178c   Section        0  misc.o(i.NVIC_Init)
    i.NVIC_PriorityGroupConfig               0x08001804   Section        0  misc.o(i.NVIC_PriorityGroupConfig)
    i.PendSV_Handler                         0x08001818   Section        0  stm32f4xx_it.o(i.PendSV_Handler)
    i.Pump_SetPWM                            0x0800181c   Section        0  swic.o(i.Pump_SetPWM)
    i.Pump_Start                             0x08001830   Section        0  swic.o(i.Pump_Start)
    i.Pump_Stop                              0x08001844   Section        0  swic.o(i.Pump_Stop)
    i.PushrodLeft_SetPWM                     0x08001858   Section        0  pushrod.o(i.PushrodLeft_SetPWM)
    i.PushrodRight_SetPWM                    0x0800186c   Section        0  pushrod.o(i.PushrodRight_SetPWM)
    i.Pushrod_GetRemoteOriPWM                0x08001880   Section        0  pushrod.o(i.Pushrod_GetRemoteOriPWM)
    i.Pushrod_GetRemotePWM                   0x080018a0   Section        0  pushrod.o(i.Pushrod_GetRemotePWM)
    i.Pushrod_Init                           0x080018ac   Section        0  pushrod.o(i.Pushrod_Init)
    i.Pushrod_Start                          0x080018b8   Section        0  pushrod.o(i.Pushrod_Start)
    i.Pushrod_Stop                           0x080018d4   Section        0  pushrod.o(i.Pushrod_Stop)
    i.RCC_AHB1PeriphClockCmd                 0x080018f0   Section        0  stm32f4xx_rcc.o(i.RCC_AHB1PeriphClockCmd)
    i.RCC_APB1PeriphClockCmd                 0x08001910   Section        0  stm32f4xx_rcc.o(i.RCC_APB1PeriphClockCmd)
    i.RCC_APB2PeriphClockCmd                 0x08001930   Section        0  stm32f4xx_rcc.o(i.RCC_APB2PeriphClockCmd)
    i.RCC_GetClocksFreq                      0x08001950   Section        0  stm32f4xx_rcc.o(i.RCC_GetClocksFreq)
    i.SVC_Handler                            0x08001a38   Section        0  stm32f4xx_it.o(i.SVC_Handler)
    i.SWIC1_GetRemoteOriPWM                  0x08001a3c   Section        0  swic.o(i.SWIC1_GetRemoteOriPWM)
    i.SWIC2_GetRemoteOriPWM                  0x08001a4c   Section        0  swic.o(i.SWIC2_GetRemoteOriPWM)
    i.SWIC3_GetRemoteOriPWM                  0x08001a5c   Section        0  swic.o(i.SWIC3_GetRemoteOriPWM)
    i.SWIC4_GetRemoteOriPWM                  0x08001a6c   Section        0  swic.o(i.SWIC4_GetRemoteOriPWM)
    i.SWIC_GetRemoteState                    0x08001a7c   Section        0  swic.o(i.SWIC_GetRemoteState)
    i.SWIC_Init                              0x08001ad8   Section        0  swic.o(i.SWIC_Init)
    i.ServoLeft_SetPWM                       0x08001ae4   Section        0  servo.o(i.ServoLeft_SetPWM)
    i.ServoRight_SetPWM                      0x08001b08   Section        0  servo.o(i.ServoRight_SetPWM)
    i.Servo_GetRemoteOriPWM                  0x08001b2c   Section        0  servo.o(i.Servo_GetRemoteOriPWM)
    i.Servo_GetRemotePWM                     0x08001b3c   Section        0  servo.o(i.Servo_GetRemotePWM)
    i.Servo_Init                             0x08001b8c   Section        0  servo.o(i.Servo_Init)
    i.Servo_Reset                            0x08001b98   Section        0  servo.o(i.Servo_Reset)
    i.Servo_Start                            0x08001bb4   Section        0  servo.o(i.Servo_Start)
    i.SetSysClock                            0x08001bd0   Section        0  system_stm32f4xx.o(i.SetSysClock)
    SetSysClock                              0x08001bd1   Thumb Code   220  system_stm32f4xx.o(i.SetSysClock)
    i.SysTick_Handler                        0x08001cbc   Section        0  stm32f4xx_it.o(i.SysTick_Handler)
    i.SystemInit                             0x08001cc0   Section        0  system_stm32f4xx.o(i.SystemInit)
    i.TI1_Config                             0x08001d28   Section        0  stm32f4xx_tim.o(i.TI1_Config)
    TI1_Config                               0x08001d29   Thumb Code    58  stm32f4xx_tim.o(i.TI1_Config)
    i.TI2_Config                             0x08001d62   Section        0  stm32f4xx_tim.o(i.TI2_Config)
    TI2_Config                               0x08001d63   Thumb Code    80  stm32f4xx_tim.o(i.TI2_Config)
    i.TI3_Config                             0x08001db2   Section        0  stm32f4xx_tim.o(i.TI3_Config)
    TI3_Config                               0x08001db3   Thumb Code    72  stm32f4xx_tim.o(i.TI3_Config)
    i.TI4_Config                             0x08001dfa   Section        0  stm32f4xx_tim.o(i.TI4_Config)
    TI4_Config                               0x08001dfb   Thumb Code    80  stm32f4xx_tim.o(i.TI4_Config)
    i.TIM1_Init                              0x08001e4c   Section        0  tim1.o(i.TIM1_Init)
    i.TIM2_IRQHandler                        0x08001f70   Section        0  tim2.o(i.TIM2_IRQHandler)
    i.TIM2_Init                              0x08001f90   Section        0  tim2.o(i.TIM2_Init)
    i.TIM3_IRQHandler                        0x080020ec   Section        0  tim3.o(i.TIM3_IRQHandler)
    i.TIM3_Init                              0x08002110   Section        0  tim3.o(i.TIM3_Init)
    i.TIM4_IRQHandler                        0x08002250   Section        0  tim4.o(i.TIM4_IRQHandler)
    i.TIM4_Init                              0x08002274   Section        0  tim4.o(i.TIM4_Init)
    i.TIM5_IRQHandler                        0x080023b4   Section        0  tim5.o(i.TIM5_IRQHandler)
    i.TIM5_Init                              0x080023d8   Section        0  tim5.o(i.TIM5_Init)
    i.TIM8_Init                              0x08002514   Section        0  tim8.o(i.TIM8_Init)
    i.TIM8_UP_TIM13_IRQHandler               0x08002638   Section        0  tim8.o(i.TIM8_UP_TIM13_IRQHandler)
    i.TIM_ARRPreloadConfig                   0x08002670   Section        0  stm32f4xx_tim.o(i.TIM_ARRPreloadConfig)
    i.TIM_CCxCmd                             0x08002688   Section        0  stm32f4xx_tim.o(i.TIM_CCxCmd)
    i.TIM_ClearFlag                          0x080026a6   Section        0  stm32f4xx_tim.o(i.TIM_ClearFlag)
    i.TIM_Cmd                                0x080026ac   Section        0  stm32f4xx_tim.o(i.TIM_Cmd)
    i.TIM_CtrlPWMOutputs                     0x080026c4   Section        0  stm32f4xx_tim.o(i.TIM_CtrlPWMOutputs)
    i.TIM_GetCapture2                        0x080026e2   Section        0  stm32f4xx_tim.o(i.TIM_GetCapture2)
    i.TIM_GetCapture4                        0x080026e8   Section        0  stm32f4xx_tim.o(i.TIM_GetCapture4)
    i.TIM_GetFlagStatus                      0x080026ee   Section        0  stm32f4xx_tim.o(i.TIM_GetFlagStatus)
    i.TIM_ICInit                             0x08002700   Section        0  stm32f4xx_tim.o(i.TIM_ICInit)
    i.TIM_ITConfig                           0x0800276e   Section        0  stm32f4xx_tim.o(i.TIM_ITConfig)
    i.TIM_InternalClockConfig                0x08002780   Section        0  stm32f4xx_tim.o(i.TIM_InternalClockConfig)
    i.TIM_OC1Init                            0x0800278c   Section        0  stm32f4xx_tim.o(i.TIM_OC1Init)
    i.TIM_OC1PreloadConfig                   0x08002808   Section        0  stm32f4xx_tim.o(i.TIM_OC1PreloadConfig)
    i.TIM_OC2Init                            0x0800281c   Section        0  stm32f4xx_tim.o(i.TIM_OC2Init)
    i.TIM_OC2PreloadConfig                   0x080028c0   Section        0  stm32f4xx_tim.o(i.TIM_OC2PreloadConfig)
    i.TIM_OC3Init                            0x080028dc   Section        0  stm32f4xx_tim.o(i.TIM_OC3Init)
    i.TIM_OC3PreloadConfig                   0x0800297c   Section        0  stm32f4xx_tim.o(i.TIM_OC3PreloadConfig)
    i.TIM_OC4Init                            0x08002990   Section        0  stm32f4xx_tim.o(i.TIM_OC4Init)
    i.TIM_OC4PreloadConfig                   0x08002a08   Section        0  stm32f4xx_tim.o(i.TIM_OC4PreloadConfig)
    i.TIM_PWMIConfig                         0x08002a22   Section        0  stm32f4xx_tim.o(i.TIM_PWMIConfig)
    i.TIM_SelectInputTrigger                 0x08002a9e   Section        0  stm32f4xx_tim.o(i.TIM_SelectInputTrigger)
    i.TIM_SelectSlaveMode                    0x08002ab0   Section        0  stm32f4xx_tim.o(i.TIM_SelectSlaveMode)
    i.TIM_SetCompare1                        0x08002ac2   Section        0  stm32f4xx_tim.o(i.TIM_SetCompare1)
    i.TIM_SetCompare2                        0x08002ac6   Section        0  stm32f4xx_tim.o(i.TIM_SetCompare2)
    i.TIM_SetCompare3                        0x08002aca   Section        0  stm32f4xx_tim.o(i.TIM_SetCompare3)
    i.TIM_SetCompare4                        0x08002ace   Section        0  stm32f4xx_tim.o(i.TIM_SetCompare4)
    i.TIM_SetCounter                         0x08002ad2   Section        0  stm32f4xx_tim.o(i.TIM_SetCounter)
    i.TIM_SetIC1Prescaler                    0x08002ad6   Section        0  stm32f4xx_tim.o(i.TIM_SetIC1Prescaler)
    i.TIM_SetIC2Prescaler                    0x08002ae8   Section        0  stm32f4xx_tim.o(i.TIM_SetIC2Prescaler)
    i.TIM_SetIC3Prescaler                    0x08002b02   Section        0  stm32f4xx_tim.o(i.TIM_SetIC3Prescaler)
    i.TIM_SetIC4Prescaler                    0x08002b14   Section        0  stm32f4xx_tim.o(i.TIM_SetIC4Prescaler)
    i.TIM_TimeBaseInit                       0x08002b30   Section        0  stm32f4xx_tim.o(i.TIM_TimeBaseInit)
    i.USART1_Config                          0x08002bb4   Section        0  usart1.o(i.USART1_Config)
    i.USART1_IRQHandler                      0x08002c78   Section        0  usart1.o(i.USART1_IRQHandler)
    i.USART3_Config                          0x08002cc0   Section        0  usart3.o(i.USART3_Config)
    i.USART3_IRQHandler                      0x08002d88   Section        0  usart3.o(i.USART3_IRQHandler)
    i.USART3_SetHandler                      0x08002d98   Section        0  usart3.o(i.USART3_SetHandler)
    i.USART_ClearFlag                        0x08002da4   Section        0  stm32f4xx_usart.o(i.USART_ClearFlag)
    i.USART_ClearITPendingBit                0x08002db6   Section        0  stm32f4xx_usart.o(i.USART_ClearITPendingBit)
    i.USART_Cmd                              0x08002dd4   Section        0  stm32f4xx_usart.o(i.USART_Cmd)
    i.USART_DMACmd                           0x08002dec   Section        0  stm32f4xx_usart.o(i.USART_DMACmd)
    i.USART_GetFlagStatus                    0x08002dfe   Section        0  stm32f4xx_usart.o(i.USART_GetFlagStatus)
    i.USART_GetITStatus                      0x08002e18   Section        0  stm32f4xx_usart.o(i.USART_GetITStatus)
    i.USART_ITConfig                         0x08002e6c   Section        0  stm32f4xx_usart.o(i.USART_ITConfig)
    i.USART_Init                             0x08002eb8   Section        0  stm32f4xx_usart.o(i.USART_Init)
    i.USART_ReceiveData                      0x08002f8c   Section        0  stm32f4xx_usart.o(i.USART_ReceiveData)
    i.USART_SendData                         0x08002f96   Section        0  stm32f4xx_usart.o(i.USART_SendData)
    i.UsageFault_Handler                     0x08002f9e   Section        0  stm32f4xx_it.o(i.UsageFault_Handler)
    i.__0printf                              0x08002fa4   Section        0  printfa.o(i.__0printf)
    i.__hardfp___mathlib_tofloat             0x08002fc8   Section        0  narrow.o(i.__hardfp___mathlib_tofloat)
    i.__hardfp_strtof                        0x080030c0   Section        0  strtof.o(i.__hardfp_strtof)
    i.__mathlib_narrow                       0x080030e0   Section        0  narrow.o(i.__mathlib_narrow)
    i.__scatterload_copy                     0x080030f2   Section       14  handlers.o(i.__scatterload_copy)
    i.__scatterload_null                     0x08003100   Section        2  handlers.o(i.__scatterload_null)
    i.__scatterload_zeroinit                 0x08003102   Section       14  handlers.o(i.__scatterload_zeroinit)
    i.__set_errno                            0x08003110   Section        0  errno.o(i.__set_errno)
    i._fp_digits                             0x0800311c   Section        0  printfa.o(i._fp_digits)
    _fp_digits                               0x0800311d   Thumb Code   366  printfa.o(i._fp_digits)
    i._is_digit                              0x080032a0   Section        0  scanf_fp.o(i._is_digit)
    i._printf_core                           0x080032b0   Section        0  printfa.o(i._printf_core)
    _printf_core                             0x080032b1   Thumb Code  1744  printfa.o(i._printf_core)
    i._printf_post_padding                   0x0800398c   Section        0  printfa.o(i._printf_post_padding)
    _printf_post_padding                     0x0800398d   Thumb Code    36  printfa.o(i._printf_post_padding)
    i._printf_pre_padding                    0x080039b0   Section        0  printfa.o(i._printf_pre_padding)
    _printf_pre_padding                      0x080039b1   Thumb Code    46  printfa.o(i._printf_pre_padding)
    i.fputc                                  0x080039e0   Section        0  usart3.o(i.fputc)
    i.frexp                                  0x08003a08   Section        0  frexp.o(i.frexp)
    i.main                                   0x08003a94   Section        0  main.o(i.main)
    .constdata                               0x08003be4   Section       64  ctype_c.o(.constdata)
    .conststring                             0x08003c24   Section       78  bluetooth.o(.conststring)
    .data                                    0x20000000   Section       16  stm32f4xx_rcc.o(.data)
    APBAHBPrescTable                         0x20000000   Data          16  stm32f4xx_rcc.o(.data)
    .data                                    0x20000010   Section       12  bluetooth.o(.data)
    Bluetooth                                0x20000014   Data           8  bluetooth.o(.data)
    .data                                    0x2000001c   Section        2  usart1.o(.data)
    .data                                    0x20000020   Section        4  tim8.o(.data)
    num                                      0x20000020   Data           4  tim8.o(.data)
    .data                                    0x20000024   Section        4  usart3.o(.data)
    .data                                    0x20000028   Section      100  dma1.o(.data)
    .data                                    0x2000008c   Section        4  stdout.o(.data)
    .data                                    0x20000090   Section        4  errno.o(.data)
    _errno                                   0x20000090   Data           4  errno.o(.data)
    .bss                                     0x20000094   Section      200  bluetooth.o(.bss)
    temp_string                              0x20000094   Data         100  bluetooth.o(.bss)
    temp_string                              0x200000f8   Data         100  bluetooth.o(.bss)
    .bss                                     0x2000015c   Section       36  main.o(.bss)
    STACK                                    0x20000180   Section     1024  startup_stm32f40_41xxx.o(STACK)

    Global Symbols

    Symbol Name                              Value     Ov Type        Size  Object(Section)

    BuildAttributes$$THM_ISAv4$E$P$D$K$B$S$7EM$VFPi3$EXTD16$VFPS$VFMA$PE$A:L22UL41UL21$X:L11$S22US41US21$IEEE1$IW$USESV6$~STKCKD$USESV7$~SHL$OTIME$ROPI$IEEEJ$EBA8$MICROLIB$REQ8$PRES8$EABIv2 0x00000000   Number         0  anon$$obj.o ABSOLUTE
    __ARM_use_no_argv                        0x00000000   Number         0  main.o ABSOLUTE
    _printf_a                                0x00000000   Number         0  stubs.o ABSOLUTE
    _printf_c                                0x00000000   Number         0  stubs.o ABSOLUTE
    _printf_charcount                        0x00000000   Number         0  stubs.o ABSOLUTE
    _printf_d                                0x00000000   Number         0  stubs.o ABSOLUTE
    _printf_e                                0x00000000   Number         0  stubs.o ABSOLUTE
    _printf_f                                0x00000000   Number         0  stubs.o ABSOLUTE
    _printf_flags                            0x00000000   Number         0  stubs.o ABSOLUTE
    _printf_fp_dec                           0x00000000   Number         0  stubs.o ABSOLUTE
    _printf_fp_hex                           0x00000000   Number         0  stubs.o ABSOLUTE
    _printf_g                                0x00000000   Number         0  stubs.o ABSOLUTE
    _printf_i                                0x00000000   Number         0  stubs.o ABSOLUTE
    _printf_int_dec                          0x00000000   Number         0  stubs.o ABSOLUTE
    _printf_l                                0x00000000   Number         0  stubs.o ABSOLUTE
    _printf_lc                               0x00000000   Number         0  stubs.o ABSOLUTE
    _printf_ll                               0x00000000   Number         0  stubs.o ABSOLUTE
    _printf_lld                              0x00000000   Number         0  stubs.o ABSOLUTE
    _printf_lli                              0x00000000   Number         0  stubs.o ABSOLUTE
    _printf_llo                              0x00000000   Number         0  stubs.o ABSOLUTE
    _printf_llu                              0x00000000   Number         0  stubs.o ABSOLUTE
    _printf_llx                              0x00000000   Number         0  stubs.o ABSOLUTE
    _printf_longlong_dec                     0x00000000   Number         0  stubs.o ABSOLUTE
    _printf_longlong_hex                     0x00000000   Number         0  stubs.o ABSOLUTE
    _printf_longlong_oct                     0x00000000   Number         0  stubs.o ABSOLUTE
    _printf_ls                               0x00000000   Number         0  stubs.o ABSOLUTE
    _printf_mbtowc                           0x00000000   Number         0  stubs.o ABSOLUTE
    _printf_n                                0x00000000   Number         0  stubs.o ABSOLUTE
    _printf_o                                0x00000000   Number         0  stubs.o ABSOLUTE
    _printf_p                                0x00000000   Number         0  stubs.o ABSOLUTE
    _printf_percent                          0x00000000   Number         0  stubs.o ABSOLUTE
    _printf_pre_padding                      0x00000000   Number         0  stubs.o ABSOLUTE
    _printf_return_value                     0x00000000   Number         0  stubs.o ABSOLUTE
    _printf_s                                0x00000000   Number         0  stubs.o ABSOLUTE
    _printf_sizespec                         0x00000000   Number         0  stubs.o ABSOLUTE
    _printf_str                              0x00000000   Number         0  stubs.o ABSOLUTE
    _printf_truncate_signed                  0x00000000   Number         0  stubs.o ABSOLUTE
    _printf_truncate_unsigned                0x00000000   Number         0  stubs.o ABSOLUTE
    _printf_u                                0x00000000   Number         0  stubs.o ABSOLUTE
    _printf_wc                               0x00000000   Number         0  stubs.o ABSOLUTE
    _printf_wctomb                           0x00000000   Number         0  stubs.o ABSOLUTE
    _printf_widthprec                        0x00000000   Number         0  stubs.o ABSOLUTE
    _printf_x                                0x00000000   Number         0  stubs.o ABSOLUTE
    __cpp_initialize__aeabi_                  - Undefined Weak Reference
    __cxa_finalize                            - Undefined Weak Reference
    __decompress                              - Undefined Weak Reference
    _clock_init                               - Undefined Weak Reference
    _microlib_exit                            - Undefined Weak Reference
    __Vectors_Size                           0x00000188   Number         0  startup_stm32f40_41xxx.o ABSOLUTE
    __Vectors                                0x08000000   Data           4  startup_stm32f40_41xxx.o(RESET)
    __Vectors_End                            0x08000188   Data           0  startup_stm32f40_41xxx.o(RESET)
    __main                                   0x08000189   Thumb Code     0  entry.o(.ARM.Collect$$$$00000000)
    _main_stk                                0x08000189   Thumb Code     0  entry2.o(.ARM.Collect$$$$00000001)
    _main_scatterload                        0x0800018d   Thumb Code     0  entry5.o(.ARM.Collect$$$$00000004)
    __main_after_scatterload                 0x08000191   Thumb Code     0  entry5.o(.ARM.Collect$$$$00000004)
    _main_clock                              0x08000191   Thumb Code     0  entry7b.o(.ARM.Collect$$$$00000008)
    _main_cpp_init                           0x08000191   Thumb Code     0  entry8b.o(.ARM.Collect$$$$0000000A)
    _main_init                               0x08000191   Thumb Code     0  entry9a.o(.ARM.Collect$$$$0000000B)
    __rt_final_cpp                           0x08000199   Thumb Code     0  entry10a.o(.ARM.Collect$$$$0000000D)
    __rt_final_exit                          0x08000199   Thumb Code     0  entry11a.o(.ARM.Collect$$$$0000000F)
    Reset_Handler                            0x0800019d   Thumb Code     8  startup_stm32f40_41xxx.o(.text)
    ADC_IRQHandler                           0x080001b7   Thumb Code     0  startup_stm32f40_41xxx.o(.text)
    CAN1_RX0_IRQHandler                      0x080001b7   Thumb Code     0  startup_stm32f40_41xxx.o(.text)
    CAN1_RX1_IRQHandler                      0x080001b7   Thumb Code     0  startup_stm32f40_41xxx.o(.text)
    CAN1_SCE_IRQHandler                      0x080001b7   Thumb Code     0  startup_stm32f40_41xxx.o(.text)
    CAN1_TX_IRQHandler                       0x080001b7   Thumb Code     0  startup_stm32f40_41xxx.o(.text)
    CAN2_RX0_IRQHandler                      0x080001b7   Thumb Code     0  startup_stm32f40_41xxx.o(.text)
    CAN2_RX1_IRQHandler                      0x080001b7   Thumb Code     0  startup_stm32f40_41xxx.o(.text)
    CAN2_SCE_IRQHandler                      0x080001b7   Thumb Code     0  startup_stm32f40_41xxx.o(.text)
    CAN2_TX_IRQHandler                       0x080001b7   Thumb Code     0  startup_stm32f40_41xxx.o(.text)
    CRYP_IRQHandler                          0x080001b7   Thumb Code     0  startup_stm32f40_41xxx.o(.text)
    DCMI_IRQHandler                          0x080001b7   Thumb Code     0  startup_stm32f40_41xxx.o(.text)
    DMA1_Stream0_IRQHandler                  0x080001b7   Thumb Code     0  startup_stm32f40_41xxx.o(.text)
    DMA1_Stream1_IRQHandler                  0x080001b7   Thumb Code     0  startup_stm32f40_41xxx.o(.text)
    DMA1_Stream2_IRQHandler                  0x080001b7   Thumb Code     0  startup_stm32f40_41xxx.o(.text)
    DMA1_Stream3_IRQHandler                  0x080001b7   Thumb Code     0  startup_stm32f40_41xxx.o(.text)
    DMA1_Stream4_IRQHandler                  0x080001b7   Thumb Code     0  startup_stm32f40_41xxx.o(.text)
    DMA1_Stream5_IRQHandler                  0x080001b7   Thumb Code     0  startup_stm32f40_41xxx.o(.text)
    DMA1_Stream6_IRQHandler                  0x080001b7   Thumb Code     0  startup_stm32f40_41xxx.o(.text)
    DMA1_Stream7_IRQHandler                  0x080001b7   Thumb Code     0  startup_stm32f40_41xxx.o(.text)
    DMA2_Stream0_IRQHandler                  0x080001b7   Thumb Code     0  startup_stm32f40_41xxx.o(.text)
    DMA2_Stream1_IRQHandler                  0x080001b7   Thumb Code     0  startup_stm32f40_41xxx.o(.text)
    DMA2_Stream2_IRQHandler                  0x080001b7   Thumb Code     0  startup_stm32f40_41xxx.o(.text)
    DMA2_Stream3_IRQHandler                  0x080001b7   Thumb Code     0  startup_stm32f40_41xxx.o(.text)
    DMA2_Stream4_IRQHandler                  0x080001b7   Thumb Code     0  startup_stm32f40_41xxx.o(.text)
    DMA2_Stream5_IRQHandler                  0x080001b7   Thumb Code     0  startup_stm32f40_41xxx.o(.text)
    DMA2_Stream6_IRQHandler                  0x080001b7   Thumb Code     0  startup_stm32f40_41xxx.o(.text)
    DMA2_Stream7_IRQHandler                  0x080001b7   Thumb Code     0  startup_stm32f40_41xxx.o(.text)
    ETH_IRQHandler                           0x080001b7   Thumb Code     0  startup_stm32f40_41xxx.o(.text)
    ETH_WKUP_IRQHandler                      0x080001b7   Thumb Code     0  startup_stm32f40_41xxx.o(.text)
    EXTI0_IRQHandler                         0x080001b7   Thumb Code     0  startup_stm32f40_41xxx.o(.text)
    EXTI15_10_IRQHandler                     0x080001b7   Thumb Code     0  startup_stm32f40_41xxx.o(.text)
    EXTI1_IRQHandler                         0x080001b7   Thumb Code     0  startup_stm32f40_41xxx.o(.text)
    EXTI2_IRQHandler                         0x080001b7   Thumb Code     0  startup_stm32f40_41xxx.o(.text)
    EXTI3_IRQHandler                         0x080001b7   Thumb Code     0  startup_stm32f40_41xxx.o(.text)
    EXTI4_IRQHandler                         0x080001b7   Thumb Code     0  startup_stm32f40_41xxx.o(.text)
    EXTI9_5_IRQHandler                       0x080001b7   Thumb Code     0  startup_stm32f40_41xxx.o(.text)
    FLASH_IRQHandler                         0x080001b7   Thumb Code     0  startup_stm32f40_41xxx.o(.text)
    FPU_IRQHandler                           0x080001b7   Thumb Code     0  startup_stm32f40_41xxx.o(.text)
    FSMC_IRQHandler                          0x080001b7   Thumb Code     0  startup_stm32f40_41xxx.o(.text)
    HASH_RNG_IRQHandler                      0x080001b7   Thumb Code     0  startup_stm32f40_41xxx.o(.text)
    I2C1_ER_IRQHandler                       0x080001b7   Thumb Code     0  startup_stm32f40_41xxx.o(.text)
    I2C1_EV_IRQHandler                       0x080001b7   Thumb Code     0  startup_stm32f40_41xxx.o(.text)
    I2C2_ER_IRQHandler                       0x080001b7   Thumb Code     0  startup_stm32f40_41xxx.o(.text)
    I2C2_EV_IRQHandler                       0x080001b7   Thumb Code     0  startup_stm32f40_41xxx.o(.text)
    I2C3_ER_IRQHandler                       0x080001b7   Thumb Code     0  startup_stm32f40_41xxx.o(.text)
    I2C3_EV_IRQHandler                       0x080001b7   Thumb Code     0  startup_stm32f40_41xxx.o(.text)
    OTG_FS_IRQHandler                        0x080001b7   Thumb Code     0  startup_stm32f40_41xxx.o(.text)
    OTG_FS_WKUP_IRQHandler                   0x080001b7   Thumb Code     0  startup_stm32f40_41xxx.o(.text)
    OTG_HS_EP1_IN_IRQHandler                 0x080001b7   Thumb Code     0  startup_stm32f40_41xxx.o(.text)
    OTG_HS_EP1_OUT_IRQHandler                0x080001b7   Thumb Code     0  startup_stm32f40_41xxx.o(.text)
    OTG_HS_IRQHandler                        0x080001b7   Thumb Code     0  startup_stm32f40_41xxx.o(.text)
    OTG_HS_WKUP_IRQHandler                   0x080001b7   Thumb Code     0  startup_stm32f40_41xxx.o(.text)
    PVD_IRQHandler                           0x080001b7   Thumb Code     0  startup_stm32f40_41xxx.o(.text)
    RCC_IRQHandler                           0x080001b7   Thumb Code     0  startup_stm32f40_41xxx.o(.text)
    RTC_Alarm_IRQHandler                     0x080001b7   Thumb Code     0  startup_stm32f40_41xxx.o(.text)
    RTC_WKUP_IRQHandler                      0x080001b7   Thumb Code     0  startup_stm32f40_41xxx.o(.text)
    SDIO_IRQHandler                          0x080001b7   Thumb Code     0  startup_stm32f40_41xxx.o(.text)
    SPI1_IRQHandler                          0x080001b7   Thumb Code     0  startup_stm32f40_41xxx.o(.text)
    SPI2_IRQHandler                          0x080001b7   Thumb Code     0  startup_stm32f40_41xxx.o(.text)
    SPI3_IRQHandler                          0x080001b7   Thumb Code     0  startup_stm32f40_41xxx.o(.text)
    TAMP_STAMP_IRQHandler                    0x080001b7   Thumb Code     0  startup_stm32f40_41xxx.o(.text)
    TIM1_BRK_TIM9_IRQHandler                 0x080001b7   Thumb Code     0  startup_stm32f40_41xxx.o(.text)
    TIM1_CC_IRQHandler                       0x080001b7   Thumb Code     0  startup_stm32f40_41xxx.o(.text)
    TIM1_TRG_COM_TIM11_IRQHandler            0x080001b7   Thumb Code     0  startup_stm32f40_41xxx.o(.text)
    TIM1_UP_TIM10_IRQHandler                 0x080001b7   Thumb Code     0  startup_stm32f40_41xxx.o(.text)
    TIM6_DAC_IRQHandler                      0x080001b7   Thumb Code     0  startup_stm32f40_41xxx.o(.text)
    TIM7_IRQHandler                          0x080001b7   Thumb Code     0  startup_stm32f40_41xxx.o(.text)
    TIM8_BRK_TIM12_IRQHandler                0x080001b7   Thumb Code     0  startup_stm32f40_41xxx.o(.text)
    TIM8_CC_IRQHandler                       0x080001b7   Thumb Code     0  startup_stm32f40_41xxx.o(.text)
    TIM8_TRG_COM_TIM14_IRQHandler            0x080001b7   Thumb Code     0  startup_stm32f40_41xxx.o(.text)
    UART4_IRQHandler                         0x080001b7   Thumb Code     0  startup_stm32f40_41xxx.o(.text)
    UART5_IRQHandler                         0x080001b7   Thumb Code     0  startup_stm32f40_41xxx.o(.text)
    USART2_IRQHandler                        0x080001b7   Thumb Code     0  startup_stm32f40_41xxx.o(.text)
    USART6_IRQHandler                        0x080001b7   Thumb Code     0  startup_stm32f40_41xxx.o(.text)
    WWDG_IRQHandler                          0x080001b7   Thumb Code     0  startup_stm32f40_41xxx.o(.text)
    __aeabi_memset                           0x080001c1   Thumb Code    14  memseta.o(.text)
    __aeabi_memset4                          0x080001c1   Thumb Code     0  memseta.o(.text)
    __aeabi_memset8                          0x080001c1   Thumb Code     0  memseta.o(.text)
    __aeabi_memclr                           0x080001cf   Thumb Code     4  memseta.o(.text)
    __aeabi_memclr4                          0x080001cf   Thumb Code     0  memseta.o(.text)
    __aeabi_memclr8                          0x080001cf   Thumb Code     0  memseta.o(.text)
    _memset$wrapper                          0x080001d3   Thumb Code    18  memseta.o(.text)
    strstr                                   0x080001e5   Thumb Code    36  strstr.o(.text)
    strncpy                                  0x08000209   Thumb Code    24  strncpy.o(.text)
    strchr                                   0x08000221   Thumb Code    20  strchr.o(.text)
    __aeabi_dadd                             0x08000235   Thumb Code   322  dadd.o(.text)
    __aeabi_dsub                             0x08000377   Thumb Code     6  dadd.o(.text)
    __aeabi_drsub                            0x0800037d   Thumb Code     6  dadd.o(.text)
    __aeabi_f2d                              0x08000383   Thumb Code    38  f2d.o(.text)
    __aeabi_uidiv                            0x080003a9   Thumb Code     0  uidiv.o(.text)
    __aeabi_uidivmod                         0x080003a9   Thumb Code    44  uidiv.o(.text)
    __aeabi_uldivmod                         0x080003d5   Thumb Code    98  uldiv.o(.text)
    __aeabi_llsl                             0x08000437   Thumb Code    30  llshl.o(.text)
    _ll_shift_l                              0x08000437   Thumb Code     0  llshl.o(.text)
    __aeabi_llsr                             0x08000455   Thumb Code    32  llushr.o(.text)
    _ll_ushift_r                             0x08000455   Thumb Code     0  llushr.o(.text)
    __aeabi_lasr                             0x08000475   Thumb Code    36  llsshr.o(.text)
    _ll_sshift_r                             0x08000475   Thumb Code     0  llsshr.o(.text)
    __strtod_int                             0x080004cf   Thumb Code    90  strtod.o(.text)
    __strtof_int                             0x08000535   Thumb Code    26  strtof.o(.text)
    __I$use$fp                               0x0800054f   Thumb Code     0  iusefp.o(.text)
    _double_round                            0x0800054f   Thumb Code    30  depilogue.o(.text)
    _double_epilogue                         0x0800056d   Thumb Code   156  depilogue.o(.text)
    __aeabi_dmul                             0x08000609   Thumb Code   228  dmul.o(.text)
    __aeabi_ddiv                             0x080006ed   Thumb Code   222  ddiv.o(.text)
    __aeabi_d2ulz                            0x080007cb   Thumb Code    48  dfixul.o(.text)
    __aeabi_cdrcmple                         0x080007fd   Thumb Code    48  cdrcmple.o(.text)
    __scatterload                            0x0800082d   Thumb Code    28  init.o(.text)
    __scatterload_rt2                        0x0800082d   Thumb Code     0  init.o(.text)
    isspace                                  0x08000851   Thumb Code    10  isspace_c.o(.text)
    _scanf_real                              0x08000985   Thumb Code     0  scanf_fp.o(.text)
    _scanf_really_real                       0x08000985   Thumb Code   556  scanf_fp.o(.text)
    _sgetc                                   0x08000bbd   Thumb Code    30  _sgetc.o(.text)
    _sbackspace                              0x08000bdb   Thumb Code    34  _sgetc.o(.text)
    __ctype_lookup                           0x08000bfd   Thumb Code    34  ctype_c.o(.text)
    __aeabi_ul2d                             0x08000c25   Thumb Code    24  dfltul.o(.text)
    __aeabi_cdcmpeq                          0x08000c3d   Thumb Code     0  cdcmple.o(.text)
    __aeabi_cdcmple                          0x08000c3d   Thumb Code    48  cdcmple.o(.text)
    __aeabi_d2f                              0x08000c6d   Thumb Code    56  d2f.o(.text)
    __fp_status                              0x08000ca5   Thumb Code     4  fpstat.o(.text)
    __ieee_status                            0x08000ca5   Thumb Code     0  fpstat.o(.text)
    _float_round                             0x08000ca9   Thumb Code    18  fepilogue.o(.text)
    _float_epilogue                          0x08000cbb   Thumb Code    92  fepilogue.o(.text)
    Bluetooth_Init                           0x08000d5d   Thumb Code   146  bluetooth.o(i.Bluetooth_Init)
    Bluetooth_SetNum_f                       0x08000e19   Thumb Code   276  bluetooth.o(i.Bluetooth_SetNum_f)
    Bluetooth_UpdateBuf                      0x08000f85   Thumb Code    30  bluetooth.o(i.Bluetooth_UpdateBuf)
    BusFault_Handler                         0x08000fb1   Thumb Code     4  stm32f4xx_it.o(i.BusFault_Handler)
    Conveyor_GetPWM                          0x08001013   Thumb Code    38  swic.o(i.Conveyor_GetPWM)
    Conveyor_SetPWM                          0x08001039   Thumb Code    14  swic.o(i.Conveyor_SetPWM)
    Conveyor_Start                           0x0800104d   Thumb Code    14  swic.o(i.Conveyor_Start)
    Conveyor_Stop                            0x08001061   Thumb Code    14  swic.o(i.Conveyor_Stop)
    DMA1_Init                                0x08001075   Thumb Code   122  dma1.o(i.DMA1_Init)
    DMA1_Start                               0x080010fd   Thumb Code    38  dma1.o(i.DMA1_Start)
    DMA_ClearFlag                            0x08001129   Thumb Code    38  stm32f4xx_dma.o(i.DMA_ClearFlag)
    DMA_Cmd                                  0x0800115d   Thumb Code    22  stm32f4xx_dma.o(i.DMA_Cmd)
    DMA_DeInit                               0x08001175   Thumb Code   324  stm32f4xx_dma.o(i.DMA_DeInit)
    DMA_GetCmdStatus                         0x080012cd   Thumb Code    20  stm32f4xx_dma.o(i.DMA_GetCmdStatus)
    DMA_GetCurrDataCounter                   0x080012e1   Thumb Code     8  stm32f4xx_dma.o(i.DMA_GetCurrDataCounter)
    DMA_Init                                 0x080012e9   Thumb Code    82  stm32f4xx_dma.o(i.DMA_Init)
    DMA_SetCurrDataCounter                   0x08001341   Thumb Code     4  stm32f4xx_dma.o(i.DMA_SetCurrDataCounter)
    DebugMon_Handler                         0x08001345   Thumb Code     2  stm32f4xx_it.o(i.DebugMon_Handler)
    GPIO_Init                                0x08001347   Thumb Code   144  stm32f4xx_gpio.o(i.GPIO_Init)
    GPIO_PinAFConfig                         0x080013d7   Thumb Code    70  stm32f4xx_gpio.o(i.GPIO_PinAFConfig)
    GPIO_ReadInputDataBit                    0x0800141d   Thumb Code    18  stm32f4xx_gpio.o(i.GPIO_ReadInputDataBit)
    GPIO_ReadOutputDataBit                   0x0800142f   Thumb Code    18  stm32f4xx_gpio.o(i.GPIO_ReadOutputDataBit)
    GPIO_ResetBits                           0x08001441   Thumb Code     4  stm32f4xx_gpio.o(i.GPIO_ResetBits)
    GPIO_SetBits                             0x08001445   Thumb Code     4  stm32f4xx_gpio.o(i.GPIO_SetBits)
    HardFault_Handler                        0x08001449   Thumb Code     4  stm32f4xx_it.o(i.HardFault_Handler)
    LED_Init                                 0x08001469   Thumb Code    54  led.o(i.LED_Init)
    LED_Turn                                 0x080014a5   Thumb Code    38  led.o(i.LED_Turn)
    MemManage_Handler                        0x080014d1   Thumb Code     4  stm32f4xx_it.o(i.MemManage_Handler)
    MotorLeft_GetRemotePWM                   0x080014d5   Thumb Code   108  motor.o(i.MotorLeft_GetRemotePWM)
    MotorLeft_GetRemotePWM2                  0x08001541   Thumb Code   134  motor.o(i.MotorLeft_GetRemotePWM2)
    MotorLeft_SetPWM                         0x080015d5   Thumb Code    32  motor.o(i.MotorLeft_SetPWM)
    MotorRight_GetRemotePWM                  0x080015f9   Thumb Code   106  motor.o(i.MotorRight_GetRemotePWM)
    MotorRight_GetRemotePWM2                 0x08001665   Thumb Code   134  motor.o(i.MotorRight_GetRemotePWM2)
    MotorRight_SetPWM                        0x080016f9   Thumb Code    32  motor.o(i.MotorRight_SetPWM)
    MotorX_GetRemoteOriPWM                   0x0800171d   Thumb Code    14  motor.o(i.MotorX_GetRemoteOriPWM)
    MotorY_GetRemoteOriPWM                   0x0800172b   Thumb Code    14  motor.o(i.MotorY_GetRemoteOriPWM)
    Motor_Init                               0x08001739   Thumb Code    12  motor.o(i.Motor_Init)
    Motor_Start                              0x08001745   Thumb Code    24  motor.o(i.Motor_Start)
    Motor_Stop                               0x08001761   Thumb Code    36  motor.o(i.Motor_Stop)
    NMI_Handler                              0x08001789   Thumb Code     2  stm32f4xx_it.o(i.NMI_Handler)
    NVIC_Init                                0x0800178d   Thumb Code   106  misc.o(i.NVIC_Init)
    NVIC_PriorityGroupConfig                 0x08001805   Thumb Code    10  misc.o(i.NVIC_PriorityGroupConfig)
    PendSV_Handler                           0x08001819   Thumb Code     2  stm32f4xx_it.o(i.PendSV_Handler)
    Pump_SetPWM                              0x0800181d   Thumb Code    14  swic.o(i.Pump_SetPWM)
    Pump_Start                               0x08001831   Thumb Code    14  swic.o(i.Pump_Start)
    Pump_Stop                                0x08001845   Thumb Code    14  swic.o(i.Pump_Stop)
    PushrodLeft_SetPWM                       0x08001859   Thumb Code    14  pushrod.o(i.PushrodLeft_SetPWM)
    PushrodRight_SetPWM                      0x0800186d   Thumb Code    14  pushrod.o(i.PushrodRight_SetPWM)
    Pushrod_GetRemoteOriPWM                  0x08001881   Thumb Code    26  pushrod.o(i.Pushrod_GetRemoteOriPWM)
    Pushrod_GetRemotePWM                     0x080018a1   Thumb Code    12  pushrod.o(i.Pushrod_GetRemotePWM)
    Pushrod_Init                             0x080018ad   Thumb Code    12  pushrod.o(i.Pushrod_Init)
    Pushrod_Start                            0x080018b9   Thumb Code    24  pushrod.o(i.Pushrod_Start)
    Pushrod_Stop                             0x080018d5   Thumb Code    24  pushrod.o(i.Pushrod_Stop)
    RCC_AHB1PeriphClockCmd                   0x080018f1   Thumb Code    26  stm32f4xx_rcc.o(i.RCC_AHB1PeriphClockCmd)
    RCC_APB1PeriphClockCmd                   0x08001911   Thumb Code    26  stm32f4xx_rcc.o(i.RCC_APB1PeriphClockCmd)
    RCC_APB2PeriphClockCmd                   0x08001931   Thumb Code    26  stm32f4xx_rcc.o(i.RCC_APB2PeriphClockCmd)
    RCC_GetClocksFreq                        0x08001951   Thumb Code   214  stm32f4xx_rcc.o(i.RCC_GetClocksFreq)
    SVC_Handler                              0x08001a39   Thumb Code     2  stm32f4xx_it.o(i.SVC_Handler)
    SWIC1_GetRemoteOriPWM                    0x08001a3d   Thumb Code    10  swic.o(i.SWIC1_GetRemoteOriPWM)
    SWIC2_GetRemoteOriPWM                    0x08001a4d   Thumb Code    10  swic.o(i.SWIC2_GetRemoteOriPWM)
    SWIC3_GetRemoteOriPWM                    0x08001a5d   Thumb Code    10  swic.o(i.SWIC3_GetRemoteOriPWM)
    SWIC4_GetRemoteOriPWM                    0x08001a6d   Thumb Code    10  swic.o(i.SWIC4_GetRemoteOriPWM)
    SWIC_GetRemoteState                      0x08001a7d   Thumb Code    74  swic.o(i.SWIC_GetRemoteState)
    SWIC_Init                                0x08001ad9   Thumb Code    12  swic.o(i.SWIC_Init)
    ServoLeft_SetPWM                         0x08001ae5   Thumb Code    30  servo.o(i.ServoLeft_SetPWM)
    ServoRight_SetPWM                        0x08001b09   Thumb Code    30  servo.o(i.ServoRight_SetPWM)
    Servo_GetRemoteOriPWM                    0x08001b2d   Thumb Code    10  servo.o(i.Servo_GetRemoteOriPWM)
    Servo_GetRemotePWM                       0x08001b3d   Thumb Code    70  servo.o(i.Servo_GetRemotePWM)
    Servo_Init                               0x08001b8d   Thumb Code    12  servo.o(i.Servo_Init)
    Servo_Reset                              0x08001b99   Thumb Code    24  servo.o(i.Servo_Reset)
    Servo_Start                              0x08001bb5   Thumb Code    24  servo.o(i.Servo_Start)
    SysTick_Handler                          0x08001cbd   Thumb Code     2  stm32f4xx_it.o(i.SysTick_Handler)
    SystemInit                               0x08001cc1   Thumb Code    88  system_stm32f4xx.o(i.SystemInit)
    TIM1_Init                                0x08001e4d   Thumb Code   280  tim1.o(i.TIM1_Init)
    TIM2_IRQHandler                          0x08001f71   Thumb Code    32  tim2.o(i.TIM2_IRQHandler)
    TIM2_Init                                0x08001f91   Thumb Code   340  tim2.o(i.TIM2_Init)
    TIM3_IRQHandler                          0x080020ed   Thumb Code    30  tim3.o(i.TIM3_IRQHandler)
    TIM3_Init                                0x08002111   Thumb Code   310  tim3.o(i.TIM3_Init)
    TIM4_IRQHandler                          0x08002251   Thumb Code    30  tim4.o(i.TIM4_IRQHandler)
    TIM4_Init                                0x08002275   Thumb Code   312  tim4.o(i.TIM4_Init)
    TIM5_IRQHandler                          0x080023b5   Thumb Code    30  tim5.o(i.TIM5_IRQHandler)
    TIM5_Init                                0x080023d9   Thumb Code   308  tim5.o(i.TIM5_Init)
    TIM8_Init                                0x08002515   Thumb Code   282  tim8.o(i.TIM8_Init)
    TIM8_UP_TIM13_IRQHandler                 0x08002639   Thumb Code    48  tim8.o(i.TIM8_UP_TIM13_IRQHandler)
    TIM_ARRPreloadConfig                     0x08002671   Thumb Code    24  stm32f4xx_tim.o(i.TIM_ARRPreloadConfig)
    TIM_CCxCmd                               0x08002689   Thumb Code    30  stm32f4xx_tim.o(i.TIM_CCxCmd)
    TIM_ClearFlag                            0x080026a7   Thumb Code     6  stm32f4xx_tim.o(i.TIM_ClearFlag)
    TIM_Cmd                                  0x080026ad   Thumb Code    24  stm32f4xx_tim.o(i.TIM_Cmd)
    TIM_CtrlPWMOutputs                       0x080026c5   Thumb Code    30  stm32f4xx_tim.o(i.TIM_CtrlPWMOutputs)
    TIM_GetCapture2                          0x080026e3   Thumb Code     6  stm32f4xx_tim.o(i.TIM_GetCapture2)
    TIM_GetCapture4                          0x080026e9   Thumb Code     6  stm32f4xx_tim.o(i.TIM_GetCapture4)
    TIM_GetFlagStatus                        0x080026ef   Thumb Code    18  stm32f4xx_tim.o(i.TIM_GetFlagStatus)
    TIM_ICInit                               0x08002701   Thumb Code   110  stm32f4xx_tim.o(i.TIM_ICInit)
    TIM_ITConfig                             0x0800276f   Thumb Code    18  stm32f4xx_tim.o(i.TIM_ITConfig)
    TIM_InternalClockConfig                  0x08002781   Thumb Code    12  stm32f4xx_tim.o(i.TIM_InternalClockConfig)
    TIM_OC1Init                              0x0800278d   Thumb Code   114  stm32f4xx_tim.o(i.TIM_OC1Init)
    TIM_OC1PreloadConfig                     0x08002809   Thumb Code    18  stm32f4xx_tim.o(i.TIM_OC1PreloadConfig)
    TIM_OC2Init                              0x0800281d   Thumb Code   154  stm32f4xx_tim.o(i.TIM_OC2Init)
    TIM_OC2PreloadConfig                     0x080028c1   Thumb Code    26  stm32f4xx_tim.o(i.TIM_OC2PreloadConfig)
    TIM_OC3Init                              0x080028dd   Thumb Code   150  stm32f4xx_tim.o(i.TIM_OC3Init)
    TIM_OC3PreloadConfig                     0x0800297d   Thumb Code    18  stm32f4xx_tim.o(i.TIM_OC3PreloadConfig)
    TIM_OC4Init                              0x08002991   Thumb Code   112  stm32f4xx_tim.o(i.TIM_OC4Init)
    TIM_OC4PreloadConfig                     0x08002a09   Thumb Code    26  stm32f4xx_tim.o(i.TIM_OC4PreloadConfig)
    TIM_PWMIConfig                           0x08002a23   Thumb Code   124  stm32f4xx_tim.o(i.TIM_PWMIConfig)
    TIM_SelectInputTrigger                   0x08002a9f   Thumb Code    18  stm32f4xx_tim.o(i.TIM_SelectInputTrigger)
    TIM_SelectSlaveMode                      0x08002ab1   Thumb Code    18  stm32f4xx_tim.o(i.TIM_SelectSlaveMode)
    TIM_SetCompare1                          0x08002ac3   Thumb Code     4  stm32f4xx_tim.o(i.TIM_SetCompare1)
    TIM_SetCompare2                          0x08002ac7   Thumb Code     4  stm32f4xx_tim.o(i.TIM_SetCompare2)
    TIM_SetCompare3                          0x08002acb   Thumb Code     4  stm32f4xx_tim.o(i.TIM_SetCompare3)
    TIM_SetCompare4                          0x08002acf   Thumb Code     4  stm32f4xx_tim.o(i.TIM_SetCompare4)
    TIM_SetCounter                           0x08002ad3   Thumb Code     4  stm32f4xx_tim.o(i.TIM_SetCounter)
    TIM_SetIC1Prescaler                      0x08002ad7   Thumb Code    18  stm32f4xx_tim.o(i.TIM_SetIC1Prescaler)
    TIM_SetIC2Prescaler                      0x08002ae9   Thumb Code    26  stm32f4xx_tim.o(i.TIM_SetIC2Prescaler)
    TIM_SetIC3Prescaler                      0x08002b03   Thumb Code    18  stm32f4xx_tim.o(i.TIM_SetIC3Prescaler)
    TIM_SetIC4Prescaler                      0x08002b15   Thumb Code    26  stm32f4xx_tim.o(i.TIM_SetIC4Prescaler)
    TIM_TimeBaseInit                         0x08002b31   Thumb Code   104  stm32f4xx_tim.o(i.TIM_TimeBaseInit)
    USART1_Config                            0x08002bb5   Thumb Code   186  usart1.o(i.USART1_Config)
    USART1_IRQHandler                        0x08002c79   Thumb Code    58  usart1.o(i.USART1_IRQHandler)
    USART3_Config                            0x08002cc1   Thumb Code   190  usart3.o(i.USART3_Config)
    USART3_IRQHandler                        0x08002d89   Thumb Code    10  usart3.o(i.USART3_IRQHandler)
    USART3_SetHandler                        0x08002d99   Thumb Code     6  usart3.o(i.USART3_SetHandler)
    USART_ClearFlag                          0x08002da5   Thumb Code    18  stm32f4xx_usart.o(i.USART_ClearFlag)
    USART_ClearITPendingBit                  0x08002db7   Thumb Code    30  stm32f4xx_usart.o(i.USART_ClearITPendingBit)
    USART_Cmd                                0x08002dd5   Thumb Code    24  stm32f4xx_usart.o(i.USART_Cmd)
    USART_DMACmd                             0x08002ded   Thumb Code    18  stm32f4xx_usart.o(i.USART_DMACmd)
    USART_GetFlagStatus                      0x08002dff   Thumb Code    26  stm32f4xx_usart.o(i.USART_GetFlagStatus)
    USART_GetITStatus                        0x08002e19   Thumb Code    84  stm32f4xx_usart.o(i.USART_GetITStatus)
    USART_ITConfig                           0x08002e6d   Thumb Code    74  stm32f4xx_usart.o(i.USART_ITConfig)
    USART_Init                               0x08002eb9   Thumb Code   204  stm32f4xx_usart.o(i.USART_Init)
    USART_ReceiveData                        0x08002f8d   Thumb Code    10  stm32f4xx_usart.o(i.USART_ReceiveData)
    USART_SendData                           0x08002f97   Thumb Code     8  stm32f4xx_usart.o(i.USART_SendData)
    UsageFault_Handler                       0x08002f9f   Thumb Code     4  stm32f4xx_it.o(i.UsageFault_Handler)
    __0printf                                0x08002fa5   Thumb Code    22  printfa.o(i.__0printf)
    __1printf                                0x08002fa5   Thumb Code     0  printfa.o(i.__0printf)
    __2printf                                0x08002fa5   Thumb Code     0  printfa.o(i.__0printf)
    __c89printf                              0x08002fa5   Thumb Code     0  printfa.o(i.__0printf)
    printf                                   0x08002fa5   Thumb Code     0  printfa.o(i.__0printf)
    __hardfp___mathlib_tofloat               0x08002fc9   Thumb Code   232  narrow.o(i.__hardfp___mathlib_tofloat)
    __hardfp_strtof                          0x080030c1   Thumb Code    26  strtof.o(i.__hardfp_strtof)
    __mathlib_narrow                         0x080030e1   Thumb Code    18  narrow.o(i.__mathlib_narrow)
    __scatterload_copy                       0x080030f3   Thumb Code    14  handlers.o(i.__scatterload_copy)
    __scatterload_null                       0x08003101   Thumb Code     2  handlers.o(i.__scatterload_null)
    __scatterload_zeroinit                   0x08003103   Thumb Code    14  handlers.o(i.__scatterload_zeroinit)
    __set_errno                              0x08003111   Thumb Code     6  errno.o(i.__set_errno)
    _is_digit                                0x080032a1   Thumb Code    14  scanf_fp.o(i._is_digit)
    fputc                                    0x080039e1   Thumb Code    32  usart3.o(i.fputc)
    frexp                                    0x08003a09   Thumb Code   118  frexp.o(i.frexp)
    main                                     0x08003a95   Thumb Code   330  main.o(i.main)
    __ctype_categories                       0x08003be4   Data          64  ctype_c.o(.constdata)
    Region$$Table$$Base                      0x08003c74   Number         0  anon$$obj.o(Region$$Table)
    Region$$Table$$Limit                     0x08003c94   Number         0  anon$$obj.o(Region$$Table)
    len                                      0x20000010   Data           1  bluetooth.o(.data)
    Data                                     0x2000001c   Data           2  usart1.o(.data)
    IRQHandler                               0x20000024   Data           4  usart3.o(.data)
    Datas                                    0x20000028   Data         100  dma1.o(.data)
    __stdout                                 0x2000008c   Data           4  stdout.o(.data)
    mypid                                    0x2000015c   Data          36  main.o(.bss)
    __initial_sp                             0x20000580   Data           0  startup_stm32f40_41xxx.o(STACK)



==============================================================================

Memory Map of the image

  Image Entry point : 0x0800019d

  Load Region LR_1 (Base: 0x08000000, Size: 0x00003d28, Max: 0xffffffff, ABSOLUTE)

    Execution Region ER_RO (Exec base: 0x08000000, Load base: 0x08000000, Size: 0x00003c94, Max: 0xffffffff, ABSOLUTE)

    Exec Addr    Load Addr    Size         Type   Attr      Idx    E Section Name        Object

    0x08000000   0x08000000   0x00000188   Data   RO            3    RESET               startup_stm32f40_41xxx.o
    0x08000188   0x08000188   0x00000000   Code   RO         6004  * .ARM.Collect$$$$00000000  mc_w.l(entry.o)
    0x08000188   0x08000188   0x00000004   Code   RO         6292    .ARM.Collect$$$$00000001  mc_w.l(entry2.o)
    0x0800018c   0x0800018c   0x00000004   Code   RO         6295    .ARM.Collect$$$$00000004  mc_w.l(entry5.o)
    0x08000190   0x08000190   0x00000000   Code   RO         6297    .ARM.Collect$$$$00000008  mc_w.l(entry7b.o)
    0x08000190   0x08000190   0x00000000   Code   RO         6299    .ARM.Collect$$$$0000000A  mc_w.l(entry8b.o)
    0x08000190   0x08000190   0x00000008   Code   RO         6300    .ARM.Collect$$$$0000000B  mc_w.l(entry9a.o)
    0x08000198   0x08000198   0x00000000   Code   RO         6302    .ARM.Collect$$$$0000000D  mc_w.l(entry10a.o)
    0x08000198   0x08000198   0x00000000   Code   RO         6304    .ARM.Collect$$$$0000000F  mc_w.l(entry11a.o)
    0x08000198   0x08000198   0x00000004   Code   RO         6293    .ARM.Collect$$$$00002712  mc_w.l(entry2.o)
    0x0800019c   0x0800019c   0x00000024   Code   RO            4  * .text               startup_stm32f40_41xxx.o
    0x080001c0   0x080001c0   0x00000024   Code   RO         6007    .text               mc_w.l(memseta.o)
    0x080001e4   0x080001e4   0x00000024   Code   RO         6009    .text               mc_w.l(strstr.o)
    0x08000208   0x08000208   0x00000018   Code   RO         6011    .text               mc_w.l(strncpy.o)
    0x08000220   0x08000220   0x00000014   Code   RO         6013    .text               mc_w.l(strchr.o)
    0x08000234   0x08000234   0x0000014e   Code   RO         6284    .text               mf_w.l(dadd.o)
    0x08000382   0x08000382   0x00000026   Code   RO         6290    .text               mf_w.l(f2d.o)
    0x080003a8   0x080003a8   0x0000002c   Code   RO         6307    .text               mc_w.l(uidiv.o)
    0x080003d4   0x080003d4   0x00000062   Code   RO         6309    .text               mc_w.l(uldiv.o)
    0x08000436   0x08000436   0x0000001e   Code   RO         6311    .text               mc_w.l(llshl.o)
    0x08000454   0x08000454   0x00000020   Code   RO         6313    .text               mc_w.l(llushr.o)
    0x08000474   0x08000474   0x00000024   Code   RO         6315    .text               mc_w.l(llsshr.o)
    0x08000498   0x08000498   0x0000009c   Code   RO         6317    .text               mc_w.l(strtod.o)
    0x08000534   0x08000534   0x0000001a   Code   RO         6319    .text               mc_w.l(strtof.o)
    0x0800054e   0x0800054e   0x00000000   Code   RO         6321    .text               mc_w.l(iusefp.o)
    0x0800054e   0x0800054e   0x000000ba   Code   RO         6322    .text               mf_w.l(depilogue.o)
    0x08000608   0x08000608   0x000000e4   Code   RO         6324    .text               mf_w.l(dmul.o)
    0x080006ec   0x080006ec   0x000000de   Code   RO         6326    .text               mf_w.l(ddiv.o)
    0x080007ca   0x080007ca   0x00000030   Code   RO         6328    .text               mf_w.l(dfixul.o)
    0x080007fa   0x080007fa   0x00000002   PAD
    0x080007fc   0x080007fc   0x00000030   Code   RO         6330    .text               mf_w.l(cdrcmple.o)
    0x0800082c   0x0800082c   0x00000024   Code   RO         6340    .text               mc_w.l(init.o)
    0x08000850   0x08000850   0x0000000a   Code   RO         6342    .text               mc_w.l(isspace_c.o)
    0x0800085a   0x0800085a   0x00000002   PAD
    0x0800085c   0x0800085c   0x00000360   Code   RO         6344    .text               mc_w.l(scanf_fp.o)
    0x08000bbc   0x08000bbc   0x00000040   Code   RO         6348    .text               mc_w.l(_sgetc.o)
    0x08000bfc   0x08000bfc   0x00000028   Code   RO         6356    .text               mc_w.l(ctype_c.o)
    0x08000c24   0x08000c24   0x00000018   Code   RO         6366    .text               mf_w.l(dfltul.o)
    0x08000c3c   0x08000c3c   0x00000030   Code   RO         6368    .text               mf_w.l(cdcmple.o)
    0x08000c6c   0x08000c6c   0x00000038   Code   RO         6370    .text               mf_w.l(d2f.o)
    0x08000ca4   0x08000ca4   0x00000004   Code   RO         6372    .text               mf_w.l(fpstat.o)
    0x08000ca8   0x08000ca8   0x0000006e   Code   RO         6374    .text               mf_w.l(fepilogue.o)
    0x08000d16   0x08000d16   0x00000002   PAD
    0x08000d18   0x08000d18   0x00000044   Code   RO         5425    i.Bluetooth_IRQHandler  bluetooth.o
    0x08000d5c   0x08000d5c   0x000000bc   Code   RO         5426    i.Bluetooth_Init    bluetooth.o
    0x08000e18   0x08000e18   0x0000016c   Code   RO         5430    i.Bluetooth_SetNum_f  bluetooth.o
    0x08000f84   0x08000f84   0x0000002c   Code   RO         5431    i.Bluetooth_UpdateBuf  bluetooth.o
    0x08000fb0   0x08000fb0   0x00000004   Code   RO         5923    i.BusFault_Handler  stm32f4xx_it.o
    0x08000fb4   0x08000fb4   0x0000005e   Code   RO         5874    i.Controller_Config  main.o
    0x08001012   0x08001012   0x00000026   Code   RO         5317    i.Conveyor_GetPWM   swic.o
    0x08001038   0x08001038   0x00000014   Code   RO         5318    i.Conveyor_SetPWM   swic.o
    0x0800104c   0x0800104c   0x00000014   Code   RO         5319    i.Conveyor_Start    swic.o
    0x08001060   0x08001060   0x00000014   Code   RO         5320    i.Conveyor_Stop     swic.o
    0x08001074   0x08001074   0x00000088   Code   RO         5839    i.DMA1_Init         dma1.o
    0x080010fc   0x080010fc   0x0000002c   Code   RO         5840    i.DMA1_Start        dma1.o
    0x08001128   0x08001128   0x00000034   Code   RO         1163    i.DMA_ClearFlag     stm32f4xx_dma.o
    0x0800115c   0x0800115c   0x00000016   Code   RO         1165    i.DMA_Cmd           stm32f4xx_dma.o
    0x08001172   0x08001172   0x00000002   PAD
    0x08001174   0x08001174   0x00000158   Code   RO         1166    i.DMA_DeInit        stm32f4xx_dma.o
    0x080012cc   0x080012cc   0x00000014   Code   RO         1170    i.DMA_GetCmdStatus  stm32f4xx_dma.o
    0x080012e0   0x080012e0   0x00000008   Code   RO         1171    i.DMA_GetCurrDataCounter  stm32f4xx_dma.o
    0x080012e8   0x080012e8   0x00000058   Code   RO         1177    i.DMA_Init          stm32f4xx_dma.o
    0x08001340   0x08001340   0x00000004   Code   RO         1180    i.DMA_SetCurrDataCounter  stm32f4xx_dma.o
    0x08001344   0x08001344   0x00000002   Code   RO         5924    i.DebugMon_Handler  stm32f4xx_it.o
    0x08001346   0x08001346   0x00000090   Code   RO         1899    i.GPIO_Init         stm32f4xx_gpio.o
    0x080013d6   0x080013d6   0x00000046   Code   RO         1900    i.GPIO_PinAFConfig  stm32f4xx_gpio.o
    0x0800141c   0x0800141c   0x00000012   Code   RO         1903    i.GPIO_ReadInputDataBit  stm32f4xx_gpio.o
    0x0800142e   0x0800142e   0x00000012   Code   RO         1905    i.GPIO_ReadOutputDataBit  stm32f4xx_gpio.o
    0x08001440   0x08001440   0x00000004   Code   RO         1906    i.GPIO_ResetBits    stm32f4xx_gpio.o
    0x08001444   0x08001444   0x00000004   Code   RO         1907    i.GPIO_SetBits      stm32f4xx_gpio.o
    0x08001448   0x08001448   0x00000004   Code   RO         5925    i.HardFault_Handler  stm32f4xx_it.o
    0x0800144c   0x0800144c   0x0000001c   Code   RO         5432    i.IsConnected       bluetooth.o
    0x08001468   0x08001468   0x0000003c   Code   RO         4906    i.LED_Init          led.o
    0x080014a4   0x080014a4   0x0000002c   Code   RO         4909    i.LED_Turn          led.o
    0x080014d0   0x080014d0   0x00000004   Code   RO         5926    i.MemManage_Handler  stm32f4xx_it.o
    0x080014d4   0x080014d4   0x0000006c   Code   RO         5161    i.MotorLeft_GetRemotePWM  motor.o
    0x08001540   0x08001540   0x00000094   Code   RO         5162    i.MotorLeft_GetRemotePWM2  motor.o
    0x080015d4   0x080015d4   0x00000024   Code   RO         5163    i.MotorLeft_SetPWM  motor.o
    0x080015f8   0x080015f8   0x0000006a   Code   RO         5164    i.MotorRight_GetRemotePWM  motor.o
    0x08001662   0x08001662   0x00000002   PAD
    0x08001664   0x08001664   0x00000094   Code   RO         5165    i.MotorRight_GetRemotePWM2  motor.o
    0x080016f8   0x080016f8   0x00000024   Code   RO         5166    i.MotorRight_SetPWM  motor.o
    0x0800171c   0x0800171c   0x0000000e   Code   RO         5167    i.MotorX_GetRemoteOriPWM  motor.o
    0x0800172a   0x0800172a   0x0000000e   Code   RO         5168    i.MotorY_GetRemoteOriPWM  motor.o
    0x08001738   0x08001738   0x0000000c   Code   RO         5169    i.Motor_Init        motor.o
    0x08001744   0x08001744   0x0000001c   Code   RO         5170    i.Motor_Start       motor.o
    0x08001760   0x08001760   0x00000028   Code   RO         5171    i.Motor_Stop        motor.o
    0x08001788   0x08001788   0x00000002   Code   RO         5927    i.NMI_Handler       stm32f4xx_it.o
    0x0800178a   0x0800178a   0x00000002   PAD
    0x0800178c   0x0800178c   0x00000078   Code   RO          150    i.NVIC_Init         misc.o
    0x08001804   0x08001804   0x00000014   Code   RO          151    i.NVIC_PriorityGroupConfig  misc.o
    0x08001818   0x08001818   0x00000002   Code   RO         5928    i.PendSV_Handler    stm32f4xx_it.o
    0x0800181a   0x0800181a   0x00000002   PAD
    0x0800181c   0x0800181c   0x00000014   Code   RO         5322    i.Pump_SetPWM       swic.o
    0x08001830   0x08001830   0x00000014   Code   RO         5323    i.Pump_Start        swic.o
    0x08001844   0x08001844   0x00000014   Code   RO         5324    i.Pump_Stop         swic.o
    0x08001858   0x08001858   0x00000014   Code   RO         5255    i.PushrodLeft_SetPWM  pushrod.o
    0x0800186c   0x0800186c   0x00000014   Code   RO         5256    i.PushrodRight_SetPWM  pushrod.o
    0x08001880   0x08001880   0x00000020   Code   RO         5257    i.Pushrod_GetRemoteOriPWM  pushrod.o
    0x080018a0   0x080018a0   0x0000000c   Code   RO         5258    i.Pushrod_GetRemotePWM  pushrod.o
    0x080018ac   0x080018ac   0x0000000c   Code   RO         5259    i.Pushrod_Init      pushrod.o
    0x080018b8   0x080018b8   0x0000001c   Code   RO         5260    i.Pushrod_Start     pushrod.o
    0x080018d4   0x080018d4   0x0000001c   Code   RO         5261    i.Pushrod_Stop      pushrod.o
    0x080018f0   0x080018f0   0x00000020   Code   RO         2763    i.RCC_AHB1PeriphClockCmd  stm32f4xx_rcc.o
    0x08001910   0x08001910   0x00000020   Code   RO         2772    i.RCC_APB1PeriphClockCmd  stm32f4xx_rcc.o
    0x08001930   0x08001930   0x00000020   Code   RO         2775    i.RCC_APB2PeriphClockCmd  stm32f4xx_rcc.o
    0x08001950   0x08001950   0x000000e8   Code   RO         2784    i.RCC_GetClocksFreq  stm32f4xx_rcc.o
    0x08001a38   0x08001a38   0x00000002   Code   RO         5929    i.SVC_Handler       stm32f4xx_it.o
    0x08001a3a   0x08001a3a   0x00000002   PAD
    0x08001a3c   0x08001a3c   0x00000010   Code   RO         5325    i.SWIC1_GetRemoteOriPWM  swic.o
    0x08001a4c   0x08001a4c   0x00000010   Code   RO         5326    i.SWIC2_GetRemoteOriPWM  swic.o
    0x08001a5c   0x08001a5c   0x00000010   Code   RO         5327    i.SWIC3_GetRemoteOriPWM  swic.o
    0x08001a6c   0x08001a6c   0x00000010   Code   RO         5328    i.SWIC4_GetRemoteOriPWM  swic.o
    0x08001a7c   0x08001a7c   0x0000005c   Code   RO         5329    i.SWIC_GetRemoteState  swic.o
    0x08001ad8   0x08001ad8   0x0000000c   Code   RO         5330    i.SWIC_Init         swic.o
    0x08001ae4   0x08001ae4   0x00000024   Code   RO         5076    i.ServoLeft_SetPWM  servo.o
    0x08001b08   0x08001b08   0x00000024   Code   RO         5077    i.ServoRight_SetPWM  servo.o
    0x08001b2c   0x08001b2c   0x00000010   Code   RO         5078    i.Servo_GetRemoteOriPWM  servo.o
    0x08001b3c   0x08001b3c   0x00000050   Code   RO         5079    i.Servo_GetRemotePWM  servo.o
    0x08001b8c   0x08001b8c   0x0000000c   Code   RO         5080    i.Servo_Init        servo.o
    0x08001b98   0x08001b98   0x0000001c   Code   RO         5081    i.Servo_Reset       servo.o
    0x08001bb4   0x08001bb4   0x0000001c   Code   RO         5082    i.Servo_Start       servo.o
    0x08001bd0   0x08001bd0   0x000000ec   Code   RO           12    i.SetSysClock       system_stm32f4xx.o
    0x08001cbc   0x08001cbc   0x00000002   Code   RO         5930    i.SysTick_Handler   stm32f4xx_it.o
    0x08001cbe   0x08001cbe   0x00000002   PAD
    0x08001cc0   0x08001cc0   0x00000068   Code   RO           14    i.SystemInit        system_stm32f4xx.o
    0x08001d28   0x08001d28   0x0000003a   Code   RO         4094    i.TI1_Config        stm32f4xx_tim.o
    0x08001d62   0x08001d62   0x00000050   Code   RO         4095    i.TI2_Config        stm32f4xx_tim.o
    0x08001db2   0x08001db2   0x00000048   Code   RO         4096    i.TI3_Config        stm32f4xx_tim.o
    0x08001dfa   0x08001dfa   0x00000050   Code   RO         4097    i.TI4_Config        stm32f4xx_tim.o
    0x08001e4a   0x08001e4a   0x00000002   PAD
    0x08001e4c   0x08001e4c   0x00000124   Code   RO         5736    i.TIM1_Init         tim1.o
    0x08001f70   0x08001f70   0x00000020   Code   RO         5573    i.TIM2_IRQHandler   tim2.o
    0x08001f90   0x08001f90   0x0000015c   Code   RO         5574    i.TIM2_Init         tim2.o
    0x080020ec   0x080020ec   0x00000024   Code   RO         5649    i.TIM3_IRQHandler   tim3.o
    0x08002110   0x08002110   0x00000140   Code   RO         5650    i.TIM3_Init         tim3.o
    0x08002250   0x08002250   0x00000024   Code   RO         5707    i.TIM4_IRQHandler   tim4.o
    0x08002274   0x08002274   0x00000140   Code   RO         5708    i.TIM4_Init         tim4.o
    0x080023b4   0x080023b4   0x00000024   Code   RO         5678    i.TIM5_IRQHandler   tim5.o
    0x080023d8   0x080023d8   0x0000013c   Code   RO         5679    i.TIM5_Init         tim5.o
    0x08002514   0x08002514   0x00000124   Code   RO         5759    i.TIM8_Init         tim8.o
    0x08002638   0x08002638   0x00000038   Code   RO         5760    i.TIM8_UP_TIM13_IRQHandler  tim8.o
    0x08002670   0x08002670   0x00000018   Code   RO         4098    i.TIM_ARRPreloadConfig  stm32f4xx_tim.o
    0x08002688   0x08002688   0x0000001e   Code   RO         4102    i.TIM_CCxCmd        stm32f4xx_tim.o
    0x080026a6   0x080026a6   0x00000006   Code   RO         4104    i.TIM_ClearFlag     stm32f4xx_tim.o
    0x080026ac   0x080026ac   0x00000018   Code   RO         4110    i.TIM_Cmd           stm32f4xx_tim.o
    0x080026c4   0x080026c4   0x0000001e   Code   RO         4112    i.TIM_CtrlPWMOutputs  stm32f4xx_tim.o
    0x080026e2   0x080026e2   0x00000006   Code   RO         4126    i.TIM_GetCapture2   stm32f4xx_tim.o
    0x080026e8   0x080026e8   0x00000006   Code   RO         4128    i.TIM_GetCapture4   stm32f4xx_tim.o
    0x080026ee   0x080026ee   0x00000012   Code   RO         4130    i.TIM_GetFlagStatus  stm32f4xx_tim.o
    0x08002700   0x08002700   0x0000006e   Code   RO         4133    i.TIM_ICInit        stm32f4xx_tim.o
    0x0800276e   0x0800276e   0x00000012   Code   RO         4135    i.TIM_ITConfig      stm32f4xx_tim.o
    0x08002780   0x08002780   0x0000000c   Code   RO         4137    i.TIM_InternalClockConfig  stm32f4xx_tim.o
    0x0800278c   0x0800278c   0x0000007c   Code   RO         4139    i.TIM_OC1Init       stm32f4xx_tim.o
    0x08002808   0x08002808   0x00000012   Code   RO         4142    i.TIM_OC1PreloadConfig  stm32f4xx_tim.o
    0x0800281a   0x0800281a   0x00000002   PAD
    0x0800281c   0x0800281c   0x000000a4   Code   RO         4144    i.TIM_OC2Init       stm32f4xx_tim.o
    0x080028c0   0x080028c0   0x0000001a   Code   RO         4147    i.TIM_OC2PreloadConfig  stm32f4xx_tim.o
    0x080028da   0x080028da   0x00000002   PAD
    0x080028dc   0x080028dc   0x000000a0   Code   RO         4149    i.TIM_OC3Init       stm32f4xx_tim.o
    0x0800297c   0x0800297c   0x00000012   Code   RO         4152    i.TIM_OC3PreloadConfig  stm32f4xx_tim.o
    0x0800298e   0x0800298e   0x00000002   PAD
    0x08002990   0x08002990   0x00000078   Code   RO         4154    i.TIM_OC4Init       stm32f4xx_tim.o
    0x08002a08   0x08002a08   0x0000001a   Code   RO         4156    i.TIM_OC4PreloadConfig  stm32f4xx_tim.o
    0x08002a22   0x08002a22   0x0000007c   Code   RO         4158    i.TIM_PWMIConfig    stm32f4xx_tim.o
    0x08002a9e   0x08002a9e   0x00000012   Code   RO         4164    i.TIM_SelectInputTrigger  stm32f4xx_tim.o
    0x08002ab0   0x08002ab0   0x00000012   Code   RO         4169    i.TIM_SelectSlaveMode  stm32f4xx_tim.o
    0x08002ac2   0x08002ac2   0x00000004   Code   RO         4172    i.TIM_SetCompare1   stm32f4xx_tim.o
    0x08002ac6   0x08002ac6   0x00000004   Code   RO         4173    i.TIM_SetCompare2   stm32f4xx_tim.o
    0x08002aca   0x08002aca   0x00000004   Code   RO         4174    i.TIM_SetCompare3   stm32f4xx_tim.o
    0x08002ace   0x08002ace   0x00000004   Code   RO         4175    i.TIM_SetCompare4   stm32f4xx_tim.o
    0x08002ad2   0x08002ad2   0x00000004   Code   RO         4176    i.TIM_SetCounter    stm32f4xx_tim.o
    0x08002ad6   0x08002ad6   0x00000012   Code   RO         4177    i.TIM_SetIC1Prescaler  stm32f4xx_tim.o
    0x08002ae8   0x08002ae8   0x0000001a   Code   RO         4178    i.TIM_SetIC2Prescaler  stm32f4xx_tim.o
    0x08002b02   0x08002b02   0x00000012   Code   RO         4179    i.TIM_SetIC3Prescaler  stm32f4xx_tim.o
    0x08002b14   0x08002b14   0x0000001a   Code   RO         4180    i.TIM_SetIC4Prescaler  stm32f4xx_tim.o
    0x08002b2e   0x08002b2e   0x00000002   PAD
    0x08002b30   0x08002b30   0x00000084   Code   RO         4182    i.TIM_TimeBaseInit  stm32f4xx_tim.o
    0x08002bb4   0x08002bb4   0x000000c4   Code   RO         5602    i.USART1_Config     usart1.o
    0x08002c78   0x08002c78   0x00000048   Code   RO         5603    i.USART1_IRQHandler  usart1.o
    0x08002cc0   0x08002cc0   0x000000c8   Code   RO         5789    i.USART3_Config     usart3.o
    0x08002d88   0x08002d88   0x00000010   Code   RO         5790    i.USART3_IRQHandler  usart3.o
    0x08002d98   0x08002d98   0x0000000c   Code   RO         5791    i.USART3_SetHandler  usart3.o
    0x08002da4   0x08002da4   0x00000012   Code   RO         4656    i.USART_ClearFlag   stm32f4xx_usart.o
    0x08002db6   0x08002db6   0x0000001e   Code   RO         4657    i.USART_ClearITPendingBit  stm32f4xx_usart.o
    0x08002dd4   0x08002dd4   0x00000018   Code   RO         4660    i.USART_Cmd         stm32f4xx_usart.o
    0x08002dec   0x08002dec   0x00000012   Code   RO         4661    i.USART_DMACmd      stm32f4xx_usart.o
    0x08002dfe   0x08002dfe   0x0000001a   Code   RO         4663    i.USART_GetFlagStatus  stm32f4xx_usart.o
    0x08002e18   0x08002e18   0x00000054   Code   RO         4664    i.USART_GetITStatus  stm32f4xx_usart.o
    0x08002e6c   0x08002e6c   0x0000004a   Code   RO         4666    i.USART_ITConfig    stm32f4xx_usart.o
    0x08002eb6   0x08002eb6   0x00000002   PAD
    0x08002eb8   0x08002eb8   0x000000d4   Code   RO         4667    i.USART_Init        stm32f4xx_usart.o
    0x08002f8c   0x08002f8c   0x0000000a   Code   RO         4674    i.USART_ReceiveData  stm32f4xx_usart.o
    0x08002f96   0x08002f96   0x00000008   Code   RO         4677    i.USART_SendData    stm32f4xx_usart.o
    0x08002f9e   0x08002f9e   0x00000004   Code   RO         5931    i.UsageFault_Handler  stm32f4xx_it.o
    0x08002fa2   0x08002fa2   0x00000002   PAD
    0x08002fa4   0x08002fa4   0x00000020   Code   RO         6256    i.__0printf         mc_w.l(printfa.o)
    0x08002fc4   0x08002fc4   0x00000004   PAD
    0x08002fc8   0x08002fc8   0x000000f8   Code   RO         6332    i.__hardfp___mathlib_tofloat  m_wm.l(narrow.o)
    0x080030c0   0x080030c0   0x00000020   Code   RO         5998    i.__hardfp_strtof   m_wm.l(strtof.o)
    0x080030e0   0x080030e0   0x00000012   Code   RO         6333    i.__mathlib_narrow  m_wm.l(narrow.o)
    0x080030f2   0x080030f2   0x0000000e   Code   RO         6378    i.__scatterload_copy  mc_w.l(handlers.o)
    0x08003100   0x08003100   0x00000002   Code   RO         6379    i.__scatterload_null  mc_w.l(handlers.o)
    0x08003102   0x08003102   0x0000000e   Code   RO         6380    i.__scatterload_zeroinit  mc_w.l(handlers.o)
    0x08003110   0x08003110   0x0000000c   Code   RO         6361    i.__set_errno       mc_w.l(errno.o)
    0x0800311c   0x0800311c   0x00000184   Code   RO         6263    i._fp_digits        mc_w.l(printfa.o)
    0x080032a0   0x080032a0   0x0000000e   Code   RO         6346    i._is_digit         mc_w.l(scanf_fp.o)
    0x080032ae   0x080032ae   0x00000002   PAD
    0x080032b0   0x080032b0   0x000006dc   Code   RO         6264    i._printf_core      mc_w.l(printfa.o)
    0x0800398c   0x0800398c   0x00000024   Code   RO         6265    i._printf_post_padding  mc_w.l(printfa.o)
    0x080039b0   0x080039b0   0x0000002e   Code   RO         6266    i._printf_pre_padding  mc_w.l(printfa.o)
    0x080039de   0x080039de   0x00000002   PAD
    0x080039e0   0x080039e0   0x00000024   Code   RO         5793    i.fputc             usart3.o
    0x08003a04   0x08003a04   0x00000004   PAD
    0x08003a08   0x08003a08   0x0000008c   Code   RO         6352    i.frexp             m_wm.l(frexp.o)
    0x08003a94   0x08003a94   0x00000150   Code   RO         5875    i.main              main.o
    0x08003be4   0x08003be4   0x00000040   Data   RO         6357    .constdata          mc_w.l(ctype_c.o)
    0x08003c24   0x08003c24   0x0000004e   Data   RO         5435    .conststring        bluetooth.o
    0x08003c72   0x08003c72   0x00000002   PAD
    0x08003c74   0x08003c74   0x00000020   Data   RO         6376    Region$$Table       anon$$obj.o


    Execution Region ER_RW (Exec base: 0x20000000, Load base: 0x08003c94, Size: 0x00000094, Max: 0xffffffff, ABSOLUTE)

    Exec Addr    Load Addr    Size         Type   Attr      Idx    E Section Name        Object

    0x20000000   0x08003c94   0x00000010   Data   RW         2816    .data               stm32f4xx_rcc.o
    0x20000010   0x08003ca4   0x0000000c   Data   RW         5436    .data               bluetooth.o
    0x2000001c   0x08003cb0   0x00000002   Data   RW         5606    .data               usart1.o
    0x2000001e   0x08003cb2   0x00000002   PAD
    0x20000020   0x08003cb4   0x00000004   Data   RW         5761    .data               tim8.o
    0x20000024   0x08003cb8   0x00000004   Data   RW         5794    .data               usart3.o
    0x20000028   0x08003cbc   0x00000064   Data   RW         5841    .data               dma1.o
    0x2000008c   0x08003d20   0x00000004   Data   RW         6306    .data               mc_w.l(stdout.o)
    0x20000090   0x08003d24   0x00000004   Data   RW         6362    .data               mc_w.l(errno.o)


    Execution Region ER_ZI (Exec base: 0x20000094, Load base: 0x08003d28, Size: 0x000004ec, Max: 0xffffffff, ABSOLUTE)

    Exec Addr    Load Addr    Size         Type   Attr      Idx    E Section Name        Object

    0x20000094        -       0x000000c8   Zero   RW         5433    .bss                bluetooth.o
    0x2000015c        -       0x00000024   Zero   RW         5876    .bss                main.o
    0x20000180        -       0x00000400   Zero   RW            1    STACK               startup_stm32f40_41xxx.o


==============================================================================

Image component sizes


      Code (inc. data)   RO Data    RW Data    ZI Data      Debug   Object Name

       692        162         78         12        200       5877   bluetooth.o
       180         20          0        100          0       1805   dma1.o
       104         12          0          0          0       1054   led.o
       430          6          0          0         36       4839   main.o
       140         24          0          0          0     230807   misc.o
       690         44          0          0          0       8109   motor.o
       152         26          0          0          0       3818   pushrod.o
       236         36          0          0          0       3865   servo.o
        36          8        392          0       1024        888   startup_stm32f40_41xxx.o
       538         40          0          0          0       5691   stm32f4xx_dma.o
       258          0          0          0          0       4372   stm32f4xx_gpio.o
        26          0          0          0          0       4422   stm32f4xx_it.o
       328         36          0         16          0       4787   stm32f4xx_rcc.o
      1630         66          0          0          0      24121   stm32f4xx_tim.o
       504          8          0          0          0       7620   stm32f4xx_usart.o
       326         78          0          0          0       7162   swic.o
       340         32          0          0          0      66757   system_stm32f4xx.o
       292         12          0          0          0        764   tim1.o
       380          8          0          0          0       1362   tim2.o
       356         16          0          0          0       1342   tim3.o
       356         14          0          0          0       1346   tim4.o
       352         14          0          0          0       1346   tim5.o
       348         18          0          4          0       1359   tim8.o
       268         24          0          2          0       1495   usart1.o
       264         26          0          4          0       3049   usart3.o

    ----------------------------------------------------------------------
      9256        734        504        140       1260     398057   Object Totals
         0          0         32          0          0          0   (incl. Generated)
        30          4          2          2          0          0   (incl. Padding)

    ----------------------------------------------------------------------

      Code (inc. data)   RO Data    RW Data    ZI Data      Debug   Library Member Name

       140         22          0          0          0        132   frexp.o
       266         16          0          0          0        308   narrow.o
        32          6          0          0          0        124   strtof.o
        64          0          0          0          0         84   _sgetc.o
        40          6         64          0          0         68   ctype_c.o
         0          0          0          0          0          0   entry.o
         0          0          0          0          0          0   entry10a.o
         0          0          0          0          0          0   entry11a.o
         8          4          0          0          0          0   entry2.o
         4          0          0          0          0          0   entry5.o
         0          0          0          0          0          0   entry7b.o
         0          0          0          0          0          0   entry8b.o
         8          4          0          0          0          0   entry9a.o
        12          6          0          4          0         68   errno.o
        30          0          0          0          0          0   handlers.o
        36          8          0          0          0         68   init.o
        10          0          0          0          0         68   isspace_c.o
         0          0          0          0          0          0   iusefp.o
        30          0          0          0          0         68   llshl.o
        36          0          0          0          0         68   llsshr.o
        32          0          0          0          0         68   llushr.o
        36          0          0          0          0        108   memseta.o
      2258         90          0          0          0        452   printfa.o
       878         12          0          0          0        216   scanf_fp.o
         0          0          0          4          0          0   stdout.o
        20          0          0          0          0         68   strchr.o
        24          0          0          0          0         76   strncpy.o
        36          0          0          0          0         80   strstr.o
       156         12          0          0          0        120   strtod.o
        26          0          0          0          0         80   strtof.o
        44          0          0          0          0         80   uidiv.o
        98          0          0          0          0         92   uldiv.o
        48          0          0          0          0         68   cdcmple.o
        48          0          0          0          0         68   cdrcmple.o
        56          0          0          0          0         88   d2f.o
       334          0          0          0          0        148   dadd.o
       222          0          0          0          0        100   ddiv.o
       186          0          0          0          0        176   depilogue.o
        48          0          0          0          0         68   dfixul.o
        24          0          0          0          0         76   dfltul.o
       228          0          0          0          0         96   dmul.o
        38          0          0          0          0         68   f2d.o
       110          0          0          0          0        168   fepilogue.o
         4          0          0          0          0         68   fpstat.o

    ----------------------------------------------------------------------
      5684        190         64          8          0       3688   Library Totals
        14          4          0          0          0          0   (incl. Padding)

    ----------------------------------------------------------------------

      Code (inc. data)   RO Data    RW Data    ZI Data      Debug   Library Name

       438         44          0          0          0        564   m_wm.l
      3886        142         64          8          0       1932   mc_w.l
      1346          0          0          0          0       1192   mf_w.l

    ----------------------------------------------------------------------
      5684        190         64          8          0       3688   Library Totals

    ----------------------------------------------------------------------

==============================================================================


      Code (inc. data)   RO Data    RW Data    ZI Data      Debug   

     14940        924        568        148       1260     386185   Grand Totals
     14940        924        568        148       1260     386185   ELF Image Totals
     14940        924        568        148          0          0   ROM Totals

==============================================================================

    Total RO  Size (Code + RO Data)                15508 (  15.14kB)
    Total RW  Size (RW Data + ZI Data)              1408 (   1.38kB)
    Total ROM Size (Code + RO Data + RW Data)      15656 (  15.29kB)

==============================================================================

