Component: ARM Compiler 5.06 update 5 (build 528) Tool: armlink [4d35e2]

==============================================================================

Section Cross References

    startup_stm32f40_41xxx.o(RESET) refers to startup_stm32f40_41xxx.o(STACK) for __initial_sp
    startup_stm32f40_41xxx.o(RESET) refers to startup_stm32f40_41xxx.o(.text) for Reset_Handler
    startup_stm32f40_41xxx.o(RESET) refers to stm32f4xx_it.o(i.NMI_Handler) for NMI_Handler
    startup_stm32f40_41xxx.o(RESET) refers to stm32f4xx_it.o(i.HardFault_Handler) for HardFault_Handler
    startup_stm32f40_41xxx.o(RESET) refers to stm32f4xx_it.o(i.MemManage_Handler) for MemManage_Handler
    startup_stm32f40_41xxx.o(RESET) refers to stm32f4xx_it.o(i.BusFault_Handler) for BusFault_Handler
    startup_stm32f40_41xxx.o(RESET) refers to stm32f4xx_it.o(i.UsageFault_Handler) for UsageFault_Handler
    startup_stm32f40_41xxx.o(RESET) refers to stm32f4xx_it.o(i.SVC_Handler) for SVC_Handler
    startup_stm32f40_41xxx.o(RESET) refers to stm32f4xx_it.o(i.DebugMon_Handler) for DebugMon_Handler
    startup_stm32f40_41xxx.o(RESET) refers to stm32f4xx_it.o(i.PendSV_Handler) for PendSV_Handler
    startup_stm32f40_41xxx.o(RESET) refers to stm32f4xx_it.o(i.SysTick_Handler) for SysTick_Handler
    startup_stm32f40_41xxx.o(RESET) refers to tim2.o(i.TIM2_IRQHandler) for TIM2_IRQHandler
    startup_stm32f40_41xxx.o(RESET) refers to tim3.o(i.TIM3_IRQHandler) for TIM3_IRQHandler
    startup_stm32f40_41xxx.o(RESET) refers to tim4.o(i.TIM4_IRQHandler) for TIM4_IRQHandler
    startup_stm32f40_41xxx.o(RESET) refers to usart1.o(i.USART1_IRQHandler) for USART1_IRQHandler
    startup_stm32f40_41xxx.o(RESET) refers to usart3.o(i.USART3_IRQHandler) for USART3_IRQHandler
    startup_stm32f40_41xxx.o(RESET) refers to tim8.o(i.TIM8_UP_TIM13_IRQHandler) for TIM8_UP_TIM13_IRQHandler
    startup_stm32f40_41xxx.o(RESET) refers to tim5.o(i.TIM5_IRQHandler) for TIM5_IRQHandler
    startup_stm32f40_41xxx.o(.text) refers to system_stm32f4xx.o(i.SystemInit) for SystemInit
    startup_stm32f40_41xxx.o(.text) refers to entry.o(.ARM.Collect$$$$00000000) for __main
    system_stm32f4xx.o(i.SystemCoreClockUpdate) refers to system_stm32f4xx.o(.data) for SystemCoreClock
    system_stm32f4xx.o(i.SystemInit) refers to system_stm32f4xx.o(i.SetSysClock) for SetSysClock
    stm32f4xx_adc.o(i.ADC_DeInit) refers to stm32f4xx_rcc.o(i.RCC_APB2PeriphResetCmd) for RCC_APB2PeriphResetCmd
    stm32f4xx_can.o(i.CAN_DeInit) refers to stm32f4xx_rcc.o(i.RCC_APB1PeriphResetCmd) for RCC_APB1PeriphResetCmd
    stm32f4xx_can.o(i.CAN_GetITStatus) refers to stm32f4xx_can.o(i.CheckITStatus) for CheckITStatus
    stm32f4xx_cryp.o(i.CRYP_DeInit) refers to stm32f4xx_rcc.o(i.RCC_AHB2PeriphResetCmd) for RCC_AHB2PeriphResetCmd
    stm32f4xx_cryp_aes.o(i.CRYP_AES_CBC) refers to stm32f4xx_cryp.o(i.CRYP_KeyStructInit) for CRYP_KeyStructInit
    stm32f4xx_cryp_aes.o(i.CRYP_AES_CBC) refers to stm32f4xx_cryp.o(i.CRYP_FIFOFlush) for CRYP_FIFOFlush
    stm32f4xx_cryp_aes.o(i.CRYP_AES_CBC) refers to stm32f4xx_cryp.o(i.CRYP_Init) for CRYP_Init
    stm32f4xx_cryp_aes.o(i.CRYP_AES_CBC) refers to stm32f4xx_cryp.o(i.CRYP_KeyInit) for CRYP_KeyInit
    stm32f4xx_cryp_aes.o(i.CRYP_AES_CBC) refers to stm32f4xx_cryp.o(i.CRYP_Cmd) for CRYP_Cmd
    stm32f4xx_cryp_aes.o(i.CRYP_AES_CBC) refers to stm32f4xx_cryp.o(i.CRYP_GetFlagStatus) for CRYP_GetFlagStatus
    stm32f4xx_cryp_aes.o(i.CRYP_AES_CBC) refers to stm32f4xx_cryp.o(i.CRYP_IVInit) for CRYP_IVInit
    stm32f4xx_cryp_aes.o(i.CRYP_AES_CBC) refers to stm32f4xx_cryp.o(i.CRYP_GetCmdStatus) for CRYP_GetCmdStatus
    stm32f4xx_cryp_aes.o(i.CRYP_AES_CBC) refers to stm32f4xx_cryp.o(i.CRYP_DataIn) for CRYP_DataIn
    stm32f4xx_cryp_aes.o(i.CRYP_AES_CBC) refers to stm32f4xx_cryp.o(i.CRYP_DataOut) for CRYP_DataOut
    stm32f4xx_cryp_aes.o(i.CRYP_AES_CCM) refers to stm32f4xx_cryp.o(i.CRYP_KeyStructInit) for CRYP_KeyStructInit
    stm32f4xx_cryp_aes.o(i.CRYP_AES_CCM) refers to stm32f4xx_cryp.o(i.CRYP_FIFOFlush) for CRYP_FIFOFlush
    stm32f4xx_cryp_aes.o(i.CRYP_AES_CCM) refers to stm32f4xx_cryp.o(i.CRYP_KeyInit) for CRYP_KeyInit
    stm32f4xx_cryp_aes.o(i.CRYP_AES_CCM) refers to stm32f4xx_cryp.o(i.CRYP_IVInit) for CRYP_IVInit
    stm32f4xx_cryp_aes.o(i.CRYP_AES_CCM) refers to stm32f4xx_cryp.o(i.CRYP_Init) for CRYP_Init
    stm32f4xx_cryp_aes.o(i.CRYP_AES_CCM) refers to stm32f4xx_cryp.o(i.CRYP_PhaseConfig) for CRYP_PhaseConfig
    stm32f4xx_cryp_aes.o(i.CRYP_AES_CCM) refers to stm32f4xx_cryp.o(i.CRYP_DataIn) for CRYP_DataIn
    stm32f4xx_cryp_aes.o(i.CRYP_AES_CCM) refers to stm32f4xx_cryp.o(i.CRYP_Cmd) for CRYP_Cmd
    stm32f4xx_cryp_aes.o(i.CRYP_AES_CCM) refers to stm32f4xx_cryp.o(i.CRYP_GetCmdStatus) for CRYP_GetCmdStatus
    stm32f4xx_cryp_aes.o(i.CRYP_AES_CCM) refers to stm32f4xx_cryp.o(i.CRYP_GetFlagStatus) for CRYP_GetFlagStatus
    stm32f4xx_cryp_aes.o(i.CRYP_AES_CCM) refers to stm32f4xx_cryp.o(i.CRYP_DataOut) for CRYP_DataOut
[...]
    i.MotorLeft_GetRemotePWM                 0x08001b0c   Section        0  motor.o(i.MotorLeft_GetRemotePWM)
    i.MotorLeft_GetRemotePWM2                0x08001b78   Section        0  motor.o(i.MotorLeft_GetRemotePWM2)
    i.MotorLeft_SetPWM                       0x08001c0c   Section        0  motor.o(i.MotorLeft_SetPWM)
    i.MotorRight_GetRemotePWM                0x08001c30   Section        0  motor.o(i.MotorRight_GetRemotePWM)
    i.MotorRight_GetRemotePWM2               0x08001c9c   Section        0  motor.o(i.MotorRight_GetRemotePWM2)
    i.MotorRight_SetPWM                      0x08001d30   Section        0  motor.o(i.MotorRight_SetPWM)
    i.MotorX_GetRemoteOriPWM                 0x08001d54   Section        0  motor.o(i.MotorX_GetRemoteOriPWM)
    i.MotorY_GetRemoteOriPWM                 0x08001d62   Section        0  motor.o(i.MotorY_GetRemoteOriPWM)
    i.Motor_Init                             0x08001d70   Section        0  motor.o(i.Motor_Init)
    i.Motor_Start                            0x08001d7c   Section        0  motor.o(i.Motor_Start)
    i.Motor_Stop                             0x08001d98   Section        0  motor.o(i.Motor_Stop)
    i.NMI_Handler                            0x08001dc0   Section        0  stm32f4xx_it.o(i.NMI_Handler)
    i.NVIC_Init                              0x08001dc4   Section        0  misc.o(i.NVIC_Init)
    i.NVIC_PriorityGroupConfig               0x08001e3c   Section        0  misc.o(i.NVIC_PriorityGroupConfig)
    i.PendSV_Handler                         0x08001e50   Section        0  stm32f4xx_it.o(i.PendSV_Handler)
    i.Pump_GetPWM                            0x08001e52   Section        0  swic.o(i.Pump_GetPWM)
    i.Pump_SetPWM                            0x08001e78   Section        0  swic.o(i.Pump_SetPWM)
    i.Pump_Start                             0x08001e8c   Section        0  swic.o(i.Pump_Start)
    i.Pump_Stop                              0x08001ea0   Section        0  swic.o(i.Pump_Stop)
    i.PushrodLeft_SetPWM                     0x08001eb4   Section        0  pushrod.o(i.PushrodLeft_SetPWM)
    i.PushrodRight_SetPWM                    0x08001ec8   Section        0  pushrod.o(i.PushrodRight_SetPWM)
    i.Pushrod_GetRemoteOriPWM                0x08001edc   Section        0  pushrod.o(i.Pushrod_GetRemoteOriPWM)
    i.Pushrod_GetRemotePWM                   0x08001efc   Section        0  pushrod.o(i.Pushrod_GetRemotePWM)
    i.Pushrod_Init                           0x08001f08   Section        0  pushrod.o(i.Pushrod_Init)
    i.Pushrod_Start                          0x08001f14   Section        0  pushrod.o(i.Pushrod_Start)
    i.Pushrod_Stop                           0x08001f30   Section        0  pushrod.o(i.Pushrod_Stop)
    i.RCC_AHB1PeriphClockCmd                 0x08001f4c   Section        0  stm32f4xx_rcc.o(i.RCC_AHB1PeriphClockCmd)
    i.RCC_APB1PeriphClockCmd                 0x08001f6c   Section        0  stm32f4xx_rcc.o(i.RCC_APB1PeriphClockCmd)
    i.RCC_APB2PeriphClockCmd                 0x08001f8c   Section        0  stm32f4xx_rcc.o(i.RCC_APB2PeriphClockCmd)
    i.RCC_APB2PeriphResetCmd                 0x08001fac   Section        0  stm32f4xx_rcc.o(i.RCC_APB2PeriphResetCmd)
    i.RCC_GetClocksFreq                      0x08001fcc   Section        0  stm32f4xx_rcc.o(i.RCC_GetClocksFreq)
    i.SVC_Handler                            0x080020b4   Section        0  stm32f4xx_it.o(i.SVC_Handler)
    i.SWIC1_GetRemoteOriPWM                  0x080020b8   Section        0  swic.o(i.SWIC1_GetRemoteOriPWM)
    i.SWIC2_GetRemoteOriPWM                  0x080020c8   Section        0  swic.o(i.SWIC2_GetRemoteOriPWM)
    i.SWIC3_GetRemoteOriPWM                  0x080020d8   Section        0  swic.o(i.SWIC3_GetRemoteOriPWM)
    i.SWIC4_GetRemoteOriPWM                  0x080020e8   Section        0  swic.o(i.SWIC4_GetRemoteOriPWM)
    i.SWIC_GetRemoteState                    0x080020f8   Section        0  swic.o(i.SWIC_GetRemoteState)
    i.SWIC_Init                              0x08002154   Section        0  swic.o(i.SWIC_Init)
    i.ServoLeft_SetPWM                       0x08002160   Section        0  servo.o(i.ServoLeft_SetPWM)
    i.ServoRight_SetPWM                      0x08002184   Section        0  servo.o(i.ServoRight_SetPWM)
    i.Servo_GetRemoteOriPWM                  0x080021a8   Section        0  servo.o(i.Servo_GetRemoteOriPWM)
    i.Servo_GetRemotePWM                     0x080021b8   Section        0  servo.o(i.Servo_GetRemotePWM)
    i.Servo_Init                             0x08002208   Section        0  servo.o(i.Servo_Init)
    i.Servo_Reset                            0x08002214   Section        0  servo.o(i.Servo_Reset)
    i.Servo_Start                            0x08002230   Section        0  servo.o(i.Servo_Start)
    i.SetSysClock                            0x0800224c   Section        0  system_stm32f4xx.o(i.SetSysClock)
    SetSysClock                              0x0800224d   Thumb Code   220  system_stm32f4xx.o(i.SetSysClock)
    i.SysTick_Handler                        0x08002338   Section        0  stm32f4xx_it.o(i.SysTick_Handler)
    i.SystemInit                             0x0800233c   Section        0  system_stm32f4xx.o(i.SystemInit)
    i.TI1_Config                             0x080023a4   Section        0  stm32f4xx_tim.o(i.TI1_Config)
    TI1_Config                               0x080023a5   Thumb Code    58  stm32f4xx_tim.o(i.TI1_Config)
    i.TI2_Config                             0x080023de   Section        0  stm32f4xx_tim.o(i.TI2_Config)
    TI2_Config                               0x080023df   Thumb Code    80  stm32f4xx_tim.o(i.TI2_Config)
    i.TI3_Config                             0x0800242e   Section        0  stm32f4xx_tim.o(i.TI3_Config)
    TI3_Config                               0x0800242f   Thumb Code    72  stm32f4xx_tim.o(i.TI3_Config)
    i.TI4_Config                             0x08002476   Section        0  stm32f4xx_tim.o(i.TI4_Config)
    TI4_Config                               0x08002477   Thumb Code    80  stm32f4xx_tim.o(i.TI4_Config)
    i.TIM1_Init                              0x080024c8   Section        0  tim1.o(i.TIM1_Init)
    i.TIM2_IRQHandler                        0x080025ec   Section        0  tim2.o(i.TIM2_IRQHandler)
    i.TIM2_Init                              0x0800260c   Section        0  tim2.o(i.TIM2_Init)
    i.TIM3_IRQHandler                        0x08002768   Section        0  tim3.o(i.TIM3_IRQHandler)
    i.TIM3_Init                              0x0800278c   Section        0  tim3.o(i.TIM3_Init)
    i.TIM4_IRQHandler                        0x080028cc   Section        0  tim4.o(i.TIM4_IRQHandler)
    i.TIM4_Init                              0x080028f0   Section        0  tim4.o(i.TIM4_Init)
    i.TIM5_IRQHandler                        0x08002a30   Section        0  tim5.o(i.TIM5_IRQHandler)
    i.TIM5_Init                              0x08002a54   Section        0  tim5.o(i.TIM5_Init)
    i.TIM8_Init                              0x08002b90   Section        0  tim8.o(i.TIM8_Init)
    i.TIM8_UP_TIM13_IRQHandler               0x08002cb4   Section        0  tim8.o(i.TIM8_UP_TIM13_IRQHandler)
    i.TIM_ARRPreloadConfig                   0x08002d10   Section        0  stm32f4xx_tim.o(i.TIM_ARRPreloadConfig)
    i.TIM_CCxCmd                             0x08002d28   Section        0  stm32f4xx_tim.o(i.TIM_CCxCmd)
    i.TIM_ClearFlag                          0x08002d46   Section        0  stm32f4xx_tim.o(i.TIM_ClearFlag)
    i.TIM_Cmd                                0x08002d4c   Section        0  stm32f4xx_tim.o(i.TIM_Cmd)
    i.TIM_CtrlPWMOutputs                     0x08002d64   Section        0  stm32f4xx_tim.o(i.TIM_CtrlPWMOutputs)
    i.TIM_GetCapture2                        0x08002d82   Section        0  stm32f4xx_tim.o(i.TIM_GetCapture2)
    i.TIM_GetCapture4                        0x08002d88   Section        0  stm32f4xx_tim.o(i.TIM_GetCapture4)
    i.TIM_GetFlagStatus                      0x08002d8e   Section        0  stm32f4xx_tim.o(i.TIM_GetFlagStatus)
    i.TIM_ICInit                             0x08002da0   Section        0  stm32f4xx_tim.o(i.TIM_ICInit)
    i.TIM_ITConfig                           0x08002e0e   Section        0  stm32f4xx_tim.o(i.TIM_ITConfig)
    i.TIM_InternalClockConfig                0x08002e20   Section        0  stm32f4xx_tim.o(i.TIM_InternalClockConfig)
    i.TIM_OC1Init                            0x08002e2c   Section        0  stm32f4xx_tim.o(i.TIM_OC1Init)
    i.TIM_OC1PreloadConfig                   0x08002ea8   Section        0  stm32f4xx_tim.o(i.TIM_OC1PreloadConfig)
    i.TIM_OC2Init                            0x08002ebc   Section        0  stm32f4xx_tim.o(i.TIM_OC2Init)
    i.TIM_OC2PreloadConfig                   0x08002f60   Section        0  stm32f4xx_tim.o(i.TIM_OC2PreloadConfig)
    i.TIM_OC3Init                            0x08002f7c   Section        0  stm32f4xx_tim.o(i.TIM_OC3Init)
    i.TIM_OC3PreloadConfig                   0x0800301c   Section        0  stm32f4xx_tim.o(i.TIM_OC3PreloadConfig)
    i.TIM_OC4Init                            0x08003030   Section        0  stm32f4xx_tim.o(i.TIM_OC4Init)
    i.TIM_OC4PreloadConfig                   0x080030a8   Section        0  stm32f4xx_tim.o(i.TIM_OC4PreloadConfig)
    i.TIM_PWMIConfig                         0x080030c2   Section        0  stm32f4xx_tim.o(i.TIM_PWMIConfig)
    i.TIM_SelectInputTrigger                 0x0800313e   Section        0  stm32f4xx_tim.o(i.TIM_SelectInputTrigger)
    i.TIM_SelectSlaveMode                    0x08003150   Section        0  stm32f4xx_tim.o(i.TIM_SelectSlaveMode)
    i.TIM_SetCompare1                        0x08003162   Section        0  stm32f4xx_tim.o(i.TIM_SetCompare1)
    i.TIM_SetCompare2                        0x08003166   Section        0  stm32f4xx_tim.o(i.TIM_SetCompare2)
    i.TIM_SetCompare3                        0x0800316a   Section        0  stm32f4xx_tim.o(i.TIM_SetCompare3)
    i.TIM_SetCompare4                        0x0800316e   Section        0  stm32f4xx_tim.o(i.TIM_SetCompare4)
    i.TIM_SetCounter                         0x08003172   Section        0  stm32f4xx_tim.o(i.TIM_SetCounter)
    i.TIM_SetIC1Prescaler                    0x08003176   Section        0  stm32f4xx_tim.o(i.TIM_SetIC1Prescaler)
    i.TIM_SetIC2Prescaler                    0x08003188   Section        0  stm32f4xx_tim.o(i.TIM_SetIC2Prescaler)
    i.TIM_SetIC3Prescaler                    0x080031a2   Section        0  stm32f4xx_tim.o(i.TIM_SetIC3Prescaler)
    i.TIM_SetIC4Prescaler                    0x080031b4   Section        0  stm32f4xx_tim.o(i.TIM_SetIC4Prescaler)
    i.TIM_TimeBaseInit                       0x080031d0   Section        0  stm32f4xx_tim.o(i.TIM_TimeBaseInit)
    i.USART1_Config                          0x08003254   Section        0  usart1.o(i.USART1_Config)
    i.USART1_IRQHandler                      0x08003318   Section        0  usart1.o(i.USART1_IRQHandler)
    i.USART1_SetIRQHandler                   0x08003328   Section        0  usart1.o(i.USART1_SetIRQHandler)
    i.USART3_Config                          0x08003334   Section        0  usart3.o(i.USART3_Config)
    i.USART3_IRQHandler                      0x080033fc   Section        0  usart3.o(i.USART3_IRQHandler)
    i.USART3_SetHandler                      0x0800340c   Section        0  usart3.o(i.USART3_SetHandler)
    i.USART_ClearITPendingBit                0x08003418   Section        0  stm32f4xx_usart.o(i.USART_ClearITPendingBit)
    i.USART_Cmd                              0x08003436   Section        0  stm32f4xx_usart.o(i.USART_Cmd)
    i.USART_DMACmd                           0x0800344e   Section        0  stm32f4xx_usart.o(i.USART_DMACmd)
    i.USART_DMA_GetInfo                      0x08003460   Section        0  usart_dma.o(i.USART_DMA_GetInfo)
    i.USART_DMA_IRQHandler                   0x080034c0   Section        0  usart_dma.o(i.USART_DMA_IRQHandler)
    USART_DMA_IRQHandler                     0x080034c1   Thumb Code    74  usart_dma.o(i.USART_DMA_IRQHandler)
    i.USART_DMA_Init                         0x08003524   Section        0  usart_dma.o(i.USART_DMA_Init)
    i.USART_DMA_SendString                   0x08003548   Section        0  usart_dma.o(i.USART_DMA_SendString)
    i.USART_DMA_UpdateBuf                    0x0800355c   Section        0  usart_dma.o(i.USART_DMA_UpdateBuf)
    i.USART_GetFlagStatus                    0x08003588   Section        0  stm32f4xx_usart.o(i.USART_GetFlagStatus)
    i.USART_GetITStatus                      0x080035a2   Section        0  stm32f4xx_usart.o(i.USART_GetITStatus)
    i.USART_ITConfig                         0x080035f6   Section        0  stm32f4xx_usart.o(i.USART_ITConfig)
    i.USART_Init                             0x08003640   Section        0  stm32f4xx_usart.o(i.USART_Init)
    i.USART_SendData                         0x08003714   Section        0  stm32f4xx_usart.o(i.USART_SendData)
    i.UsageFault_Handler                     0x0800371c   Section        0  stm32f4xx_it.o(i.UsageFault_Handler)
    i.Usart_SendString                       0x08003720   Section        0  usart1.o(i.Usart_SendString)
    i.__0printf                              0x08003758   Section        0  printfa.o(i.__0printf)
    i.__0sprintf                             0x08003778   Section        0  printfa.o(i.__0sprintf)
    i.__aeabi_errno_addr                     0x080037a0   Section        0  errno.o(i.__aeabi_errno_addr)
    i.__hardfp___mathlib_tofloat             0x080037a8   Section        0  narrow.o(i.__hardfp___mathlib_tofloat)
    i.__hardfp_strtof                        0x080038a0   Section        0  strtof.o(i.__hardfp_strtof)
    i.__mathlib_narrow                       0x080038c0   Section        0  narrow.o(i.__mathlib_narrow)
    i.__scatterload_copy                     0x080038d2   Section       14  handlers.o(i.__scatterload_copy)
    i.__scatterload_null                     0x080038e0   Section        2  handlers.o(i.__scatterload_null)
    i.__scatterload_zeroinit                 0x080038e2   Section       14  handlers.o(i.__scatterload_zeroinit)
    i.__set_errno                            0x080038f0   Section        0  errno.o(i.__set_errno)
    i._fp_digits                             0x080038fc   Section        0  printfa.o(i._fp_digits)
    _fp_digits                               0x080038fd   Thumb Code   366  printfa.o(i._fp_digits)
    i._is_digit                              0x08003a80   Section        0  scanf_fp.o(i._is_digit)
    i._printf_core                           0x08003a90   Section        0  printfa.o(i._printf_core)
    _printf_core                             0x08003a91   Thumb Code  1744  printfa.o(i._printf_core)
    i._printf_post_padding                   0x0800416c   Section        0  printfa.o(i._printf_post_padding)
    _printf_post_padding                     0x0800416d   Thumb Code    36  printfa.o(i._printf_post_padding)
    i._printf_pre_padding                    0x08004190   Section        0  printfa.o(i._printf_pre_padding)
    _printf_pre_padding                      0x08004191   Thumb Code    46  printfa.o(i._printf_pre_padding)
    i._sputc                                 0x080041be   Section        0  printfa.o(i._sputc)
    _sputc                                   0x080041bf   Thumb Code    10  printfa.o(i._sputc)
    i.fputc                                  0x080041c8   Section        0  usart3.o(i.fputc)
    i.frexp                                  0x080041f0   Section        0  frexp.o(i.frexp)
    i.main                                   0x0800427c   Section        0  main.o(i.main)
    i.test                                   0x08004430   Section        0  main.o(i.test)
    .constdata                               0x08004498   Section      129  ctype_o.o(.constdata)
    .constdata                               0x0800451c   Section        4  ctype_o.o(.constdata)
    table                                    0x0800451c   Data           4  ctype_o.o(.constdata)
    .conststring                             0x08004520   Section       78  bluetooth.o(.conststring)
    .data                                    0x20000000   Section       16  stm32f4xx_rcc.o(.data)
    APBAHBPrescTable                         0x20000000   Data          16  stm32f4xx_rcc.o(.data)
    .data                                    0x20000010   Section       12  bluetooth.o(.data)
    Bluetooth                                0x20000014   Data           8  bluetooth.o(.data)
    .data                                    0x2000001c   Section        8  usart_dma.o(.data)
    Usart                                    0x2000001c   Data           8  usart_dma.o(.data)
    .data                                    0x20000028   Section       56  measure.o(.data)
    lastPerV                                 0x20000028   Data           1  measure.o(.data)
    futherPerV                               0x20000029   Data           1  measure.o(.data)
    lastV                                    0x20000030   Data           8  measure.o(.data)
    futherV                                  0x20000038   Data           8  measure.o(.data)
    lastV                                    0x20000040   Data           8  measure.o(.data)
    futherV                                  0x20000048   Data           8  measure.o(.data)
    lastTemp                                 0x20000050   Data           8  measure.o(.data)
    furtherTemp                              0x20000058   Data           8  measure.o(.data)
    .data                                    0x20000060   Section        4  usart1.o(.data)
    .data                                    0x20000064   Section       12  tim8.o(.data)
    num                                      0x20000068   Data           4  tim8.o(.data)
    VSendTime                                0x2000006c   Data           4  tim8.o(.data)
    .data                                    0x20000070   Section        4  usart3.o(.data)
    .data                                    0x20000074   Section      100  dma1.o(.data)
    .data                                    0x200000d8   Section        6  dma2.o(.data)
    .data                                    0x200000e0   Section        4  stdout.o(.data)
    .data                                    0x200000e4   Section        4  errno.o(.data)
    _errno                                   0x200000e4   Data           4  errno.o(.data)
    .bss                                     0x200000e8   Section      200  bluetooth.o(.bss)
    temp_string                              0x200000e8   Data         100  bluetooth.o(.bss)
    temp_string                              0x2000014c   Data         100  bluetooth.o(.bss)
    .bss                                     0x200001b0   Section      300  usart_dma.o(.bss)
    temp_string                              0x20000214   Data         100  usart_dma.o(.bss)
    temp_string                              0x20000278   Data         100  usart_dma.o(.bss)
    .bss                                     0x200002dc   Section      100  dma2.o(.bss)
    .bss                                     0x20000340   Section       36  main.o(.bss)
    STACK                                    0x20000368   Section     1024  startup_stm32f40_41xxx.o(STACK)

    Global Symbols

    Symbol Name                              Value     Ov Type        Size  Object(Section)

    BuildAttributes$$THM_ISAv4$E$P$D$K$B$S$7EM$VFPi3$EXTD16$VFPS$VFMA$PE$A:L22UL41UL21$X:L11$S22US41US21$IEEE1$IW$USESV6$~STKCKD$USESV7$~SHL$OTIME$ROPI$IEEEJ$EBA8$MICROLIB$REQ8$PRES8$EABIv2 0x00000000   Number         0  anon$$obj.o ABSOLUTE
    __ARM_use_no_argv                        0x00000000   Number         0  main.o ABSOLUTE
    _printf_a                                0x00000000   Number         0  stubs.o ABSOLUTE
    _printf_c                                0x00000000   Number         0  stubs.o ABSOLUTE
    _printf_charcount                        0x00000000   Number         0  stubs.o ABSOLUTE
    _printf_d                                0x00000000   Number         0  stubs.o ABSOLUTE
    _printf_e                                0x00000000   Number         0  stubs.o ABSOLUTE
    _printf_f                                0x00000000   Number         0  stubs.o ABSOLUTE
    _printf_flags                            0x00000000   Number         0  stubs.o ABSOLUTE
    _printf_fp_dec                           0x00000000   Number         0  stubs.o ABSOLUTE
    _printf_fp_hex                           0x00000000   Number         0  stubs.o ABSOLUTE
    _printf_g                                0x00000000   Number         0  stubs.o ABSOLUTE
    _printf_i                                0x00000000   Number         0  stubs.o ABSOLUTE
    _printf_int_dec                          0x00000000   Number         0  stubs.o ABSOLUTE
    _printf_l                                0x00000000   Number         0  stubs.o ABSOLUTE
    _printf_lc                               0x00000000   Number         0  stubs.o ABSOLUTE
    _printf_ll                               0x00000000   Number         0  stubs.o ABSOLUTE
    _printf_lld                              0x00000000   Number         0  stubs.o ABSOLUTE
    _printf_lli                              0x00000000   Number         0  stubs.o ABSOLUTE
    _printf_llo                              0x00000000   Number         0  stubs.o ABSOLUTE
    _printf_llu                              0x00000000   Number         0  stubs.o ABSOLUTE
    _printf_llx                              0x00000000   Number         0  stubs.o ABSOLUTE
    _printf_longlong_dec                     0x00000000   Number         0  stubs.o ABSOLUTE
    _printf_longlong_hex                     0x00000000   Number         0  stubs.o ABSOLUTE
    _printf_longlong_oct                     0x00000000   Number         0  stubs.o ABSOLUTE
    _printf_ls                               0x00000000   Number         0  stubs.o ABSOLUTE
    _printf_mbtowc                           0x00000000   Number         0  stubs.o ABSOLUTE
    _printf_n                                0x00000000   Number         0  stubs.o ABSOLUTE
    _printf_o                                0x00000000   Number         0  stubs.o ABSOLUTE
    _printf_p                                0x00000000   Number         0  stubs.o ABSOLUTE
    _printf_percent                          0x00000000   Number         0  stubs.o ABSOLUTE
    _printf_pre_padding                      0x00000000   Number         0  stubs.o ABSOLUTE
    _printf_return_value                     0x00000000   Number         0  stubs.o ABSOLUTE
    _printf_s                                0x00000000   Number         0  stubs.o ABSOLUTE
    _printf_sizespec                         0x00000000   Number         0  stubs.o ABSOLUTE
    _printf_str                              0x00000000   Number         0  stubs.o ABSOLUTE
    _printf_truncate_signed                  0x00000000   Number         0  stubs.o ABSOLUTE
    _printf_truncate_unsigned                0x00000000   Number         0  stubs.o ABSOLUTE
    _printf_u                                0x00000000   Number         0  stubs.o ABSOLUTE
    _printf_wc                               0x00000000   Number         0  stubs.o ABSOLUTE
    _printf_wctomb                           0x00000000   Number         0  stubs.o ABSOLUTE
    _printf_widthprec                        0x00000000   Number         0  stubs.o ABSOLUTE
    _printf_x                                0x00000000   Number         0  stubs.o ABSOLUTE
    __cpp_initialize__aeabi_                  - Undefined Weak Reference
    __cxa_finalize                            - Undefined Weak Reference
    __decompress                              - Undefined Weak Reference
    _clock_init                               - Undefined Weak Reference
    _microlib_exit                            - Undefined Weak Reference
    __Vectors_Size                           0x00000188   Number         0  startup_stm32f40_41xxx.o ABSOLUTE
    __Vectors                                0x08000000   Data           4  startup_stm32f40_41xxx.o(RESET)
    __Vectors_End                            0x08000188   Data           0  startup_stm32f40_41xxx.o(RESET)
    __main                                   0x08000189   Thumb Code     0  entry.o(.ARM.Collect$$$$00000000)
    _main_stk                                0x08000189   Thumb Code     0  entry2.o(.ARM.Collect$$$$00000001)
    _main_scatterload                        0x0800018d   Thumb Code     0  entry5.o(.ARM.Collect$$$$00000004)
    __main_after_scatterload                 0x08000191   Thumb Code     0  entry5.o(.ARM.Collect$$$$00000004)
    _main_clock                              0x08000191   Thumb Code     0  entry7b.o(.ARM.Collect$$$$00000008)
    _main_cpp_init                           0x08000191   Thumb Code     0  entry8b.o(.ARM.Collect$$$$0000000A)
    _main_init                               0x08000191   Thumb Code     0  entry9a.o(.ARM.Collect$$$$0000000B)
    __rt_final_cpp                           0x08000199   Thumb Code     0  entry10a.o(.ARM.Collect$$$$0000000D)
    __rt_final_exit                          0x08000199   Thumb Code     0  entry11a.o(.ARM.Collect$$$$0000000F)
    Reset_Handler                            0x0800019d   Thumb Code     8  startup_stm32f40_41xxx.o(.text)
    ADC_IRQHandler                           0x080001b7   Thumb Code     0  startup_stm32f40_41xxx.o(.text)
    CAN1_RX0_IRQHandler                      0x080001b7   Thumb Code     0  startup_stm32f40_41xxx.o(.text)
    CAN1_RX1_IRQHandler                      0x080001b7   Thumb Code     0  startup_stm32f40_41xxx.o(.text)
    CAN1_SCE_IRQHandler                      0x080001b7   Thumb Code     0  startup_stm32f40_41xxx.o(.text)
    CAN1_TX_IRQHandler                       0x080001b7   Thumb Code     0  startup_stm32f40_41xxx.o(.text)
    CAN2_RX0_IRQHandler                      0x080001b7   Thumb Code     0  startup_stm32f40_41xxx.o(.text)
    CAN2_RX1_IRQHandler                      0x080001b7   Thumb Code     0  startup_stm32f40_41xxx.o(.text)
    CAN2_SCE_IRQHandler                      0x080001b7   Thumb Code     0  startup_stm32f40_41xxx.o(.text)
    CAN2_TX_IRQHandler                       0x080001b7   Thumb Code     0  startup_stm32f40_41xxx.o(.text)
    CRYP_IRQHandler                          0x080001b7   Thumb Code     0  startup_stm32f40_41xxx.o(.text)
    DCMI_IRQHandler                          0x080001b7   Thumb Code     0  startup_stm32f40_41xxx.o(.text)
    DMA1_Stream0_IRQHandler                  0x080001b7   Thumb Code     0  startup_stm32f40_41xxx.o(.text)
    DMA1_Stream1_IRQHandler                  0x080001b7   Thumb Code     0  startup_stm32f40_41xxx.o(.text)
    DMA1_Stream2_IRQHandler                  0x080001b7   Thumb Code     0  startup_stm32f40_41xxx.o(.text)
    DMA1_Stream3_IRQHandler                  0x080001b7   Thumb Code     0  startup_stm32f40_41xxx.o(.text)
    DMA1_Stream4_IRQHandler                  0x080001b7   Thumb Code     0  startup_stm32f40_41xxx.o(.text)
    DMA1_Stream5_IRQHandler                  0x080001b7   Thumb Code     0  startup_stm32f40_41xxx.o(.text)
    DMA1_Stream6_IRQHandler                  0x080001b7   Thumb Code     0  startup_stm32f40_41xxx.o(.text)
    DMA1_Stream7_IRQHandler                  0x080001b7   Thumb Code     0  startup_stm32f40_41xxx.o(.text)
    DMA2_Stream0_IRQHandler                  0x080001b7   Thumb Code     0  startup_stm32f40_41xxx.o(.text)
    DMA2_Stream1_IRQHandler                  0x080001b7   Thumb Code     0  startup_stm32f40_41xxx.o(.text)
    DMA2_Stream2_IRQHandler                  0x080001b7   Thumb Code     0  startup_stm32f40_41xxx.o(.text)
    DMA2_Stream3_IRQHandler                  0x080001b7   Thumb Code     0  startup_stm32f40_41xxx.o(.text)
    DMA2_Stream4_IRQHandler                  0x080001b7   Thumb Code     0  startup_stm32f40_41xxx.o(.text)
    DMA2_Stream5_IRQHandler                  0x080001b7   Thumb Code     0  startup_stm32f40_41xxx.o(.text)
    DMA2_Stream6_IRQHandler                  0x080001b7   Thumb Code     0  startup_stm32f40_41xxx.o(.text)
    DMA2_Stream7_IRQHandler                  0x080001b7   Thumb Code     0  startup_stm32f40_41xxx.o(.text)
    ETH_IRQHandler                           0x080001b7   Thumb Code     0  startup_stm32f40_41xxx.o(.text)
    ETH_WKUP_IRQHandler                      0x080001b7   Thumb Code     0  startup_stm32f40_41xxx.o(.text)
    EXTI0_IRQHandler                         0x080001b7   Thumb Code     0  startup_stm32f40_41xxx.o(.text)
    EXTI15_10_IRQHandler                     0x080001b7   Thumb Code     0  startup_stm32f40_41xxx.o(.text)
    EXTI1_IRQHandler                         0x080001b7   Thumb Code     0  startup_stm32f40_41xxx.o(.text)
    EXTI2_IRQHandler                         0x080001b7   Thumb Code     0  startup_stm32f40_41xxx.o(.text)
    EXTI3_IRQHandler                         0x080001b7   Thumb Code     0  startup_stm32f40_41xxx.o(.text)
    EXTI4_IRQHandler                         0x080001b7   Thumb Code     0  startup_stm32f40_41xxx.o(.text)
    EXTI9_5_IRQHandler                       0x080001b7   Thumb Code     0  startup_stm32f40_41xxx.o(.text)
    FLASH_IRQHandler                         0x080001b7   Thumb Code     0  startup_stm32f40_41xxx.o(.text)
    FPU_IRQHandler                           0x080001b7   Thumb Code     0  startup_stm32f40_41xxx.o(.text)
    FSMC_IRQHandler                          0x080001b7   Thumb Code     0  startup_stm32f40_41xxx.o(.text)
    HASH_RNG_IRQHandler                      0x080001b7   Thumb Code     0  startup_stm32f40_41xxx.o(.text)
    I2C1_ER_IRQHandler                       0x080001b7   Thumb Code     0  startup_stm32f40_41xxx.o(.text)
    I2C1_EV_IRQHandler                       0x080001b7   Thumb Code     0  startup_stm32f40_41xxx.o(.text)
    I2C2_ER_IRQHandler                       0x080001b7   Thumb Code     0  startup_stm32f40_41xxx.o(.text)
    I2C2_EV_IRQHandler                       0x080001b7   Thumb Code     0  startup_stm32f40_41xxx.o(.text)
    I2C3_ER_IRQHandler                       0x080001b7   Thumb Code     0  startup_stm32f40_41xxx.o(.text)
    I2C3_EV_IRQHandler                       0x080001b7   Thumb Code     0  startup_stm32f40_41xxx.o(.text)
    OTG_FS_IRQHandler                        0x080001b7   Thumb Code     0  startup_stm32f40_41xxx.o(.text)
    OTG_FS_WKUP_IRQHandler                   0x080001b7   Thumb Code     0  startup_stm32f40_41xxx.o(.text)
    OTG_HS_EP1_IN_IRQHandler                 0x080001b7   Thumb Code     0  startup_stm32f40_41xxx.o(.text)
    OTG_HS_EP1_OUT_IRQHandler                0x080001b7   Thumb Code     0  startup_stm32f40_41xxx.o(.text)
    OTG_HS_IRQHandler                        0x080001b7   Thumb Code     0  startup_stm32f40_41xxx.o(.text)
    OTG_HS_WKUP_IRQHandler                   0x080001b7   Thumb Code     0  startup_stm32f40_41xxx.o(.text)
    PVD_IRQHandler                           0x080001b7   Thumb Code     0  startup_stm32f40_41xxx.o(.text)
    RCC_IRQHandler                           0x080001b7   Thumb Code     0  startup_stm32f40_41xxx.o(.text)
    RTC_Alarm_IRQHandler                     0x080001b7   Thumb Code     0  startup_stm32f40_41xxx.o(.text)
    RTC_WKUP_IRQHandler                      0x080001b7   Thumb Code     0  startup_stm32f40_41xxx.o(.text)
    SDIO_IRQHandler                          0x080001b7   Thumb Code     0  startup_stm32f40_41xxx.o(.text)
    SPI1_IRQHandler                          0x080001b7   Thumb Code     0  startup_stm32f40_41xxx.o(.text)
    SPI2_IRQHandler                          0x080001b7   Thumb Code     0  startup_stm32f40_41xxx.o(.text)
    SPI3_IRQHandler                          0x080001b7   Thumb Code     0  startup_stm32f40_41xxx.o(.text)
    TAMP_STAMP_IRQHandler                    0x080001b7   Thumb Code     0  startup_stm32f40_41xxx.o(.text)
    TIM1_BRK_TIM9_IRQHandler                 0x080001b7   Thumb Code     0  startup_stm32f40_41xxx.o(.text)
    TIM1_CC_IRQHandler                       0x080001b7   Thumb Code     0  startup_stm32f40_41xxx.o(.text)
    TIM1_TRG_COM_TIM11_IRQHandler            0x080001b7   Thumb Code     0  startup_stm32f40_41xxx.o(.text)
    TIM1_UP_TIM10_IRQHandler                 0x080001b7   Thumb Code     0  startup_stm32f40_41xxx.o(.text)
    TIM6_DAC_IRQHandler                      0x080001b7   Thumb Code     0  startup_stm32f40_41xxx.o(.text)
    TIM7_IRQHandler                          0x080001b7   Thumb Code     0  startup_stm32f40_41xxx.o(.text)
    TIM8_BRK_TIM12_IRQHandler                0x080001b7   Thumb Code     0  startup_stm32f40_41xxx.o(.text)
    TIM8_CC_IRQHandler                       0x080001b7   Thumb Code     0  startup_stm32f40_41xxx.o(.text)
    TIM8_TRG_COM_TIM14_IRQHandler            0x080001b7   Thumb Code     0  startup_stm32f40_41xxx.o(.text)
    UART4_IRQHandler                         0x080001b7   Thumb Code     0  startup_stm32f40_41xxx.o(.text)
    UART5_IRQHandler                         0x080001b7   Thumb Code     0  startup_stm32f40_41xxx.o(.text)
    USART2_IRQHandler                        0x080001b7   Thumb Code     0  startup_stm32f40_41xxx.o(.text)
    USART6_IRQHandler                        0x080001b7   Thumb Code     0  startup_stm32f40_41xxx.o(.text)
    WWDG_IRQHandler                          0x080001b7   Thumb Code     0  startup_stm32f40_41xxx.o(.text)
    __aeabi_memset                           0x080001c1   Thumb Code    14  memseta.o(.text)
    __aeabi_memset4                          0x080001c1   Thumb Code     0  memseta.o(.text)
    __aeabi_memset8                          0x080001c1   Thumb Code     0  memseta.o(.text)
    __aeabi_memclr                           0x080001cf   Thumb Code     4  memseta.o(.text)
    __aeabi_memclr4                          0x080001cf   Thumb Code     0  memseta.o(.text)
    __aeabi_memclr8                          0x080001cf   Thumb Code     0  memseta.o(.text)
    _memset$wrapper                          0x080001d3   Thumb Code    18  memseta.o(.text)
    strstr                                   0x080001e5   Thumb Code    36  strstr.o(.text)
    strncpy                                  0x08000209   Thumb Code    24  strncpy.o(.text)
    strchr                                   0x08000221   Thumb Code    20  strchr.o(.text)
    strcmp                                   0x08000235   Thumb Code    28  strcmp.o(.text)
    atoi                                     0x08000251   Thumb Code    26  atoi.o(.text)
    __aeabi_dadd                             0x0800026b   Thumb Code   322  dadd.o(.text)
    __aeabi_dsub                             0x080003ad   Thumb Code     6  dadd.o(.text)
    __aeabi_drsub                            0x080003b3   Thumb Code     6  dadd.o(.text)
    __aeabi_dmul                             0x080003b9   Thumb Code   228  dmul.o(.text)
    __aeabi_ddiv                             0x0800049d   Thumb Code   222  ddiv.o(.text)
    __aeabi_ui2d                             0x0800057b   Thumb Code    26  dfltui.o(.text)
    __aeabi_f2d                              0x08000595   Thumb Code    38  f2d.o(.text)
    __aeabi_uidiv                            0x080005bb   Thumb Code     0  uidiv.o(.text)
    __aeabi_uidivmod                         0x080005bb   Thumb Code    44  uidiv.o(.text)
    __aeabi_uldivmod                         0x080005e7   Thumb Code    98  uldiv.o(.text)
    __aeabi_llsl                             0x08000649   Thumb Code    30  llshl.o(.text)
    _ll_shift_l                              0x08000649   Thumb Code     0  llshl.o(.text)
    __aeabi_llsr                             0x08000667   Thumb Code    32  llushr.o(.text)
    _ll_ushift_r                             0x08000667   Thumb Code     0  llushr.o(.text)
    __aeabi_lasr                             0x08000687   Thumb Code    36  llsshr.o(.text)
    _ll_sshift_r                             0x08000687   Thumb Code     0  llsshr.o(.text)
    __strtod_int                             0x080006e3   Thumb Code    90  strtod.o(.text)
    __strtof_int                             0x08000749   Thumb Code    26  strtof.o(.text)
    strtol                                   0x08000763   Thumb Code   112  strtol.o(.text)
    __I$use$fp                               0x080007d3   Thumb Code     0  iusefp.o(.text)
    _double_round                            0x080007d3   Thumb Code    30  depilogue.o(.text)
    _double_epilogue                         0x080007f1   Thumb Code   156  depilogue.o(.text)
    __aeabi_d2ulz                            0x0800088d   Thumb Code    48  dfixul.o(.text)
    __aeabi_cdrcmple                         0x080008bd   Thumb Code    48  cdrcmple.o(.text)
    __scatterload                            0x080008ed   Thumb Code    28  init.o(.text)
    __scatterload_rt2                        0x080008ed   Thumb Code     0  init.o(.text)
    __rt_ctype_table                         0x08000911   Thumb Code     4  ctype_o.o(.text)
    isspace                                  0x08000919   Thumb Code    18  isspace_o.o(.text)
    _scanf_real                              0x08000a55   Thumb Code     0  scanf_fp.o(.text)
    _scanf_really_real                       0x08000a55   Thumb Code   556  scanf_fp.o(.text)
    _sgetc                                   0x08000c8d   Thumb Code    30  _sgetc.o(.text)
    _sbackspace                              0x08000cab   Thumb Code    34  _sgetc.o(.text)
    _strtoul                                 0x08000ccd   Thumb Code   158  _strtoul.o(.text)
    _chval                                   0x08000d6b   Thumb Code    28  _chval.o(.text)
    __aeabi_ul2d                             0x08000d87   Thumb Code    24  dfltul.o(.text)
    __aeabi_cdcmpeq                          0x08000da1   Thumb Code     0  cdcmple.o(.text)
    __aeabi_cdcmple                          0x08000da1   Thumb Code    48  cdcmple.o(.text)
    __aeabi_d2f                              0x08000dd1   Thumb Code    56  d2f.o(.text)
    __fp_status                              0x08000e09   Thumb Code     4  fpstat.o(.text)
    __ieee_status                            0x08000e09   Thumb Code     0  fpstat.o(.text)
    _float_round                             0x08000e0d   Thumb Code    18  fepilogue.o(.text)
    _float_epilogue                          0x08000e1f   Thumb Code    92  fepilogue.o(.text)
    ADC1_Init                                0x08000e7d   Thumb Code   222  adc1.o(i.ADC1_Init)
    ADC_Cmd                                  0x08000f65   Thumb Code    22  stm32f4xx_adc.o(i.ADC_Cmd)
    ADC_CommonInit                           0x08000f7d   Thumb Code    34  stm32f4xx_adc.o(i.ADC_CommonInit)
    ADC_DMACmd                               0x08000fad   Thumb Code    22  stm32f4xx_adc.o(i.ADC_DMACmd)
    ADC_DMARequestAfterLastTransferCmd       0x08000fc3   Thumb Code    22  stm32f4xx_adc.o(i.ADC_DMARequestAfterLastTransferCmd)
    ADC_Init                                 0x08000fd9   Thumb Code    74  stm32f4xx_adc.o(i.ADC_Init)
    ADC_RegularChannelConfig                 0x0800102d   Thumb Code   184  stm32f4xx_adc.o(i.ADC_RegularChannelConfig)
    ADC_SoftwareStartConv                    0x080010e5   Thumb Code    10  stm32f4xx_adc.o(i.ADC_SoftwareStartConv)
    ADC_TempSensorVrefintCmd                 0x080010f1   Thumb Code    34  stm32f4xx_adc.o(i.ADC_TempSensorVrefintCmd)
    Bluetooth_Init                           0x08001161   Thumb Code   146  bluetooth.o(i.Bluetooth_Init)
    Bluetooth_SetNum_f                       0x0800121d   Thumb Code   276  bluetooth.o(i.Bluetooth_SetNum_f)
    Bluetooth_UpdateBuf                      0x08001389   Thumb Code    30  bluetooth.o(i.Bluetooth_UpdateBuf)
    BusFault_Handler                         0x080013b5   Thumb Code     4  stm32f4xx_it.o(i.BusFault_Handler)
    Conveyor_GetPWM                          0x08001417   Thumb Code    38  swic.o(i.Conveyor_GetPWM)
    Conveyor_SetPWM                          0x0800143d   Thumb Code    14  swic.o(i.Conveyor_SetPWM)
    Conveyor_Start                           0x08001451   Thumb Code    14  swic.o(i.Conveyor_Start)
    Conveyor_Stop                            0x08001465   Thumb Code    14  swic.o(i.Conveyor_Stop)
    DMA1_Init                                0x08001479   Thumb Code   122  dma1.o(i.DMA1_Init)
    DMA1_Start                               0x08001501   Thumb Code    38  dma1.o(i.DMA1_Start)
    DMA2_ADC1_Init                           0x0800152d   Thumb Code   126  dma2.o(i.DMA2_ADC1_Init)
    DMA2_USART1_Init                         0x080015bd   Thumb Code   122  dma2.o(i.DMA2_USART1_Init)
    DMA2_USART1_Start                        0x08001645   Thumb Code    38  dma2.o(i.DMA2_USART1_Start)
    DMA_ClearFlag                            0x08001671   Thumb Code    38  stm32f4xx_dma.o(i.DMA_ClearFlag)
    DMA_Cmd                                  0x080016a5   Thumb Code    22  stm32f4xx_dma.o(i.DMA_Cmd)
    DMA_DeInit                               0x080016bd   Thumb Code   324  stm32f4xx_dma.o(i.DMA_DeInit)
    DMA_GetCmdStatus                         0x08001815   Thumb Code    20  stm32f4xx_dma.o(i.DMA_GetCmdStatus)
    DMA_GetCurrDataCounter                   0x08001829   Thumb Code     8  stm32f4xx_dma.o(i.DMA_GetCurrDataCounter)
    DMA_Init                                 0x08001831   Thumb Code    82  stm32f4xx_dma.o(i.DMA_Init)
    DMA_SetCurrDataCounter                   0x08001889   Thumb Code     4  stm32f4xx_dma.o(i.DMA_SetCurrDataCounter)
    DebugMon_Handler                         0x0800188d   Thumb Code     2  stm32f4xx_it.o(i.DebugMon_Handler)
    GPIO_Init                                0x0800188f   Thumb Code   144  stm32f4xx_gpio.o(i.GPIO_Init)
    GPIO_PinAFConfig                         0x0800191f   Thumb Code    70  stm32f4xx_gpio.o(i.GPIO_PinAFConfig)
    GPIO_ReadInputDataBit                    0x08001965   Thumb Code    18  stm32f4xx_gpio.o(i.GPIO_ReadInputDataBit)
    GPIO_ReadOutputDataBit                   0x08001977   Thumb Code    18  stm32f4xx_gpio.o(i.GPIO_ReadOutputDataBit)
    GPIO_ResetBits                           0x08001989   Thumb Code     4  stm32f4xx_gpio.o(i.GPIO_ResetBits)
    GPIO_SetBits                             0x0800198d   Thumb Code     4  stm32f4xx_gpio.o(i.GPIO_SetBits)
    HardFault_Handler                        0x08001991   Thumb Code     4  stm32f4xx_it.o(i.HardFault_Handler)
    LED_Init                                 0x080019b1   Thumb Code    54  led.o(i.LED_Init)
    LED_Turn                                 0x080019ed   Thumb Code    38  led.o(i.LED_Turn)
    Measure_GetOriVoltage                    0x08001a19   Thumb Code     6  measure.o(i.Measure_GetOriVoltage)
    Measure_GetVoltage                       0x08001a25   Thumb Code   168  measure.o(i.Measure_GetVoltage)
    Measure_Init                             0x08001afd   Thumb Code    12  measure.o(i.Measure_Init)
    MemManage_Handler                        0x08001b09   Thumb Code     4  stm32f4xx_it.o(i.MemManage_Handler)
    MotorLeft_GetRemotePWM                   0x08001b0d   Thumb Code   108  motor.o(i.MotorLeft_GetRemotePWM)
    MotorLeft_GetRemotePWM2                  0x08001b79   Thumb Code   134  motor.o(i.MotorLeft_GetRemotePWM2)
    MotorLeft_SetPWM                         0x08001c0d   Thumb Code    32  motor.o(i.MotorLeft_SetPWM)
    MotorRight_GetRemotePWM                  0x08001c31   Thumb Code   106  motor.o(i.MotorRight_GetRemotePWM)
    MotorRight_GetRemotePWM2                 0x08001c9d   Thumb Code   134  motor.o(i.MotorRight_GetRemotePWM2)
    MotorRight_SetPWM                        0x08001d31   Thumb Code    32  motor.o(i.MotorRight_SetPWM)
    MotorX_GetRemoteOriPWM                   0x08001d55   Thumb Code    14  motor.o(i.MotorX_GetRemoteOriPWM)
    MotorY_GetRemoteOriPWM                   0x08001d63   Thumb Code    14  motor.o(i.MotorY_GetRemoteOriPWM)
    Motor_Init                               0x08001d71   Thumb Code    12  motor.o(i.Motor_Init)
    Motor_Start                              0x08001d7d   Thumb Code    24  motor.o(i.Motor_Start)
    Motor_Stop                               0x08001d99   Thumb Code    36  motor.o(i.Motor_Stop)
    NMI_Handler                              0x08001dc1   Thumb Code     2  stm32f4xx_it.o(i.NMI_Handler)
    NVIC_Init                                0x08001dc5   Thumb Code   106  misc.o(i.NVIC_Init)
    NVIC_PriorityGroupConfig                 0x08001e3d   Thumb Code    10  misc.o(i.NVIC_PriorityGroupConfig)
    PendSV_Handler                           0x08001e51   Thumb Code     2  stm32f4xx_it.o(i.PendSV_Handler)
    Pump_GetPWM                              0x08001e53   Thumb Code    38  swic.o(i.Pump_GetPWM)
    Pump_SetPWM                              0x08001e79   Thumb Code    14  swic.o(i.Pump_SetPWM)
    Pump_Start                               0x08001e8d   Thumb Code    14  swic.o(i.Pump_Start)
    Pump_Stop                                0x08001ea1   Thumb Code    14  swic.o(i.Pump_Stop)
    PushrodLeft_SetPWM                       0x08001eb5   Thumb Code    14  pushrod.o(i.PushrodLeft_SetPWM)
    PushrodRight_SetPWM                      0x08001ec9   Thumb Code    14  pushrod.o(i.PushrodRight_SetPWM)
    Pushrod_GetRemoteOriPWM                  0x08001edd   Thumb Code    26  pushrod.o(i.Pushrod_GetRemoteOriPWM)
    Pushrod_GetRemotePWM                     0x08001efd   Thumb Code    12  pushrod.o(i.Pushrod_GetRemotePWM)
    Pushrod_Init                             0x08001f09   Thumb Code    12  pushrod.o(i.Pushrod_Init)
    Pushrod_Start                            0x08001f15   Thumb Code    24  pushrod.o(i.Pushrod_Start)
    Pushrod_Stop                             0x08001f31   Thumb Code    24  pushrod.o(i.Pushrod_Stop)
    RCC_AHB1PeriphClockCmd                   0x08001f4d   Thumb Code    26  stm32f4xx_rcc.o(i.RCC_AHB1PeriphClockCmd)
    RCC_APB1PeriphClockCmd                   0x08001f6d   Thumb Code    26  stm32f4xx_rcc.o(i.RCC_APB1PeriphClockCmd)
    RCC_APB2PeriphClockCmd                   0x08001f8d   Thumb Code    26  stm32f4xx_rcc.o(i.RCC_APB2PeriphClockCmd)
    RCC_APB2PeriphResetCmd                   0x08001fad   Thumb Code    26  stm32f4xx_rcc.o(i.RCC_APB2PeriphResetCmd)
    RCC_GetClocksFreq                        0x08001fcd   Thumb Code   214  stm32f4xx_rcc.o(i.RCC_GetClocksFreq)
    SVC_Handler                              0x080020b5   Thumb Code     2  stm32f4xx_it.o(i.SVC_Handler)
    SWIC1_GetRemoteOriPWM                    0x080020b9   Thumb Code    10  swic.o(i.SWIC1_GetRemoteOriPWM)
    SWIC2_GetRemoteOriPWM                    0x080020c9   Thumb Code    10  swic.o(i.SWIC2_GetRemoteOriPWM)
    SWIC3_GetRemoteOriPWM                    0x080020d9   Thumb Code    10  swic.o(i.SWIC3_GetRemoteOriPWM)
    SWIC4_GetRemoteOriPWM                    0x080020e9   Thumb Code    10  swic.o(i.SWIC4_GetRemoteOriPWM)
    SWIC_GetRemoteState                      0x080020f9   Thumb Code    74  swic.o(i.SWIC_GetRemoteState)
    SWIC_Init                                0x08002155   Thumb Code    12  swic.o(i.SWIC_Init)
    ServoLeft_SetPWM                         0x08002161   Thumb Code    30  servo.o(i.ServoLeft_SetPWM)
    ServoRight_SetPWM                        0x08002185   Thumb Code    30  servo.o(i.ServoRight_SetPWM)
    Servo_GetRemoteOriPWM                    0x080021a9   Thumb Code    10  servo.o(i.Servo_GetRemoteOriPWM)
    Servo_GetRemotePWM                       0x080021b9   Thumb Code    70  servo.o(i.Servo_GetRemotePWM)
    Servo_Init                               0x08002209   Thumb Code    12  servo.o(i.Servo_Init)
    Servo_Reset                              0x08002215   Thumb Code    24  servo.o(i.Servo_Reset)
    Servo_Start                              0x08002231   Thumb Code    24  servo.o(i.Servo_Start)
    SysTick_Handler                          0x08002339   Thumb Code     2  stm32f4xx_it.o(i.SysTick_Handler)
    SystemInit                               0x0800233d   Thumb Code    88  system_stm32f4xx.o(i.SystemInit)
    TIM1_Init                                0x080024c9   Thumb Code   280  tim1.o(i.TIM1_Init)
    TIM2_IRQHandler                          0x080025ed   Thumb Code    32  tim2.o(i.TIM2_IRQHandler)
    TIM2_Init                                0x0800260d   Thumb Code   340  tim2.o(i.TIM2_Init)
    TIM3_IRQHandler                          0x08002769   Thumb Code    30  tim3.o(i.TIM3_IRQHandler)
    TIM3_Init                                0x0800278d   Thumb Code   310  tim3.o(i.TIM3_Init)
    TIM4_IRQHandler                          0x080028cd   Thumb Code    30  tim4.o(i.TIM4_IRQHandler)
    TIM4_Init                                0x080028f1   Thumb Code   312  tim4.o(i.TIM4_Init)
    TIM5_IRQHandler                          0x08002a31   Thumb Code    30  tim5.o(i.TIM5_IRQHandler)
    TIM5_Init                                0x08002a55   Thumb Code   308  tim5.o(i.TIM5_Init)
    TIM8_Init                                0x08002b91   Thumb Code   282  tim8.o(i.TIM8_Init)
    TIM8_UP_TIM13_IRQHandler                 0x08002cb5   Thumb Code    76  tim8.o(i.TIM8_UP_TIM13_IRQHandler)
    TIM_ARRPreloadConfig                     0x08002d11   Thumb Code    24  stm32f4xx_tim.o(i.TIM_ARRPreloadConfig)
    TIM_CCxCmd                               0x08002d29   Thumb Code    30  stm32f4xx_tim.o(i.TIM_CCxCmd)
    TIM_ClearFlag                            0x08002d47   Thumb Code     6  stm32f4xx_tim.o(i.TIM_ClearFlag)
    TIM_Cmd                                  0x08002d4d   Thumb Code    24  stm32f4xx_tim.o(i.TIM_Cmd)
    TIM_CtrlPWMOutputs                       0x08002d65   Thumb Code    30  stm32f4xx_tim.o(i.TIM_CtrlPWMOutputs)
    TIM_GetCapture2                          0x08002d83   Thumb Code     6  stm32f4xx_tim.o(i.TIM_GetCapture2)
    TIM_GetCapture4                          0x08002d89   Thumb Code     6  stm32f4xx_tim.o(i.TIM_GetCapture4)
    TIM_GetFlagStatus                        0x08002d8f   Thumb Code    18  stm32f4xx_tim.o(i.TIM_GetFlagStatus)
    TIM_ICInit                               0x08002da1   Thumb Code   110  stm32f4xx_tim.o(i.TIM_ICInit)
    TIM_ITConfig                             0x08002e0f   Thumb Code    18  stm32f4xx_tim.o(i.TIM_ITConfig)
    TIM_InternalClockConfig                  0x08002e21   Thumb Code    12  stm32f4xx_tim.o(i.TIM_InternalClockConfig)
    TIM_OC1Init                              0x08002e2d   Thumb Code   114  stm32f4xx_tim.o(i.TIM_OC1Init)
    TIM_OC1PreloadConfig                     0x08002ea9   Thumb Code    18  stm32f4xx_tim.o(i.TIM_OC1PreloadConfig)
    TIM_OC2Init                              0x08002ebd   Thumb Code   154  stm32f4xx_tim.o(i.TIM_OC2Init)
    TIM_OC2PreloadConfig                     0x08002f61   Thumb Code    26  stm32f4xx_tim.o(i.TIM_OC2PreloadConfig)
    TIM_OC3Init                              0x08002f7d   Thumb Code   150  stm32f4xx_tim.o(i.TIM_OC3Init)
    TIM_OC3PreloadConfig                     0x0800301d   Thumb Code    18  stm32f4xx_tim.o(i.TIM_OC3PreloadConfig)
    TIM_OC4Init                              0x08003031   Thumb Code   112  stm32f4xx_tim.o(i.TIM_OC4Init)
    TIM_OC4PreloadConfig                     0x080030a9   Thumb Code    26  stm32f4xx_tim.o(i.TIM_OC4PreloadConfig)
    TIM_PWMIConfig                           0x080030c3   Thumb Code   124  stm32f4xx_tim.o(i.TIM_PWMIConfig)
    TIM_SelectInputTrigger                   0x0800313f   Thumb Code    18  stm32f4xx_tim.o(i.TIM_SelectInputTrigger)
    TIM_SelectSlaveMode                      0x08003151   Thumb Code    18  stm32f4xx_tim.o(i.TIM_SelectSlaveMode)
    TIM_SetCompare1                          0x08003163   Thumb Code     4  stm32f4xx_tim.o(i.TIM_SetCompare1)
    TIM_SetCompare2                          0x08003167   Thumb Code     4  stm32f4xx_tim.o(i.TIM_SetCompare2)
    TIM_SetCompare3                          0x0800316b   Thumb Code     4  stm32f4xx_tim.o(i.TIM_SetCompare3)
    TIM_SetCompare4                          0x0800316f   Thumb Code     4  stm32f4xx_tim.o(i.TIM_SetCompare4)
    TIM_SetCounter                           0x08003173   Thumb Code     4  stm32f4xx_tim.o(i.TIM_SetCounter)
    TIM_SetIC1Prescaler                      0x08003177   Thumb Code    18  stm32f4xx_tim.o(i.TIM_SetIC1Prescaler)
    TIM_SetIC2Prescaler                      0x08003189   Thumb Code    26  stm32f4xx_tim.o(i.TIM_SetIC2Prescaler)
    TIM_SetIC3Prescaler                      0x080031a3   Thumb Code    18  stm32f4xx_tim.o(i.TIM_SetIC3Prescaler)
    TIM_SetIC4Prescaler                      0x080031b5   Thumb Code    26  stm32f4xx_tim.o(i.TIM_SetIC4Prescaler)
    TIM_TimeBaseInit                         0x080031d1   Thumb Code   104  stm32f4xx_tim.o(i.TIM_TimeBaseInit)
    USART1_Config                            0x08003255   Thumb Code   186  usart1.o(i.USART1_Config)
    USART1_IRQHandler                        0x08003319   Thumb Code    10  usart1.o(i.USART1_IRQHandler)
    USART1_SetIRQHandler                     0x08003329   Thumb Code     6  usart1.o(i.USART1_SetIRQHandler)
    USART3_Config                            0x08003335   Thumb Code   190  usart3.o(i.USART3_Config)
    USART3_IRQHandler                        0x080033fd   Thumb Code    10  usart3.o(i.USART3_IRQHandler)
    USART3_SetHandler                        0x0800340d   Thumb Code     6  usart3.o(i.USART3_SetHandler)
    USART_ClearITPendingBit                  0x08003419   Thumb Code    30  stm32f4xx_usart.o(i.USART_ClearITPendingBit)
    USART_Cmd                                0x08003437   Thumb Code    24  stm32f4xx_usart.o(i.USART_Cmd)
    USART_DMACmd                             0x0800344f   Thumb Code    18  stm32f4xx_usart.o(i.USART_DMACmd)
    USART_DMA_GetInfo                        0x08003461   Thumb Code    72  usart_dma.o(i.USART_DMA_GetInfo)
    USART_DMA_Init                           0x08003525   Thumb Code    28  usart_dma.o(i.USART_DMA_Init)
    USART_DMA_SendString                     0x08003549   Thumb Code    14  usart_dma.o(i.USART_DMA_SendString)
    USART_DMA_UpdateBuf                      0x0800355d   Thumb Code    30  usart_dma.o(i.USART_DMA_UpdateBuf)
    USART_GetFlagStatus                      0x08003589   Thumb Code    26  stm32f4xx_usart.o(i.USART_GetFlagStatus)
    USART_GetITStatus                        0x080035a3   Thumb Code    84  stm32f4xx_usart.o(i.USART_GetITStatus)
    USART_ITConfig                           0x080035f7   Thumb Code    74  stm32f4xx_usart.o(i.USART_ITConfig)
    USART_Init                               0x08003641   Thumb Code   204  stm32f4xx_usart.o(i.USART_Init)
    USART_SendData                           0x08003715   Thumb Code     8  stm32f4xx_usart.o(i.USART_SendData)
    UsageFault_Handler                       0x0800371d   Thumb Code     4  stm32f4xx_it.o(i.UsageFault_Handler)
    Usart_SendString                         0x08003721   Thumb Code    56  usart1.o(i.Usart_SendString)
    __0printf                                0x08003759   Thumb Code    22  printfa.o(i.__0printf)
    __1printf                                0x08003759   Thumb Code     0  printfa.o(i.__0printf)
    __2printf                                0x08003759   Thumb Code     0  printfa.o(i.__0printf)
    __c89printf                              0x08003759   Thumb Code     0  printfa.o(i.__0printf)
    printf                                   0x08003759   Thumb Code     0  printfa.o(i.__0printf)
    __0sprintf                               0x08003779   Thumb Code    34  printfa.o(i.__0sprintf)
    __1sprintf                               0x08003779   Thumb Code     0  printfa.o(i.__0sprintf)
    __2sprintf                               0x08003779   Thumb Code     0  printfa.o(i.__0sprintf)
    __c89sprintf                             0x08003779   Thumb Code     0  printfa.o(i.__0sprintf)
    sprintf                                  0x08003779   Thumb Code     0  printfa.o(i.__0sprintf)
    __aeabi_errno_addr                       0x080037a1   Thumb Code     4  errno.o(i.__aeabi_errno_addr)
    __rt_errno_addr                          0x080037a1   Thumb Code     0  errno.o(i.__aeabi_errno_addr)
    __hardfp___mathlib_tofloat               0x080037a9   Thumb Code   232  narrow.o(i.__hardfp___mathlib_tofloat)
    __hardfp_strtof                          0x080038a1   Thumb Code    26  strtof.o(i.__hardfp_strtof)
    __mathlib_narrow                         0x080038c1   Thumb Code    18  narrow.o(i.__mathlib_narrow)
    __scatterload_copy                       0x080038d3   Thumb Code    14  handlers.o(i.__scatterload_copy)
    __scatterload_null                       0x080038e1   Thumb Code     2  handlers.o(i.__scatterload_null)
    __scatterload_zeroinit                   0x080038e3   Thumb Code    14  handlers.o(i.__scatterload_zeroinit)
    __set_errno                              0x080038f1   Thumb Code     6  errno.o(i.__set_errno)
    _is_digit                                0x08003a81   Thumb Code    14  scanf_fp.o(i._is_digit)
    fputc                                    0x080041c9   Thumb Code    32  usart3.o(i.fputc)
    frexp                                    0x080041f1   Thumb Code   118  frexp.o(i.frexp)
    main                                     0x0800427d   Thumb Code   414  main.o(i.main)
    test                                     0x08004431   Thumb Code    94  main.o(i.test)
    __ctype_table                            0x08004498   Data         129  ctype_o.o(.constdata)
    Region$$Table$$Base                      0x08004570   Number         0  anon$$obj.o(Region$$Table)
    Region$$Table$$Limit                     0x08004590   Number         0  anon$$obj.o(Region$$Table)
    len                                      0x20000010   Data           1  bluetooth.o(.data)
    USART1_Handler                           0x20000060   Data           4  usart1.o(.data)
    ready_send_server                        0x20000064   Data           1  tim8.o(.data)
    IRQHandler                               0x20000070   Data           4  usart3.o(.data)
    Datas                                    0x20000074   Data         100  dma1.o(.data)
    TempDatas_ADC1                           0x200000d8   Data           6  dma2.o(.data)
    __stdout                                 0x200000e0   Data           4  stdout.o(.data)
    string                                   0x200001b0   Data         100  usart_dma.o(.bss)
    Datas2                                   0x200002dc   Data         100  dma2.o(.bss)
    mypid                                    0x20000340   Data          36  main.o(.bss)
    __initial_sp                             0x20000768   Data           0  startup_stm32f40_41xxx.o(STACK)



==============================================================================

Memory Map of the image

  Image Entry point : 0x0800019d

  Load Region LR_1 (Base: 0x08000000, Size: 0x00004678, Max: 0xffffffff, ABSOLUTE)

    Execution Region ER_RO (Exec base: 0x08000000, Load base: 0x08000000, Size: 0x00004590, Max: 0xffffffff, ABSOLUTE)

    Exec Addr    Load Addr    Size         Type   Attr      Idx    E Section Name        Object

    0x08000000   0x08000000   0x00000188   Data   RO            3    RESET               startup_stm32f40_41xxx.o
    0x08000188   0x08000188   0x00000000   Code   RO         6475  * .ARM.Collect$$$$00000000  mc_w.l(entry.o)
    0x08000188   0x08000188   0x00000004   Code   RO         6771    .ARM.Collect$$$$00000001  mc_w.l(entry2.o)
    0x0800018c   0x0800018c   0x00000004   Code   RO         6774    .ARM.Collect$$$$00000004  mc_w.l(entry5.o)
    0x08000190   0x08000190   0x00000000   Code   RO         6776    .ARM.Collect$$$$00000008  mc_w.l(entry7b.o)
    0x08000190   0x08000190   0x00000000   Code   RO         6778    .ARM.Collect$$$$0000000A  mc_w.l(entry8b.o)
    0x08000190   0x08000190   0x00000008   Code   RO         6779    .ARM.Collect$$$$0000000B  mc_w.l(entry9a.o)
    0x08000198   0x08000198   0x00000000   Code   RO         6781    .ARM.Collect$$$$0000000D  mc_w.l(entry10a.o)
    0x08000198   0x08000198   0x00000000   Code   RO         6783    .ARM.Collect$$$$0000000F  mc_w.l(entry11a.o)
    0x08000198   0x08000198   0x00000004   Code   RO         6772    .ARM.Collect$$$$00002712  mc_w.l(entry2.o)
    0x0800019c   0x0800019c   0x00000024   Code   RO            4  * .text               startup_stm32f40_41xxx.o
    0x080001c0   0x080001c0   0x00000024   Code   RO         6478    .text               mc_w.l(memseta.o)
    0x080001e4   0x080001e4   0x00000024   Code   RO         6480    .text               mc_w.l(strstr.o)
    0x08000208   0x08000208   0x00000018   Code   RO         6482    .text               mc_w.l(strncpy.o)
    0x08000220   0x08000220   0x00000014   Code   RO         6484    .text               mc_w.l(strchr.o)
    0x08000234   0x08000234   0x0000001c   Code   RO         6486    .text               mc_w.l(strcmp.o)
    0x08000250   0x08000250   0x0000001a   Code   RO         6755    .text               mc_w.l(atoi.o)
    0x0800026a   0x0800026a   0x0000014e   Code   RO         6757    .text               mf_w.l(dadd.o)
    0x080003b8   0x080003b8   0x000000e4   Code   RO         6759    .text               mf_w.l(dmul.o)
    0x0800049c   0x0800049c   0x000000de   Code   RO         6761    .text               mf_w.l(ddiv.o)
    0x0800057a   0x0800057a   0x0000001a   Code   RO         6765    .text               mf_w.l(dfltui.o)
    0x08000594   0x08000594   0x00000026   Code   RO         6769    .text               mf_w.l(f2d.o)
    0x080005ba   0x080005ba   0x0000002c   Code   RO         6786    .text               mc_w.l(uidiv.o)
    0x080005e6   0x080005e6   0x00000062   Code   RO         6788    .text               mc_w.l(uldiv.o)
    0x08000648   0x08000648   0x0000001e   Code   RO         6790    .text               mc_w.l(llshl.o)
    0x08000666   0x08000666   0x00000020   Code   RO         6792    .text               mc_w.l(llushr.o)
    0x08000686   0x08000686   0x00000024   Code   RO         6794    .text               mc_w.l(llsshr.o)
    0x080006aa   0x080006aa   0x00000002   PAD
    0x080006ac   0x080006ac   0x0000009c   Code   RO         6803    .text               mc_w.l(strtod.o)
    0x08000748   0x08000748   0x0000001a   Code   RO         6805    .text               mc_w.l(strtof.o)
    0x08000762   0x08000762   0x00000070   Code   RO         6807    .text               mc_w.l(strtol.o)
    0x080007d2   0x080007d2   0x00000000   Code   RO         6809    .text               mc_w.l(iusefp.o)
    0x080007d2   0x080007d2   0x000000ba   Code   RO         6810    .text               mf_w.l(depilogue.o)
    0x0800088c   0x0800088c   0x00000030   Code   RO         6812    .text               mf_w.l(dfixul.o)
    0x080008bc   0x080008bc   0x00000030   Code   RO         6814    .text               mf_w.l(cdrcmple.o)
    0x080008ec   0x080008ec   0x00000024   Code   RO         6824    .text               mc_w.l(init.o)
    0x08000910   0x08000910   0x00000008   Code   RO         6828    .text               mc_w.l(ctype_o.o)
    0x08000918   0x08000918   0x00000012   Code   RO         6850    .text               mc_w.l(isspace_o.o)
    0x0800092a   0x0800092a   0x00000002   PAD
    0x0800092c   0x0800092c   0x00000360   Code   RO         6856    .text               mc_w.l(scanf_fp.o)
    0x08000c8c   0x08000c8c   0x00000040   Code   RO         6860    .text               mc_w.l(_sgetc.o)
    0x08000ccc   0x08000ccc   0x0000009e   Code   RO         6862    .text               mc_w.l(_strtoul.o)
    0x08000d6a   0x08000d6a   0x0000001c   Code   RO         6873    .text               mc_w.l(_chval.o)
    0x08000d86   0x08000d86   0x00000018   Code   RO         6875    .text               mf_w.l(dfltul.o)
    0x08000d9e   0x08000d9e   0x00000002   PAD
    0x08000da0   0x08000da0   0x00000030   Code   RO         6877    .text               mf_w.l(cdcmple.o)
    0x08000dd0   0x08000dd0   0x00000038   Code   RO         6879    .text               mf_w.l(d2f.o)
    0x08000e08   0x08000e08   0x00000004   Code   RO         6881    .text               mf_w.l(fpstat.o)
    0x08000e0c   0x08000e0c   0x0000006e   Code   RO         6883    .text               mf_w.l(fepilogue.o)
    0x08000e7a   0x08000e7a   0x00000002   PAD
    0x08000e7c   0x08000e7c   0x000000e8   Code   RO         6306    i.ADC1_Init         adc1.o
    0x08000f64   0x08000f64   0x00000016   Code   RO          226    i.ADC_Cmd           stm32f4xx_adc.o
    0x08000f7a   0x08000f7a   0x00000002   PAD
    0x08000f7c   0x08000f7c   0x00000030   Code   RO          227    i.ADC_CommonInit    stm32f4xx_adc.o
    0x08000fac   0x08000fac   0x00000016   Code   RO          230    i.ADC_DMACmd        stm32f4xx_adc.o
    0x08000fc2   0x08000fc2   0x00000016   Code   RO          231    i.ADC_DMARequestAfterLastTransferCmd  stm32f4xx_adc.o
    0x08000fd8   0x08000fd8   0x00000054   Code   RO          246    i.ADC_Init          stm32f4xx_adc.o
    0x0800102c   0x0800102c   0x000000b8   Code   RO          251    i.ADC_RegularChannelConfig  stm32f4xx_adc.o
    0x080010e4   0x080010e4   0x0000000a   Code   RO          253    i.ADC_SoftwareStartConv  stm32f4xx_adc.o
    0x080010ee   0x080010ee   0x00000002   PAD
    0x080010f0   0x080010f0   0x0000002c   Code   RO          256    i.ADC_TempSensorVrefintCmd  stm32f4xx_adc.o
    0x0800111c   0x0800111c   0x00000044   Code   RO         5534    i.Bluetooth_IRQHandler  bluetooth.o
    0x08001160   0x08001160   0x000000bc   Code   RO         5535    i.Bluetooth_Init    bluetooth.o
    0x0800121c   0x0800121c   0x0000016c   Code   RO         5539    i.Bluetooth_SetNum_f  bluetooth.o
    0x08001388   0x08001388   0x0000002c   Code   RO         5540    i.Bluetooth_UpdateBuf  bluetooth.o
    0x080013b4   0x080013b4   0x00000004   Code   RO         6394    i.BusFault_Handler  stm32f4xx_it.o
    0x080013b8   0x080013b8   0x0000005e   Code   RO         6330    i.Controller_Config  main.o
    0x08001416   0x08001416   0x00000026   Code   RO         5422    i.Conveyor_GetPWM   swic.o
    0x0800143c   0x0800143c   0x00000014   Code   RO         5423    i.Conveyor_SetPWM   swic.o
    0x08001450   0x08001450   0x00000014   Code   RO         5424    i.Conveyor_Start    swic.o
    0x08001464   0x08001464   0x00000014   Code   RO         5425    i.Conveyor_Stop     swic.o
    0x08001478   0x08001478   0x00000088   Code   RO         6223    i.DMA1_Init         dma1.o
    0x08001500   0x08001500   0x0000002c   Code   RO         6224    i.DMA1_Start        dma1.o
    0x0800152c   0x0800152c   0x00000090   Code   RO         6258    i.DMA2_ADC1_Init    dma2.o
    0x080015bc   0x080015bc   0x00000088   Code   RO         6260    i.DMA2_USART1_Init  dma2.o
    0x08001644   0x08001644   0x0000002c   Code   RO         6261    i.DMA2_USART1_Start  dma2.o
    0x08001670   0x08001670   0x00000034   Code   RO         1163    i.DMA_ClearFlag     stm32f4xx_dma.o
    0x080016a4   0x080016a4   0x00000016   Code   RO         1165    i.DMA_Cmd           stm32f4xx_dma.o
    0x080016ba   0x080016ba   0x00000002   PAD
    0x080016bc   0x080016bc   0x00000158   Code   RO         1166    i.DMA_DeInit        stm32f4xx_dma.o
    0x08001814   0x08001814   0x00000014   Code   RO         1170    i.DMA_GetCmdStatus  stm32f4xx_dma.o
    0x08001828   0x08001828   0x00000008   Code   RO         1171    i.DMA_GetCurrDataCounter  stm32f4xx_dma.o
    0x08001830   0x08001830   0x00000058   Code   RO         1177    i.DMA_Init          stm32f4xx_dma.o
    0x08001888   0x08001888   0x00000004   Code   RO         1180    i.DMA_SetCurrDataCounter  stm32f4xx_dma.o
    0x0800188c   0x0800188c   0x00000002   Code   RO         6395    i.DebugMon_Handler  stm32f4xx_it.o
    0x0800188e   0x0800188e   0x00000090   Code   RO         1899    i.GPIO_Init         stm32f4xx_gpio.o
    0x0800191e   0x0800191e   0x00000046   Code   RO         1900    i.GPIO_PinAFConfig  stm32f4xx_gpio.o
    0x08001964   0x08001964   0x00000012   Code   RO         1903    i.GPIO_ReadInputDataBit  stm32f4xx_gpio.o
    0x08001976   0x08001976   0x00000012   Code   RO         1905    i.GPIO_ReadOutputDataBit  stm32f4xx_gpio.o
    0x08001988   0x08001988   0x00000004   Code   RO         1906    i.GPIO_ResetBits    stm32f4xx_gpio.o
    0x0800198c   0x0800198c   0x00000004   Code   RO         1907    i.GPIO_SetBits      stm32f4xx_gpio.o
    0x08001990   0x08001990   0x00000004   Code   RO         6396    i.HardFault_Handler  stm32f4xx_it.o
    0x08001994   0x08001994   0x0000001c   Code   RO         5541    i.IsConnected       bluetooth.o
    0x080019b0   0x080019b0   0x0000003c   Code   RO         4906    i.LED_Init          led.o
    0x080019ec   0x080019ec   0x0000002c   Code   RO         4909    i.LED_Turn          led.o
    0x08001a18   0x08001a18   0x0000000c   Code   RO         5740    i.Measure_GetOriVoltage  measure.o
    0x08001a24   0x08001a24   0x000000d8   Code   RO         5744    i.Measure_GetVoltage  measure.o
    0x08001afc   0x08001afc   0x0000000c   Code   RO         5746    i.Measure_Init      measure.o
    0x08001b08   0x08001b08   0x00000004   Code   RO         6397    i.MemManage_Handler  stm32f4xx_it.o
    0x08001b0c   0x08001b0c   0x0000006c   Code   RO         5161    i.MotorLeft_GetRemotePWM  motor.o
    0x08001b78   0x08001b78   0x00000094   Code   RO         5162    i.MotorLeft_GetRemotePWM2  motor.o
    0x08001c0c   0x08001c0c   0x00000024   Code   RO         5163    i.MotorLeft_SetPWM  motor.o
    0x08001c30   0x08001c30   0x0000006a   Code   RO         5164    i.MotorRight_GetRemotePWM  motor.o
    0x08001c9a   0x08001c9a   0x00000002   PAD
    0x08001c9c   0x08001c9c   0x00000094   Code   RO         5165    i.MotorRight_GetRemotePWM2  motor.o
    0x08001d30   0x08001d30   0x00000024   Code   RO         5166    i.MotorRight_SetPWM  motor.o
    0x08001d54   0x08001d54   0x0000000e   Code   RO         5167    i.MotorX_GetRemoteOriPWM  motor.o
    0x08001d62   0x08001d62   0x0000000e   Code   RO         5168    i.MotorY_GetRemoteOriPWM  motor.o
    0x08001d70   0x08001d70   0x0000000c   Code   RO         5169    i.Motor_Init        motor.o
    0x08001d7c   0x08001d7c   0x0000001c   Code   RO         5170    i.Motor_Start       motor.o
    0x08001d98   0x08001d98   0x00000028   Code   RO         5171    i.Motor_Stop        motor.o
    0x08001dc0   0x08001dc0   0x00000002   Code   RO         6398    i.NMI_Handler       stm32f4xx_it.o
    0x08001dc2   0x08001dc2   0x00000002   PAD
    0x08001dc4   0x08001dc4   0x00000078   Code   RO          150    i.NVIC_Init         misc.o
    0x08001e3c   0x08001e3c   0x00000014   Code   RO          151    i.NVIC_PriorityGroupConfig  misc.o
    0x08001e50   0x08001e50   0x00000002   Code   RO         6399    i.PendSV_Handler    stm32f4xx_it.o
    0x08001e52   0x08001e52   0x00000026   Code   RO         5426    i.Pump_GetPWM       swic.o
    0x08001e78   0x08001e78   0x00000014   Code   RO         5427    i.Pump_SetPWM       swic.o
    0x08001e8c   0x08001e8c   0x00000014   Code   RO         5428    i.Pump_Start        swic.o
    0x08001ea0   0x08001ea0   0x00000014   Code   RO         5429    i.Pump_Stop         swic.o
    0x08001eb4   0x08001eb4   0x00000014   Code   RO         5255    i.PushrodLeft_SetPWM  pushrod.o
    0x08001ec8   0x08001ec8   0x00000014   Code   RO         5256    i.PushrodRight_SetPWM  pushrod.o
    0x08001edc   0x08001edc   0x00000020   Code   RO         5257    i.Pushrod_GetRemoteOriPWM  pushrod.o
    0x08001efc   0x08001efc   0x0000000c   Code   RO         5258    i.Pushrod_GetRemotePWM  pushrod.o
    0x08001f08   0x08001f08   0x0000000c   Code   RO         5259    i.Pushrod_Init      pushrod.o
    0x08001f14   0x08001f14   0x0000001c   Code   RO         5260    i.Pushrod_Start     pushrod.o
    0x08001f30   0x08001f30   0x0000001c   Code   RO         5261    i.Pushrod_Stop      pushrod.o
    0x08001f4c   0x08001f4c   0x00000020   Code   RO         2763    i.RCC_AHB1PeriphClockCmd  stm32f4xx_rcc.o
    0x08001f6c   0x08001f6c   0x00000020   Code   RO         2772    i.RCC_APB1PeriphClockCmd  stm32f4xx_rcc.o
    0x08001f8c   0x08001f8c   0x00000020   Code   RO         2775    i.RCC_APB2PeriphClockCmd  stm32f4xx_rcc.o
    0x08001fac   0x08001fac   0x00000020   Code   RO         2777    i.RCC_APB2PeriphResetCmd  stm32f4xx_rcc.o
    0x08001fcc   0x08001fcc   0x000000e8   Code   RO         2784    i.RCC_GetClocksFreq  stm32f4xx_rcc.o
    0x080020b4   0x080020b4   0x00000002   Code   RO         6400    i.SVC_Handler       stm32f4xx_it.o
    0x080020b6   0x080020b6   0x00000002   PAD
    0x080020b8   0x080020b8   0x00000010   Code   RO         5430    i.SWIC1_GetRemoteOriPWM  swic.o
    0x080020c8   0x080020c8   0x00000010   Code   RO         5431    i.SWIC2_GetRemoteOriPWM  swic.o
    0x080020d8   0x080020d8   0x00000010   Code   RO         5432    i.SWIC3_GetRemoteOriPWM  swic.o
    0x080020e8   0x080020e8   0x00000010   Code   RO         5433    i.SWIC4_GetRemoteOriPWM  swic.o
    0x080020f8   0x080020f8   0x0000005c   Code   RO         5434    i.SWIC_GetRemoteState  swic.o
    0x08002154   0x08002154   0x0000000c   Code   RO         5435    i.SWIC_Init         swic.o
    0x08002160   0x08002160   0x00000024   Code   RO         5076    i.ServoLeft_SetPWM  servo.o
    0x08002184   0x08002184   0x00000024   Code   RO         5077    i.ServoRight_SetPWM  servo.o
    0x080021a8   0x080021a8   0x00000010   Code   RO         5078    i.Servo_GetRemoteOriPWM  servo.o
    0x080021b8   0x080021b8   0x00000050   Code   RO         5079    i.Servo_GetRemotePWM  servo.o
    0x08002208   0x08002208   0x0000000c   Code   RO         5080    i.Servo_Init        servo.o
    0x08002214   0x08002214   0x0000001c   Code   RO         5081    i.Servo_Reset       servo.o
    0x08002230   0x08002230   0x0000001c   Code   RO         5082    i.Servo_Start       servo.o
    0x0800224c   0x0800224c   0x000000ec   Code   RO           12    i.SetSysClock       system_stm32f4xx.o
    0x08002338   0x08002338   0x00000002   Code   RO         6401    i.SysTick_Handler   stm32f4xx_it.o
    0x0800233a   0x0800233a   0x00000002   PAD
    0x0800233c   0x0800233c   0x00000068   Code   RO           14    i.SystemInit        system_stm32f4xx.o
    0x080023a4   0x080023a4   0x0000003a   Code   RO         4094    i.TI1_Config        stm32f4xx_tim.o
    0x080023de   0x080023de   0x00000050   Code   RO         4095    i.TI2_Config        stm32f4xx_tim.o
    0x0800242e   0x0800242e   0x00000048   Code   RO         4096    i.TI3_Config        stm32f4xx_tim.o
    0x08002476   0x08002476   0x00000050   Code   RO         4097    i.TI4_Config        stm32f4xx_tim.o
    0x080024c6   0x080024c6   0x00000002   PAD
    0x080024c8   0x080024c8   0x00000124   Code   RO         6011    i.TIM1_Init         tim1.o
    0x080025ec   0x080025ec   0x00000020   Code   RO         5847    i.TIM2_IRQHandler   tim2.o
    0x0800260c   0x0800260c   0x0000015c   Code   RO         5848    i.TIM2_Init         tim2.o
    0x08002768   0x08002768   0x00000024   Code   RO         5924    i.TIM3_IRQHandler   tim3.o
    0x0800278c   0x0800278c   0x00000140   Code   RO         5925    i.TIM3_Init         tim3.o
    0x080028cc   0x080028cc   0x00000024   Code   RO         5982    i.TIM4_IRQHandler   tim4.o
    0x080028f0   0x080028f0   0x00000140   Code   RO         5983    i.TIM4_Init         tim4.o
    0x08002a30   0x08002a30   0x00000024   Code   RO         5953    i.TIM5_IRQHandler   tim5.o
    0x08002a54   0x08002a54   0x0000013c   Code   RO         5954    i.TIM5_Init         tim5.o
    0x08002b90   0x08002b90   0x00000124   Code   RO         6034    i.TIM8_Init         tim8.o
    0x08002cb4   0x08002cb4   0x0000005c   Code   RO         6035    i.TIM8_UP_TIM13_IRQHandler  tim8.o
    0x08002d10   0x08002d10   0x00000018   Code   RO         4098    i.TIM_ARRPreloadConfig  stm32f4xx_tim.o
    0x08002d28   0x08002d28   0x0000001e   Code   RO         4102    i.TIM_CCxCmd        stm32f4xx_tim.o
    0x08002d46   0x08002d46   0x00000006   Code   RO         4104    i.TIM_ClearFlag     stm32f4xx_tim.o
    0x08002d4c   0x08002d4c   0x00000018   Code   RO         4110    i.TIM_Cmd           stm32f4xx_tim.o
    0x08002d64   0x08002d64   0x0000001e   Code   RO         4112    i.TIM_CtrlPWMOutputs  stm32f4xx_tim.o
    0x08002d82   0x08002d82   0x00000006   Code   RO         4126    i.TIM_GetCapture2   stm32f4xx_tim.o
    0x08002d88   0x08002d88   0x00000006   Code   RO         4128    i.TIM_GetCapture4   stm32f4xx_tim.o
    0x08002d8e   0x08002d8e   0x00000012   Code   RO         4130    i.TIM_GetFlagStatus  stm32f4xx_tim.o
    0x08002da0   0x08002da0   0x0000006e   Code   RO         4133    i.TIM_ICInit        stm32f4xx_tim.o
    0x08002e0e   0x08002e0e   0x00000012   Code   RO         4135    i.TIM_ITConfig      stm32f4xx_tim.o
    0x08002e20   0x08002e20   0x0000000c   Code   RO         4137    i.TIM_InternalClockConfig  stm32f4xx_tim.o
    0x08002e2c   0x08002e2c   0x0000007c   Code   RO         4139    i.TIM_OC1Init       stm32f4xx_tim.o
    0x08002ea8   0x08002ea8   0x00000012   Code   RO         4142    i.TIM_OC1PreloadConfig  stm32f4xx_tim.o
    0x08002eba   0x08002eba   0x00000002   PAD
    0x08002ebc   0x08002ebc   0x000000a4   Code   RO         4144    i.TIM_OC2Init       stm32f4xx_tim.o
    0x08002f60   0x08002f60   0x0000001a   Code   RO         4147    i.TIM_OC2PreloadConfig  stm32f4xx_tim.o
    0x08002f7a   0x08002f7a   0x00000002   PAD
    0x08002f7c   0x08002f7c   0x000000a0   Code   RO         4149    i.TIM_OC3Init       stm32f4xx_tim.o
    0x0800301c   0x0800301c   0x00000012   Code   RO         4152    i.TIM_OC3PreloadConfig  stm32f4xx_tim.o
    0x0800302e   0x0800302e   0x00000002   PAD
    0x08003030   0x08003030   0x00000078   Code   RO         4154    i.TIM_OC4Init       stm32f4xx_tim.o
    0x080030a8   0x080030a8   0x0000001a   Code   RO         4156    i.TIM_OC4PreloadConfig  stm32f4xx_tim.o
    0x080030c2   0x080030c2   0x0000007c   Code   RO         4158    i.TIM_PWMIConfig    stm32f4xx_tim.o
    0x0800313e   0x0800313e   0x00000012   Code   RO         4164    i.TIM_SelectInputTrigger  stm32f4xx_tim.o
    0x08003150   0x08003150   0x00000012   Code   RO         4169    i.TIM_SelectSlaveMode  stm32f4xx_tim.o
    0x08003162   0x08003162   0x00000004   Code   RO         4172    i.TIM_SetCompare1   stm32f4xx_tim.o
    0x08003166   0x08003166   0x00000004   Code   RO         4173    i.TIM_SetCompare2   stm32f4xx_tim.o
    0x0800316a   0x0800316a   0x00000004   Code   RO         4174    i.TIM_SetCompare3   stm32f4xx_tim.o
    0x0800316e   0x0800316e   0x00000004   Code   RO         4175    i.TIM_SetCompare4   stm32f4xx_tim.o
    0x08003172   0x08003172   0x00000004   Code   RO         4176    i.TIM_SetCounter    stm32f4xx_tim.o
    0x08003176   0x08003176   0x00000012   Code   RO         4177    i.TIM_SetIC1Prescaler  stm32f4xx_tim.o
    0x08003188   0x08003188   0x0000001a   Code   RO         4178    i.TIM_SetIC2Prescaler  stm32f4xx_tim.o
    0x080031a2   0x080031a2   0x00000012   Code   RO         4179    i.TIM_SetIC3Prescaler  stm32f4xx_tim.o
    0x080031b4   0x080031b4   0x0000001a   Code   RO         4180    i.TIM_SetIC4Prescaler  stm32f4xx_tim.o
    0x080031ce   0x080031ce   0x00000002   PAD
    0x080031d0   0x080031d0   0x00000084   Code   RO         4182    i.TIM_TimeBaseInit  stm32f4xx_tim.o
    0x08003254   0x08003254   0x000000c4   Code   RO         5876    i.USART1_Config     usart1.o
    0x08003318   0x08003318   0x00000010   Code   RO         5877    i.USART1_IRQHandler  usart1.o
    0x08003328   0x08003328   0x0000000c   Code   RO         5878    i.USART1_SetIRQHandler  usart1.o
    0x08003334   0x08003334   0x000000c8   Code   RO         6069    i.USART3_Config     usart3.o
    0x080033fc   0x080033fc   0x00000010   Code   RO         6070    i.USART3_IRQHandler  usart3.o
    0x0800340c   0x0800340c   0x0000000c   Code   RO         6071    i.USART3_SetHandler  usart3.o
    0x08003418   0x08003418   0x0000001e   Code   RO         4657    i.USART_ClearITPendingBit  stm32f4xx_usart.o
    0x08003436   0x08003436   0x00000018   Code   RO         4660    i.USART_Cmd         stm32f4xx_usart.o
    0x0800344e   0x0800344e   0x00000012   Code   RO         4661    i.USART_DMACmd      stm32f4xx_usart.o
    0x08003460   0x08003460   0x00000060   Code   RO         5651    i.USART_DMA_GetInfo  usart_dma.o
    0x080034c0   0x080034c0   0x00000064   Code   RO         5652    i.USART_DMA_IRQHandler  usart_dma.o
    0x08003524   0x08003524   0x00000024   Code   RO         5653    i.USART_DMA_Init    usart_dma.o
    0x08003548   0x08003548   0x00000014   Code   RO         5654    i.USART_DMA_SendString  usart_dma.o
    0x0800355c   0x0800355c   0x0000002c   Code   RO         5659    i.USART_DMA_UpdateBuf  usart_dma.o
    0x08003588   0x08003588   0x0000001a   Code   RO         4663    i.USART_GetFlagStatus  stm32f4xx_usart.o
    0x080035a2   0x080035a2   0x00000054   Code   RO         4664    i.USART_GetITStatus  stm32f4xx_usart.o
    0x080035f6   0x080035f6   0x0000004a   Code   RO         4666    i.USART_ITConfig    stm32f4xx_usart.o
    0x08003640   0x08003640   0x000000d4   Code   RO         4667    i.USART_Init        stm32f4xx_usart.o
    0x08003714   0x08003714   0x00000008   Code   RO         4677    i.USART_SendData    stm32f4xx_usart.o
    0x0800371c   0x0800371c   0x00000004   Code   RO         6402    i.UsageFault_Handler  stm32f4xx_it.o
    0x08003720   0x08003720   0x00000038   Code   RO         5879    i.Usart_SendString  usart1.o
    0x08003758   0x08003758   0x00000020   Code   RO         6727    i.__0printf         mc_w.l(printfa.o)
    0x08003778   0x08003778   0x00000028   Code   RO         6729    i.__0sprintf        mc_w.l(printfa.o)
    0x080037a0   0x080037a0   0x00000008   Code   RO         6796    i.__aeabi_errno_addr  mc_w.l(errno.o)
    0x080037a8   0x080037a8   0x000000f8   Code   RO         6816    i.__hardfp___mathlib_tofloat  m_wm.l(narrow.o)
    0x080038a0   0x080038a0   0x00000020   Code   RO         6469    i.__hardfp_strtof   m_wm.l(strtof.o)
    0x080038c0   0x080038c0   0x00000012   Code   RO         6817    i.__mathlib_narrow  m_wm.l(narrow.o)
    0x080038d2   0x080038d2   0x0000000e   Code   RO         6887    i.__scatterload_copy  mc_w.l(handlers.o)
    0x080038e0   0x080038e0   0x00000002   Code   RO         6888    i.__scatterload_null  mc_w.l(handlers.o)
    0x080038e2   0x080038e2   0x0000000e   Code   RO         6889    i.__scatterload_zeroinit  mc_w.l(handlers.o)
    0x080038f0   0x080038f0   0x0000000c   Code   RO         6798    i.__set_errno       mc_w.l(errno.o)
    0x080038fc   0x080038fc   0x00000184   Code   RO         6734    i._fp_digits        mc_w.l(printfa.o)
    0x08003a80   0x08003a80   0x0000000e   Code   RO         6858    i._is_digit         mc_w.l(scanf_fp.o)
    0x08003a8e   0x08003a8e   0x00000002   PAD
    0x08003a90   0x08003a90   0x000006dc   Code   RO         6735    i._printf_core      mc_w.l(printfa.o)
    0x0800416c   0x0800416c   0x00000024   Code   RO         6736    i._printf_post_padding  mc_w.l(printfa.o)
    0x08004190   0x08004190   0x0000002e   Code   RO         6737    i._printf_pre_padding  mc_w.l(printfa.o)
    0x080041be   0x080041be   0x0000000a   Code   RO         6739    i._sputc            mc_w.l(printfa.o)
    0x080041c8   0x080041c8   0x00000024   Code   RO         6073    i.fputc             usart3.o
    0x080041ec   0x080041ec   0x00000004   PAD
    0x080041f0   0x080041f0   0x0000008c   Code   RO         6866    i.frexp             m_wm.l(frexp.o)
    0x0800427c   0x0800427c   0x000001b4   Code   RO         6331    i.main              main.o
    0x08004430   0x08004430   0x00000068   Code   RO         6332    i.test              main.o
    0x08004498   0x08004498   0x00000081   Data   RO         6829    .constdata          mc_w.l(ctype_o.o)
    0x08004519   0x08004519   0x00000003   PAD
    0x0800451c   0x0800451c   0x00000004   Data   RO         6830    .constdata          mc_w.l(ctype_o.o)
    0x08004520   0x08004520   0x0000004e   Data   RO         5544    .conststring        bluetooth.o
    0x0800456e   0x0800456e   0x00000002   PAD
    0x08004570   0x08004570   0x00000020   Data   RO         6885    Region$$Table       anon$$obj.o


    Execution Region ER_RW (Exec base: 0x20000000, Load base: 0x08004590, Size: 0x000000e8, Max: 0xffffffff, ABSOLUTE)

    Exec Addr    Load Addr    Size         Type   Attr      Idx    E Section Name        Object

    0x20000000   0x08004590   0x00000010   Data   RW         2816    .data               stm32f4xx_rcc.o
    0x20000010   0x080045a0   0x0000000c   Data   RW         5545    .data               bluetooth.o
    0x2000001c   0x080045ac   0x00000008   Data   RW         5663    .data               usart_dma.o
    0x20000024   0x080045b4   0x00000004   PAD
    0x20000028   0x080045b8   0x00000038   Data   RW         5748    .data               measure.o
    0x20000060   0x080045f0   0x00000004   Data   RW         5880    .data               usart1.o
    0x20000064   0x080045f4   0x0000000c   Data   RW         6036    .data               tim8.o
    0x20000070   0x08004600   0x00000004   Data   RW         6074    .data               usart3.o
    0x20000074   0x08004604   0x00000064   Data   RW         6225    .data               dma1.o
    0x200000d8   0x08004668   0x00000006   Data   RW         6263    .data               dma2.o
    0x200000de   0x0800466e   0x00000002   PAD
    0x200000e0   0x08004670   0x00000004   Data   RW         6785    .data               mc_w.l(stdout.o)
    0x200000e4   0x08004674   0x00000004   Data   RW         6799    .data               mc_w.l(errno.o)


    Execution Region ER_ZI (Exec base: 0x200000e8, Load base: 0x08004678, Size: 0x00000680, Max: 0xffffffff, ABSOLUTE)

    Exec Addr    Load Addr    Size         Type   Attr      Idx    E Section Name        Object

    0x200000e8        -       0x000000c8   Zero   RW         5542    .bss                bluetooth.o
    0x200001b0        -       0x0000012c   Zero   RW         5660    .bss                usart_dma.o
    0x200002dc        -       0x00000064   Zero   RW         6262    .bss                dma2.o
    0x20000340        -       0x00000024   Zero   RW         6333    .bss                main.o
    0x20000364   0x08004678   0x00000004   PAD
    0x20000368        -       0x00000400   Zero   RW            1    STACK               startup_stm32f40_41xxx.o


==============================================================================

Image component sizes


      Code (inc. data)   RO Data    RW Data    ZI Data      Debug   Object Name

       232         10          0          0          0        740   adc1.o
       692        162         78         12        200       5897   bluetooth.o
       180         20          0        100          0       1817   dma1.o
       324         38          0          6        100       2620   dma2.o
       104         12          0          0          0       1062   led.o
       634         32          0          0         36       5706   main.o
       240         54          0         56          0       4021   measure.o
       140         24          0          0          0     244707   misc.o
       690         44          0          0          0       8145   motor.o
       152         26          0          0          0     286262   pushrod.o
       236         36          0          0          0       3885   servo.o
        36          8        392          0       1024        888   startup_stm32f40_41xxx.o
       436         34          0          0          0       6326   stm32f4xx_adc.o
       538         40          0          0          0       5711   stm32f4xx_dma.o
       258          0          0          0          0       4388   stm32f4xx_gpio.o
        26          0          0          0          0       4454   stm32f4xx_it.o
       360         42          0         16          0       5424   stm32f4xx_rcc.o
      1630         66          0          0          0      24233   stm32f4xx_tim.o
       476          8          0          0          0       6450   stm32f4xx_usart.o
       364         78          0          0          0       7788   swic.o
       340         32          0          0          0      66781   system_stm32f4xx.o
       292         12          0          0          0        768   tim1.o
       380          8          0          0          0       1370   tim2.o
       356         16          0          0          0       1350   tim3.o
       356         14          0          0          0       1354   tim4.o
       352         14          0          0          0       1354   tim5.o
       384         26          0         12          0       1679   tim8.o
       280         22          0          4          0       3167   usart1.o
       264         26          0          4          0     245249   usart3.o
       296         78          0          8        300       6051   usart_dma.o

    ----------------------------------------------------------------------
     11076        986        504        224       1664     959647   Object Totals
         0          0         32          0          0          0   (incl. Generated)
        28          4          2          6          4          0   (incl. Padding)

    ----------------------------------------------------------------------

      Code (inc. data)   RO Data    RW Data    ZI Data      Debug   Library Member Name

       140         22          0          0          0        132   frexp.o
       266         16          0          0          0        308   narrow.o
        32          6          0          0          0        124   strtof.o
        28          0          0          0          0         68   _chval.o
        64          0          0          0          0         84   _sgetc.o
       158          0          0          0          0         92   _strtoul.o
        26          0          0          0          0         80   atoi.o
         8          4        133          0          0         68   ctype_o.o
         0          0          0          0          0          0   entry.o
         0          0          0          0          0          0   entry10a.o
         0          0          0          0          0          0   entry11a.o
         8          4          0          0          0          0   entry2.o
         4          0          0          0          0          0   entry5.o
         0          0          0          0          0          0   entry7b.o
         0          0          0          0          0          0   entry8b.o
         8          4          0          0          0          0   entry9a.o
        20         10          0          4          0        136   errno.o
        30          0          0          0          0          0   handlers.o
        36          8          0          0          0         68   init.o
        18          0          0          0          0         76   isspace_o.o
         0          0          0          0          0          0   iusefp.o
        30          0          0          0          0         68   llshl.o
        36          0          0          0          0         68   llsshr.o
        32          0          0          0          0         68   llushr.o
        36          0          0          0          0        108   memseta.o
      2308         96          0          0          0        604   printfa.o
       878         12          0          0          0        216   scanf_fp.o
         0          0          0          4          0          0   stdout.o
        20          0          0          0          0         68   strchr.o
        28          0          0          0          0         76   strcmp.o
        24          0          0          0          0         76   strncpy.o
        36          0          0          0          0         80   strstr.o
       156         12          0          0          0        120   strtod.o
        26          0          0          0          0         80   strtof.o
       112          0          0          0          0         88   strtol.o
        44          0          0          0          0         80   uidiv.o
        98          0          0          0          0         92   uldiv.o
        48          0          0          0          0         68   cdcmple.o
        48          0          0          0          0         68   cdrcmple.o
        56          0          0          0          0         88   d2f.o
       334          0          0          0          0        148   dadd.o
       222          0          0          0          0        100   ddiv.o
       186          0          0          0          0        176   depilogue.o
        48          0          0          0          0         68   dfixul.o
        26          0          0          0          0         76   dfltui.o
        24          0          0          0          0         76   dfltul.o
       228          0          0          0          0         96   dmul.o
        38          0          0          0          0         68   f2d.o
       110          0          0          0          0        168   fepilogue.o
         4          0          0          0          0         68   fpstat.o

    ----------------------------------------------------------------------
      6092        194        136          8          0       4396   Library Totals
        10          0          3          0          0          0   (incl. Padding)

    ----------------------------------------------------------------------

      Code (inc. data)   RO Data    RW Data    ZI Data      Debug   Library Name

       438         44          0          0          0        564   m_wm.l
      4272        150        133          8          0       2564   mc_w.l
      1372          0          0          0          0       1268   mf_w.l

    ----------------------------------------------------------------------
      6092        194        136          8          0       4396   Library Totals

    ----------------------------------------------------------------------

==============================================================================


      Code (inc. data)   RO Data    RW Data    ZI Data      Debug   

     17168       1180        640        232       1664     945867   Grand Totals
     17168       1180        640        232       1664     945867   ELF Image Totals
     17168       1180        640        232          0          0   ROM Totals

==============================================================================

    Total RO  Size (Code + RO Data)                17808 (  17.39kB)
    Total RW  Size (RW Data + ZI Data)              1896 (   1.85kB)
    Total ROM Size (Code + RO Data + RW Data)      18040 (  17.62kB)

==============================================================================

